<html>
<body>
<pre>
<h1>礦ision Build Log</h1>
<h2>Tool Versions:</h2>
IDE-Version: μVision V5.28.0.0
Copyright (C) 2019 ARM Ltd and ARM Germany GmbH. All rights reserved.
License Information: 1 1, 1, LIC=HN0AE-5GPVB-IIM5V-PI9UX-PI1FB-BN5ET
 
Tool Versions:
Toolchain:       MDK-ARM Plus  Version: 5.28.0.0
Toolchain Path:  C:\Keil_v5\ARM\ARMCC\Bin
C Compiler:      Armcc.exe V5.06 update 6 (build 750)
Assembler:       Armasm.exe V5.06 update 6 (build 750)
Linker/Locator:  ArmLink.exe V5.06 update 6 (build 750)
Library Manager: ArmAr.exe V5.06 update 6 (build 750)
Hex Converter:   FromElf.exe V5.06 update 6 (build 750)
CPU DLL:         SARMCM3.DLL V5.28.0.0
Dialog DLL:      DCM.DLL V1.17.3.0
Target DLL:      UL2CM3.DLL V1.162.16.0
Dialog DLL:      TCM.DLL V1.36.2.0
 
<h2>Project:</h2>
D:\毕设\greenhouse_stm32\stm32_usart3-mqttx透传\USER\Esp8266_Mqtt.uvprojx
Project File Date:  04/05/2023

<h2>Output:</h2>
*** Using Compiler 'V5.06 update 6 (build 750)', folder: 'C:\Keil_v5\ARM\ARMCC\Bin'
Rebuild target '工程'
compiling timer2.c...
compiling timer3.c...
compiling timer4.c...
compiling delay.c...
compiling led.c...
compiling control.c...
..\HARDWARE\src\control.c(77): warning:  #177-D: variable "dataLen"  was declared but never referenced
  	int   dataLen;     	  	    //报文长度	
..\HARDWARE\src\control.c(97): warning:  #177-D: variable "dataLen"  was declared but never referenced
  	int   dataLen;     	  	    //报文长度	
..\HARDWARE\src\control.c: 2 warnings, 0 errors
compiling ds18b20.c...
compiling usart1.c...
compiling mqtt.c...
..\HARDWARE\inc\oled.h(72): warning:  #1295-D: Deprecated declaration oled_dispaly - give arg types
  void oled_dispaly();
..\HARDWARE\src\mqtt.c(107): warning:  #167-D: argument of type "char *" is incompatible with parameter of type "u8 *"
  	OLED_ShowString(0,0,Buf,16);
..\HARDWARE\src\mqtt.c(109): warning:  #167-D: argument of type "char *" is incompatible with parameter of type "u8 *"
  	OLED_ShowString(0,2,Buf,16);
..\HARDWARE\src\mqtt.c(111): warning:  #167-D: argument of type "char *" is incompatible with parameter of type "u8 *"
  	OLED_ShowString(0,4,Buf,16);
..\HARDWARE\src\mqtt.c: 4 warnings, 0 errors
compiling main.c...
..\HARDWARE\inc\step_motor.h(24): warning:  #1-D: last line of file ends without a newline
  #endif
..\HARDWARE\inc\oled.h(72): warning:  #1295-D: Deprecated declaration oled_dispaly - give arg types
  void oled_dispaly();
main.c: 2 warnings, 0 errors
compiling stm32f10x_it.c...
..\HARDWARE\inc\oled.h(72): warning:  #1295-D: Deprecated declaration oled_dispaly - give arg types
  void oled_dispaly();
..\HARDWARE\inc\step_motor.h(24): warning:  #1-D: last line of file ends without a newline
  #endif
..\HARDWARE\src\stm32f10x_it.c(421): warning:  #177-D: variable "oled_flag"  was declared but never referenced
  	u8 oled_flag = 0;
..\HARDWARE\src\stm32f10x_it.c(427): warning:  #177-D: variable "dataLen"  was declared but never referenced
  	int	dataLen = 0;			//报文长度
..\HARDWARE\src\stm32f10x_it.c: 4 warnings, 0 errors
compiling usart2.c...
compiling system.c...
compiling wifi.c...
compiling MQ-Sensor.c...
compiling timer5.c...
compiling dht11.c...
compiling usart3.c...
compiling lsens.c...
compiling adc.c...
compiling beep.c...
compiling relay.c...
assembling startup_stm32f10x_hd.s...
compiling timer6.c...
timer6.c(34): warning:  #1-D: last line of file ends without a newline
  }
timer6.c: 1 warning, 0 errors
compiling core_cm3.c...
compiling system_stm32f10x.c...
compiling stmflash.c...
compiling step_motor.c...
..\HARDWARE\inc\step_motor.h(24): warning:  #1-D: last line of file ends without a newline
  #endif
step_motor.c(96): warning:  #1-D: last line of file ends without a newline
  }
step_motor.c: 2 warnings, 0 errors
compiling oled.c...
..\HARDWARE\inc\oled.h(72): warning:  #1295-D: Deprecated declaration oled_dispaly - give arg types
  void oled_dispaly();
..\HARDWARE\src\oled.c: 1 warning, 0 errors
compiling misc.c...
compiling stm32f10x_rcc.c...
compiling stm32f10x_usart.c...
compiling stm32f10x_gpio.c...
compiling json.c...
json.c(15): warning:  #192-D: unrecognized character escape sequence
  				char *add4 = "\",\"msg\":\[";
json.c(20): warning:  #1-D: last line of file ends without a newline
  }
json.c: 2 warnings, 0 errors
compiling stm32f10x_tim.c...
compiling stm32f10x_dac.c...
compiling stm32f10x_adc.c...
compiling stm32f10x_flash.c...
compiling sys.c...
linking...
Program Size: Code=25824 RO-data=2956 RW-data=276 ZI-data=13756  
FromELF: creating hex file...
"..\OBJ\工程文件.axf" - 0 Error(s), 18 Warning(s).

<h2>Software Packages used:</h2>

Package Vendor: Keil
                http://www.keil.com/pack/Keil.STM32F1xx_DFP.1.0.5.pack
                Keil.STM32F1xx_DFP.1.0.5
                STMicroelectronics STM32F1 Series Device Support, Drivers and Examples

<h2>Collection of Component include folders:</h2>
  .\RTE\_____
  D:\keil 5\Keil\STM32F1xx_DFP\1.0.5\Device\Include

<h2>Collection of Component Files used:</h2>
Build Time Elapsed:  00:00:05
</pre>
</body>
</html>
