Component: ARM Compiler 5.06 update 6 (build 750) Tool: armlink [4d35ed]

==============================================================================

Section Cross References

    ds18b20.o(i.DS18B20_Check) refers to ds18b20.o(i.DS18B20_IO_IN) for DS18B20_IO_IN
    ds18b20.o(i.DS18B20_Check) refers to delay.o(i.DelayUs) for DelayUs
    ds18b20.o(i.DS18B20_GetTemperU16) refers to ds18b20.o(i.DS18B20_Start) for DS18B20_Start
    ds18b20.o(i.DS18B20_GetTemperU16) refers to ds18b20.o(i.DS18B20_Reset) for DS18B20_Reset
    ds18b20.o(i.DS18B20_GetTemperU16) refers to ds18b20.o(i.DS18B20_Check) for DS18B20_Check
    ds18b20.o(i.DS18B20_GetTemperU16) refers to ds18b20.o(i.DS18B20_Write_Byte) for DS18B20_Write_Byte
    ds18b20.o(i.DS18B20_GetTemperU16) refers to ds18b20.o(i.DS18B20_Read_Byte) for DS18B20_Read_Byte
    ds18b20.o(i.DS18B20_GetTemperture) refers to ds18b20.o(i.DS18B20_Start) for DS18B20_Start
    ds18b20.o(i.DS18B20_GetTemperture) refers to ds18b20.o(i.DS18B20_Reset) for DS18B20_Reset
    ds18b20.o(i.DS18B20_GetTemperture) refers to ds18b20.o(i.DS18B20_Check) for DS18B20_Check
    ds18b20.o(i.DS18B20_GetTemperture) refers to ds18b20.o(i.DS18B20_Write_Byte) for DS18B20_Write_Byte
    ds18b20.o(i.DS18B20_GetTemperture) refers to ds18b20.o(i.DS18B20_Read_Byte) for DS18B20_Read_Byte
    ds18b20.o(i.DS18B20_GetTemperture) refers to dfltui.o(.text) for __aeabi_ui2d
    ds18b20.o(i.DS18B20_GetTemperture) refers to dmul.o(.text) for __aeabi_dmul
    ds18b20.o(i.DS18B20_GetTemperture) refers to d2f.o(.text) for __aeabi_d2f
    ds18b20.o(i.DS18B20_IO_IN) refers to stm32f10x_gpio.o(i.GPIO_Init) for GPIO_Init
    ds18b20.o(i.DS18B20_IO_OUT) refers to stm32f10x_gpio.o(i.GPIO_Init) for GPIO_Init
    ds18b20.o(i.DS18B20_Init) refers to stm32f10x_rcc.o(i.RCC_APB2PeriphClockCmd) for RCC_APB2PeriphClockCmd
    ds18b20.o(i.DS18B20_Init) refers to stm32f10x_gpio.o(i.GPIO_Init) for GPIO_Init
    ds18b20.o(i.DS18B20_Init) refers to ds18b20.o(i.DS18B20_Reset) for DS18B20_Reset
    ds18b20.o(i.DS18B20_Init) refers to ds18b20.o(i.DS18B20_Check) for DS18B20_Check
    ds18b20.o(i.DS18B20_Read_Bit) refers to ds18b20.o(i.DS18B20_IO_OUT) for DS18B20_IO_OUT
    ds18b20.o(i.DS18B20_Read_Bit) refers to delay.o(i.DelayUs) for DelayUs
    ds18b20.o(i.DS18B20_Read_Bit) refers to ds18b20.o(i.DS18B20_IO_IN) for DS18B20_IO_IN
    ds18b20.o(i.DS18B20_Read_Byte) refers to ds18b20.o(i.DS18B20_Read_Bit) for DS18B20_Read_Bit
    ds18b20.o(i.DS18B20_Reset) refers to ds18b20.o(i.DS18B20_IO_OUT) for DS18B20_IO_OUT
    ds18b20.o(i.DS18B20_Reset) refers to delay.o(i.DelayUs) for DelayUs
    ds18b20.o(i.DS18B20_Start) refers to ds18b20.o(i.DS18B20_Reset) for DS18B20_Reset
    ds18b20.o(i.DS18B20_Start) refers to ds18b20.o(i.DS18B20_Check) for DS18B20_Check
    ds18b20.o(i.DS18B20_Start) refers to ds18b20.o(i.DS18B20_Write_Byte) for DS18B20_Write_Byte
    ds18b20.o(i.DS18B20_Write_Byte) refers to ds18b20.o(i.DS18B20_IO_OUT) for DS18B20_IO_OUT
    ds18b20.o(i.DS18B20_Write_Byte) refers to delay.o(i.DelayUs) for DelayUs
    main.o(i.main) refers to _scanf_int.o(.text) for _scanf_int
    main.o(i.main) refers to delay.o(i.Delay_Init) for Delay_Init
    main.o(i.main) refers to usart1.o(i.Usart1_Init) for Usart1_Init
    main.o(i.main) refers to usart2.o(i.Usart2_Init) for Usart2_Init
    main.o(i.main) refers to timer4.o(i.TIM4_Init) for TIM4_Init
    main.o(i.main) refers to led.o(i.LED_Init) for LED_Init
    main.o(i.main) refers to led.o(i.LED2_Init) for LED2_Init
    main.o(i.main) refers to beep.o(i.BEEP_Init) for BEEP_Init
    main.o(i.main) refers to lsens.o(i.Lsens_Init) for Lsens_Init
    main.o(i.main) refers to dht11.o(i.DHT11_Init) for DHT11_Init
    main.o(i.main) refers to relay.o(i.Relay_Init) for Relay_Init
    main.o(i.main) refers to relay.o(i.Relay2_Init) for Relay2_Init
    main.o(i.main) refers to relay.o(i.Fans_Init) for Fans_Init
    main.o(i.main) refers to adc.o(i.Adc_Soil_Init) for Adc_Soil_Init
    main.o(i.main) refers to step_motor.o(i.STEP_MOTOR_Init) for STEP_MOTOR_Init
    main.o(i.main) refers to oled.o(i.OLED_Init) for OLED_Init
    main.o(i.main) refers to oled.o(i.OLED_Clear) for OLED_Clear
    main.o(i.main) refers to wifi.o(i.WiFi_EnableIO_Init) for WiFi_EnableIO_Init
    main.o(i.main) refers to wifi.o(i.WiFi_ResetIO_Init) for WiFi_ResetIO_Init
    main.o(i.main) refers to mqtt.o(i.IoT_Parameter_Init) for IoT_Parameter_Init
    main.o(i.main) refers to oled.o(i.OLED_ShowString) for OLED_ShowString
    main.o(i.main) refers to stmflash.o(i.STMFLASH_Read) for STMFLASH_Read
    main.o(i.main) refers to usart1.o(i.u1_printf) for u1_printf
    main.o(i.main) refers to __0sscanf.o(.text) for __0sscanf
    main.o(i.main) refers to usart2.o(i.u2_TxData) for u2_TxData
    main.o(i.main) refers to timer3.o(i.TIM3_ENABLE_30S) for TIM3_ENABLE_30S
    main.o(i.main) refers to control.o(i.Send_Status) for Send_Status
    main.o(i.main) refers to control.o(i.Send_Data) for Send_Data
[...]
    i.MemManage_Handler                      0x080022a0   Section        0  stm32f10x_it.o(i.MemManage_Handler)
    i.Myatoi                                 0x080022a2   Section        0  control.o(i.Myatoi)
    i.NMI_Handler                            0x080022c6   Section        0  stm32f10x_it.o(i.NMI_Handler)
    i.NVIC_Init                              0x080022c8   Section        0  misc.o(i.NVIC_Init)
    i.NVIC_PriorityGroupConfig               0x08002338   Section        0  misc.o(i.NVIC_PriorityGroupConfig)
    i.OLED_Clear                             0x0800234c   Section        0  oled.o(i.OLED_Clear)
    i.OLED_Clear_Part                        0x0800238a   Section        0  oled.o(i.OLED_Clear_Part)
    i.OLED_Init                              0x080023d8   Section        0  oled.o(i.OLED_Init)
    i.OLED_Set_Pos                           0x080024ec   Section        0  oled.o(i.OLED_Set_Pos)
    i.OLED_ShowChar                          0x08002514   Section        0  oled.o(i.OLED_ShowChar)
    i.OLED_ShowNum                           0x080025b8   Section        0  oled.o(i.OLED_ShowNum)
    i.OLED_ShowString                        0x08002640   Section        0  oled.o(i.OLED_ShowString)
    i.OLED_WR_Byte                           0x0800267a   Section        0  oled.o(i.OLED_WR_Byte)
    i.PendSV_Handler                         0x08002692   Section        0  stm32f10x_it.o(i.PendSV_Handler)
    i.RCC_ADCCLKConfig                       0x08002694   Section        0  stm32f10x_rcc.o(i.RCC_ADCCLKConfig)
    i.RCC_APB1PeriphClockCmd                 0x080026ac   Section        0  stm32f10x_rcc.o(i.RCC_APB1PeriphClockCmd)
    i.RCC_APB1PeriphResetCmd                 0x080026cc   Section        0  stm32f10x_rcc.o(i.RCC_APB1PeriphResetCmd)
    i.RCC_APB2PeriphClockCmd                 0x080026ec   Section        0  stm32f10x_rcc.o(i.RCC_APB2PeriphClockCmd)
    i.RCC_APB2PeriphResetCmd                 0x0800270c   Section        0  stm32f10x_rcc.o(i.RCC_APB2PeriphResetCmd)
    i.RCC_GetClocksFreq                      0x0800272c   Section        0  stm32f10x_rcc.o(i.RCC_GetClocksFreq)
    i.Relay2_Init                            0x08002800   Section        0  relay.o(i.Relay2_Init)
    i.Relay2_Off                             0x08002834   Section        0  relay.o(i.Relay2_Off)
    i.Relay2_On                              0x08002844   Section        0  relay.o(i.Relay2_On)
    i.Relay_Init                             0x08002854   Section        0  relay.o(i.Relay_Init)
    i.Relay_Off                              0x08002888   Section        0  relay.o(i.Relay_Off)
    i.Relay_On                               0x08002898   Section        0  relay.o(i.Relay_On)
    i.STEP_MOTOR_8A                          0x080028a8   Section        0  step_motor.o(i.STEP_MOTOR_8A)
    i.STEP_MOTOR_Init                        0x08002964   Section        0  step_motor.o(i.STEP_MOTOR_Init)
    i.STEP_MOTOR_LOOP                        0x080029d8   Section        0  step_motor.o(i.STEP_MOTOR_LOOP)
    i.STEP_MOTOR_NUM                         0x080029fc   Section        0  step_motor.o(i.STEP_MOTOR_NUM)
    i.STEP_MOTOR_OFF                         0x08002a58   Section        0  step_motor.o(i.STEP_MOTOR_OFF)
    i.STMFLASH_Read                          0x08002a68   Section        0  stmflash.o(i.STMFLASH_Read)
    i.STMFLASH_ReadHalfWord                  0x08002a8a   Section        0  stmflash.o(i.STMFLASH_ReadHalfWord)
    i.STMFLASH_Write                         0x08002a90   Section        0  stmflash.o(i.STMFLASH_Write)
    i.STMFLASH_Write_NoCheck                 0x08002b78   Section        0  stmflash.o(i.STMFLASH_Write_NoCheck)
    i.SVC_Handler                            0x08002b9e   Section        0  stm32f10x_it.o(i.SVC_Handler)
    i.Send_Data                              0x08002ba0   Section        0  control.o(i.Send_Data)
    i.Send_Status                            0x08002c88   Section        0  control.o(i.Send_Status)
    i.SetSysClock                            0x08002d30   Section        0  system_stm32f10x.o(i.SetSysClock)
    SetSysClock                              0x08002d31   Thumb Code     8  system_stm32f10x.o(i.SetSysClock)
    i.SetSysClockTo72                        0x08002d38   Section        0  system_stm32f10x.o(i.SetSysClockTo72)
    SetSysClockTo72                          0x08002d39   Thumb Code   214  system_stm32f10x.o(i.SetSysClockTo72)
    i.SysTick_CLKSourceConfig                0x08002e18   Section        0  misc.o(i.SysTick_CLKSourceConfig)
    i.SysTick_Handler                        0x08002e40   Section        0  stm32f10x_it.o(i.SysTick_Handler)
    i.SystemInit                             0x08002e44   Section        0  system_stm32f10x.o(i.SystemInit)
    i.TIM2_ENABLE_5S                         0x08002ea4   Section        0  timer2.o(i.TIM2_ENABLE_5S)
    i.TIM2_IRQHandler                        0x08002f1c   Section        0  stm32f10x_it.o(i.TIM2_IRQHandler)
    i.TIM3_ENABLE_2S                         0x080032f8   Section        0  timer3.o(i.TIM3_ENABLE_2S)
    i.TIM3_ENABLE_30S                        0x08003370   Section        0  timer3.o(i.TIM3_ENABLE_30S)
    i.TIM3_IRQHandler                        0x080033e8   Section        0  stm32f10x_it.o(i.TIM3_IRQHandler)
    i.TIM4_IRQHandler                        0x08003454   Section        0  stm32f10x_it.o(i.TIM4_IRQHandler)
    i.TIM4_Init                              0x080034ec   Section        0  timer4.o(i.TIM4_Init)
    i.TIM5_IRQHandler                        0x0800355c   Section        0  stm32f10x_it.o(i.TIM5_IRQHandler)
    i.TIM5_Init                              0x08003628   Section        0  timer5.o(i.TIM5_Init)
    i.TIM6_IRQHandler                        0x08003694   Section        0  stm32f10x_it.o(i.TIM6_IRQHandler)
    i.TIM6_Init                              0x08003d7c   Section        0  timer6.o(i.TIM6_Init)
    i.TIM_ClearITPendingBit                  0x08003de8   Section        0  stm32f10x_tim.o(i.TIM_ClearITPendingBit)
    i.TIM_Cmd                                0x08003dee   Section        0  stm32f10x_tim.o(i.TIM_Cmd)
    i.TIM_DeInit                             0x08003e08   Section        0  stm32f10x_tim.o(i.TIM_DeInit)
    i.TIM_GetFlagStatus                      0x08003ff0   Section        0  stm32f10x_tim.o(i.TIM_GetFlagStatus)
    i.TIM_GetITStatus                        0x08004002   Section        0  stm32f10x_tim.o(i.TIM_GetITStatus)
    i.TIM_ITConfig                           0x08004024   Section        0  stm32f10x_tim.o(i.TIM_ITConfig)
    i.TIM_SetCounter                         0x08004036   Section        0  stm32f10x_tim.o(i.TIM_SetCounter)
    i.TIM_TimeBaseInit                       0x0800403c   Section        0  stm32f10x_tim.o(i.TIM_TimeBaseInit)
    i.T_json                                 0x080040e0   Section        0  json.o(i.T_json)
    i.TxDataBuf_Deal                         0x08004158   Section        0  mqtt.o(i.TxDataBuf_Deal)
    i.USART2_IRQHandler                      0x080041bc   Section        0  stm32f10x_it.o(i.USART2_IRQHandler)
    i.USART_ClearFlag                        0x08004238   Section        0  stm32f10x_usart.o(i.USART_ClearFlag)
    i.USART_Cmd                              0x0800424a   Section        0  stm32f10x_usart.o(i.USART_Cmd)
    i.USART_DeInit                           0x08004264   Section        0  stm32f10x_usart.o(i.USART_DeInit)
    i.USART_GetITStatus                      0x08004300   Section        0  stm32f10x_usart.o(i.USART_GetITStatus)
    i.USART_ITConfig                         0x08004354   Section        0  stm32f10x_usart.o(i.USART_ITConfig)
    i.USART_Init                             0x080043a0   Section        0  stm32f10x_usart.o(i.USART_Init)
    i.UsageFault_Handler                     0x08004478   Section        0  stm32f10x_it.o(i.UsageFault_Handler)
    i.Usart1_Init                            0x0800447c   Section        0  usart1.o(i.Usart1_Init)
    i.Usart2_Init                            0x080044fc   Section        0  usart2.o(i.Usart2_Init)
    i.WiFi_Connect_IoTServer                 0x080045b4   Section        0  wifi.o(i.WiFi_Connect_IoTServer)
    i.WiFi_Connect_Server                    0x080048a4   Section        0  wifi.o(i.WiFi_Connect_Server)
    i.WiFi_EnableIO_Init                     0x080049f8   Section        0  wifi.o(i.WiFi_EnableIO_Init)
    i.WiFi_JoinAP                            0x08004a2c   Section        0  wifi.o(i.WiFi_JoinAP)
    i.WiFi_Reset                             0x08004ad4   Section        0  wifi.o(i.WiFi_Reset)
    i.WiFi_ResetIO_Init                      0x08004b44   Section        0  wifi.o(i.WiFi_ResetIO_Init)
    i.WiFi_SendCmd                           0x08004b78   Section        0  wifi.o(i.WiFi_SendCmd)
    i.Write_IIC_Byte                         0x08004bec   Section        0  oled.o(i.Write_IIC_Byte)
    i.Write_IIC_Command                      0x08004c40   Section        0  oled.o(i.Write_IIC_Command)
    i.Write_IIC_Data                         0x08004c6c   Section        0  oled.o(i.Write_IIC_Data)
    i.__0sprintf$3                           0x08004c98   Section        0  printf3.o(i.__0sprintf$3)
    i.__0vsprintf                            0x08004cc0   Section        0  printfa.o(i.__0vsprintf)
    i.__aeabi_errno_addr                     0x08004ce4   Section        0  errno.o(i.__aeabi_errno_addr)
    i.__scatterload_copy                     0x08004cec   Section       14  handlers.o(i.__scatterload_copy)
    i.__scatterload_null                     0x08004cfa   Section        2  handlers.o(i.__scatterload_null)
    i.__scatterload_zeroinit                 0x08004cfc   Section       14  handlers.o(i.__scatterload_zeroinit)
    i._fp_digits                             0x08004d0c   Section        0  printfa.o(i._fp_digits)
    _fp_digits                               0x08004d0d   Thumb Code   366  printfa.o(i._fp_digits)
    i._printf_core                           0x08004e90   Section        0  printf3.o(i._printf_core)
    _printf_core                             0x08004e91   Thumb Code   436  printf3.o(i._printf_core)
    i._printf_core                           0x08005048   Section        0  printfa.o(i._printf_core)
    _printf_core                             0x08005049   Thumb Code  1744  printfa.o(i._printf_core)
    i._printf_post_padding                   0x08005724   Section        0  printfa.o(i._printf_post_padding)
    _printf_post_padding                     0x08005725   Thumb Code    36  printfa.o(i._printf_post_padding)
    i._printf_pre_padding                    0x08005748   Section        0  printfa.o(i._printf_pre_padding)
    _printf_pre_padding                      0x08005749   Thumb Code    46  printfa.o(i._printf_pre_padding)
    i._sputc                                 0x08005776   Section        0  printf3.o(i._sputc)
    _sputc                                   0x08005777   Thumb Code    10  printf3.o(i._sputc)
    i._sputc                                 0x08005780   Section        0  printfa.o(i._sputc)
    _sputc                                   0x08005781   Thumb Code    10  printfa.o(i._sputc)
    i.main                                   0x0800578c   Section        0  main.o(i.main)
    i.oled_dispaly                           0x08006470   Section        0  oled.o(i.oled_dispaly)
    i.oled_pow                               0x080064d8   Section        0  oled.o(i.oled_pow)
    i.u1_printf                              0x080064f0   Section        0  usart1.o(i.u1_printf)
    i.u2_TxData                              0x0800654c   Section        0  usart2.o(i.u2_TxData)
    i.u2_printf                              0x080065b4   Section        0  usart2.o(i.u2_printf)
    .constdata                               0x08006610   Section     2072  oled.o(.constdata)
    .constdata                               0x08006e28   Section      129  ctype_o.o(.constdata)
    .constdata                               0x08006eac   Section        4  ctype_o.o(.constdata)
    table                                    0x08006eac   Data           4  ctype_o.o(.constdata)
    .conststring                             0x08006eb0   Section      161  main.o(.conststring)
    .conststring                             0x08006f54   Section      166  control.o(.conststring)
    .conststring                             0x08006ffc   Section       78  stm32f10x_it.o(.conststring)
    .data                                    0x20000000   Section      125  main.o(.data)
    .data                                    0x2000007e   Section        4  delay.o(.data)
    fac_us                                   0x2000007e   Data           1  delay.o(.data)
    fac_ms                                   0x20000080   Data           2  delay.o(.data)
    .data                                    0x20000084   Section       68  mqtt.o(.data)
    .data                                    0x200000c8   Section        8  stm32f10x_it.o(.data)
    .data                                    0x200000d0   Section        8  usart2.o(.data)
    .data                                    0x200000d8   Section        1  wifi.o(.data)
    .data                                    0x200000dc   Section        4  adc.o(.data)
    .data                                    0x200000e0   Section        1  step_motor.o(.data)
    .data                                    0x200000e4   Section       20  system_stm32f10x.o(.data)
    .data                                    0x200000f8   Section       20  stm32f10x_rcc.o(.data)
    APBAHBPrescTable                         0x200000f8   Data          16  stm32f10x_rcc.o(.data)
    ADCPrescTable                            0x20000108   Data           4  stm32f10x_rcc.o(.data)
    .data                                    0x2000010c   Section        4  strtok.o(.data)
    state                                    0x2000010c   Data           4  strtok.o(.data)
    .data                                    0x20000110   Section        4  errno.o(.data)
    _errno                                   0x20000110   Data           4  errno.o(.data)
    .bss                                     0x20000114   Section       12  main.o(.bss)
    .bss                                     0x20000120   Section     8332  mqtt.o(.bss)
    .bss                                     0x200021ac   Section       33  stm32f10x_it.o(.bss)
    .bss                                     0x200021d0   Section      256  usart1.o(.bss)
    .bss                                     0x200022d0   Section     2048  usart2.o(.bss)
    .bss                                     0x20002ad0   Section     2048  stmflash.o(.bss)
    STACK                                    0x200032d0   Section     1024  startup_stm32f10x_hd.o(STACK)

    Global Symbols

    Symbol Name                              Value     Ov Type        Size  Object(Section)

    BuildAttributes$$THM_ISAv4$P$D$K$B$S$PE$A:L22UL41UL21$X:L11$S22US41US21$IEEE1$IW$USESV6$~STKCKD$USESV7$~SHL$OTIME$ROPI$EBA8$MICROLIB$REQ8$PRES8$EABIv2 0x00000000   Number         0  anon$$obj.o ABSOLUTE
    __ARM_use_no_argv                        0x00000000   Number         0  main.o ABSOLUTE
    __use_no_errno                           0x00000000   Number         0  useno.o ABSOLUTE
    __use_no_exception_handling              0x00000000   Number         0  useno.o ABSOLUTE
    __use_no_fp                              0x00000000   Number         0  useno.o ABSOLUTE
    __use_no_heap                            0x00000000   Number         0  useno.o ABSOLUTE
    __use_no_heap_region                     0x00000000   Number         0  useno.o ABSOLUTE
    __use_no_semihosting                     0x00000000   Number         0  useno.o ABSOLUTE
    __use_no_semihosting_swi                 0x00000000   Number         0  useno.o ABSOLUTE
    __use_no_signal_handling                 0x00000000   Number         0  useno.o ABSOLUTE
    _printf_a                                0x00000000   Number         0  stubs.o ABSOLUTE
    _printf_c                                0x00000000   Number         0  stubs.o ABSOLUTE
    _printf_charcount                        0x00000000   Number         0  stubs.o ABSOLUTE
    _printf_d                                0x00000000   Number         0  stubs.o ABSOLUTE
    _printf_e                                0x00000000   Number         0  stubs.o ABSOLUTE
    _printf_f                                0x00000000   Number         0  stubs.o ABSOLUTE
    _printf_flags                            0x00000000   Number         0  stubs.o ABSOLUTE
    _printf_fp_dec                           0x00000000   Number         0  stubs.o ABSOLUTE
    _printf_fp_hex                           0x00000000   Number         0  stubs.o ABSOLUTE
    _printf_g                                0x00000000   Number         0  stubs.o ABSOLUTE
    _printf_i                                0x00000000   Number         0  stubs.o ABSOLUTE
    _printf_int_dec                          0x00000000   Number         0  stubs.o ABSOLUTE
    _printf_l                                0x00000000   Number         0  stubs.o ABSOLUTE
    _printf_lc                               0x00000000   Number         0  stubs.o ABSOLUTE
    _printf_ll                               0x00000000   Number         0  stubs.o ABSOLUTE
    _printf_lld                              0x00000000   Number         0  stubs.o ABSOLUTE
    _printf_lli                              0x00000000   Number         0  stubs.o ABSOLUTE
    _printf_llo                              0x00000000   Number         0  stubs.o ABSOLUTE
    _printf_llu                              0x00000000   Number         0  stubs.o ABSOLUTE
    _printf_llx                              0x00000000   Number         0  stubs.o ABSOLUTE
    _printf_longlong_dec                     0x00000000   Number         0  stubs.o ABSOLUTE
    _printf_longlong_hex                     0x00000000   Number         0  stubs.o ABSOLUTE
    _printf_longlong_oct                     0x00000000   Number         0  stubs.o ABSOLUTE
    _printf_ls                               0x00000000   Number         0  stubs.o ABSOLUTE
    _printf_mbtowc                           0x00000000   Number         0  stubs.o ABSOLUTE
    _printf_n                                0x00000000   Number         0  stubs.o ABSOLUTE
    _printf_o                                0x00000000   Number         0  stubs.o ABSOLUTE
    _printf_p                                0x00000000   Number         0  stubs.o ABSOLUTE
    _printf_percent                          0x00000000   Number         0  stubs.o ABSOLUTE
    _printf_pre_padding                      0x00000000   Number         0  stubs.o ABSOLUTE
    _printf_return_value                     0x00000000   Number         0  stubs.o ABSOLUTE
    _printf_s                                0x00000000   Number         0  stubs.o ABSOLUTE
    _printf_sizespec                         0x00000000   Number         0  stubs.o ABSOLUTE
    _printf_str                              0x00000000   Number         0  stubs.o ABSOLUTE
    _printf_truncate_signed                  0x00000000   Number         0  stubs.o ABSOLUTE
    _printf_truncate_unsigned                0x00000000   Number         0  stubs.o ABSOLUTE
    _printf_u                                0x00000000   Number         0  stubs.o ABSOLUTE
    _printf_wc                               0x00000000   Number         0  stubs.o ABSOLUTE
    _printf_wctomb                           0x00000000   Number         0  stubs.o ABSOLUTE
    _printf_widthprec                        0x00000000   Number         0  stubs.o ABSOLUTE
    _printf_x                                0x00000000   Number         0  stubs.o ABSOLUTE
    __cpp_initialize__aeabi_                  - Undefined Weak Reference
    __cxa_finalize                            - Undefined Weak Reference
    __decompress                              - Undefined Weak Reference
    _clock_init                               - Undefined Weak Reference
    _microlib_exit                            - Undefined Weak Reference
    _scanf_longlong                           - Undefined Weak Reference
    _scanf_real                               - Undefined Weak Reference
    _scanf_string                             - Undefined Weak Reference
    __Vectors_Size                           0x00000130   Number         0  startup_stm32f10x_hd.o ABSOLUTE
    __Vectors                                0x08000000   Data           4  startup_stm32f10x_hd.o(RESET)
    __Vectors_End                            0x08000130   Data           0  startup_stm32f10x_hd.o(RESET)
    __main                                   0x08000131   Thumb Code     0  entry.o(.ARM.Collect$$$$00000000)
    _main_stk                                0x08000131   Thumb Code     0  entry2.o(.ARM.Collect$$$$00000001)
    _main_scatterload                        0x08000135   Thumb Code     0  entry5.o(.ARM.Collect$$$$00000004)
    __main_after_scatterload                 0x08000139   Thumb Code     0  entry5.o(.ARM.Collect$$$$00000004)
    _main_clock                              0x08000139   Thumb Code     0  entry7b.o(.ARM.Collect$$$$00000008)
    _main_cpp_init                           0x08000139   Thumb Code     0  entry8b.o(.ARM.Collect$$$$0000000A)
    _main_init                               0x08000139   Thumb Code     0  entry9a.o(.ARM.Collect$$$$0000000B)
    __rt_final_cpp                           0x08000141   Thumb Code     0  entry10a.o(.ARM.Collect$$$$0000000D)
    __rt_final_exit                          0x08000141   Thumb Code     0  entry11a.o(.ARM.Collect$$$$0000000F)
    Reset_Handler                            0x08000145   Thumb Code     8  startup_stm32f10x_hd.o(.text)
    ADC1_2_IRQHandler                        0x0800015f   Thumb Code     0  startup_stm32f10x_hd.o(.text)
    ADC3_IRQHandler                          0x0800015f   Thumb Code     0  startup_stm32f10x_hd.o(.text)
    CAN1_RX1_IRQHandler                      0x0800015f   Thumb Code     0  startup_stm32f10x_hd.o(.text)
    CAN1_SCE_IRQHandler                      0x0800015f   Thumb Code     0  startup_stm32f10x_hd.o(.text)
    DMA1_Channel1_IRQHandler                 0x0800015f   Thumb Code     0  startup_stm32f10x_hd.o(.text)
    DMA1_Channel2_IRQHandler                 0x0800015f   Thumb Code     0  startup_stm32f10x_hd.o(.text)
    DMA1_Channel3_IRQHandler                 0x0800015f   Thumb Code     0  startup_stm32f10x_hd.o(.text)
    DMA1_Channel4_IRQHandler                 0x0800015f   Thumb Code     0  startup_stm32f10x_hd.o(.text)
    DMA1_Channel5_IRQHandler                 0x0800015f   Thumb Code     0  startup_stm32f10x_hd.o(.text)
    DMA1_Channel6_IRQHandler                 0x0800015f   Thumb Code     0  startup_stm32f10x_hd.o(.text)
    DMA1_Channel7_IRQHandler                 0x0800015f   Thumb Code     0  startup_stm32f10x_hd.o(.text)
    DMA2_Channel1_IRQHandler                 0x0800015f   Thumb Code     0  startup_stm32f10x_hd.o(.text)
    DMA2_Channel2_IRQHandler                 0x0800015f   Thumb Code     0  startup_stm32f10x_hd.o(.text)
    DMA2_Channel3_IRQHandler                 0x0800015f   Thumb Code     0  startup_stm32f10x_hd.o(.text)
    DMA2_Channel4_5_IRQHandler               0x0800015f   Thumb Code     0  startup_stm32f10x_hd.o(.text)
    EXTI0_IRQHandler                         0x0800015f   Thumb Code     0  startup_stm32f10x_hd.o(.text)
    EXTI15_10_IRQHandler                     0x0800015f   Thumb Code     0  startup_stm32f10x_hd.o(.text)
    EXTI1_IRQHandler                         0x0800015f   Thumb Code     0  startup_stm32f10x_hd.o(.text)
    EXTI2_IRQHandler                         0x0800015f   Thumb Code     0  startup_stm32f10x_hd.o(.text)
    EXTI3_IRQHandler                         0x0800015f   Thumb Code     0  startup_stm32f10x_hd.o(.text)
    EXTI4_IRQHandler                         0x0800015f   Thumb Code     0  startup_stm32f10x_hd.o(.text)
    EXTI9_5_IRQHandler                       0x0800015f   Thumb Code     0  startup_stm32f10x_hd.o(.text)
    FLASH_IRQHandler                         0x0800015f   Thumb Code     0  startup_stm32f10x_hd.o(.text)
    FSMC_IRQHandler                          0x0800015f   Thumb Code     0  startup_stm32f10x_hd.o(.text)
    I2C1_ER_IRQHandler                       0x0800015f   Thumb Code     0  startup_stm32f10x_hd.o(.text)
    I2C1_EV_IRQHandler                       0x0800015f   Thumb Code     0  startup_stm32f10x_hd.o(.text)
    I2C2_ER_IRQHandler                       0x0800015f   Thumb Code     0  startup_stm32f10x_hd.o(.text)
    I2C2_EV_IRQHandler                       0x0800015f   Thumb Code     0  startup_stm32f10x_hd.o(.text)
    PVD_IRQHandler                           0x0800015f   Thumb Code     0  startup_stm32f10x_hd.o(.text)
    RCC_IRQHandler                           0x0800015f   Thumb Code     0  startup_stm32f10x_hd.o(.text)
    RTCAlarm_IRQHandler                      0x0800015f   Thumb Code     0  startup_stm32f10x_hd.o(.text)
    RTC_IRQHandler                           0x0800015f   Thumb Code     0  startup_stm32f10x_hd.o(.text)
    SDIO_IRQHandler                          0x0800015f   Thumb Code     0  startup_stm32f10x_hd.o(.text)
    SPI1_IRQHandler                          0x0800015f   Thumb Code     0  startup_stm32f10x_hd.o(.text)
    SPI2_IRQHandler                          0x0800015f   Thumb Code     0  startup_stm32f10x_hd.o(.text)
    SPI3_IRQHandler                          0x0800015f   Thumb Code     0  startup_stm32f10x_hd.o(.text)
    TAMPER_IRQHandler                        0x0800015f   Thumb Code     0  startup_stm32f10x_hd.o(.text)
    TIM1_BRK_IRQHandler                      0x0800015f   Thumb Code     0  startup_stm32f10x_hd.o(.text)
    TIM1_CC_IRQHandler                       0x0800015f   Thumb Code     0  startup_stm32f10x_hd.o(.text)
    TIM1_TRG_COM_IRQHandler                  0x0800015f   Thumb Code     0  startup_stm32f10x_hd.o(.text)
    TIM1_UP_IRQHandler                       0x0800015f   Thumb Code     0  startup_stm32f10x_hd.o(.text)
    TIM7_IRQHandler                          0x0800015f   Thumb Code     0  startup_stm32f10x_hd.o(.text)
    TIM8_BRK_IRQHandler                      0x0800015f   Thumb Code     0  startup_stm32f10x_hd.o(.text)
    TIM8_CC_IRQHandler                       0x0800015f   Thumb Code     0  startup_stm32f10x_hd.o(.text)
    TIM8_TRG_COM_IRQHandler                  0x0800015f   Thumb Code     0  startup_stm32f10x_hd.o(.text)
    TIM8_UP_IRQHandler                       0x0800015f   Thumb Code     0  startup_stm32f10x_hd.o(.text)
    UART4_IRQHandler                         0x0800015f   Thumb Code     0  startup_stm32f10x_hd.o(.text)
    UART5_IRQHandler                         0x0800015f   Thumb Code     0  startup_stm32f10x_hd.o(.text)
    USART1_IRQHandler                        0x0800015f   Thumb Code     0  startup_stm32f10x_hd.o(.text)
    USART3_IRQHandler                        0x0800015f   Thumb Code     0  startup_stm32f10x_hd.o(.text)
    USBWakeUp_IRQHandler                     0x0800015f   Thumb Code     0  startup_stm32f10x_hd.o(.text)
    USB_HP_CAN1_TX_IRQHandler                0x0800015f   Thumb Code     0  startup_stm32f10x_hd.o(.text)
    USB_LP_CAN1_RX0_IRQHandler               0x0800015f   Thumb Code     0  startup_stm32f10x_hd.o(.text)
    WWDG_IRQHandler                          0x0800015f   Thumb Code     0  startup_stm32f10x_hd.o(.text)
    __aeabi_memcpy                           0x08000169   Thumb Code    36  memcpya.o(.text)
    __aeabi_memcpy4                          0x08000169   Thumb Code     0  memcpya.o(.text)
    __aeabi_memcpy8                          0x08000169   Thumb Code     0  memcpya.o(.text)
    __aeabi_memset                           0x0800018d   Thumb Code    14  memseta.o(.text)
    __aeabi_memset4                          0x0800018d   Thumb Code     0  memseta.o(.text)
    __aeabi_memset8                          0x0800018d   Thumb Code     0  memseta.o(.text)
    __aeabi_memclr                           0x0800019b   Thumb Code     4  memseta.o(.text)
    __aeabi_memclr4                          0x0800019b   Thumb Code     0  memseta.o(.text)
    __aeabi_memclr8                          0x0800019b   Thumb Code     0  memseta.o(.text)
    _memset$wrapper                          0x0800019f   Thumb Code    18  memseta.o(.text)
    strstr                                   0x080001b1   Thumb Code    36  strstr.o(.text)
    strlen                                   0x080001d5   Thumb Code    14  strlen.o(.text)
    strcmp                                   0x080001e3   Thumb Code    28  strcmp.o(.text)
    memcmp                                   0x080001ff   Thumb Code    26  memcmp.o(.text)
    strtok                                   0x08000219   Thumb Code    62  strtok.o(.text)
    __0sscanf                                0x0800025d   Thumb Code    48  __0sscanf.o(.text)
    _scanf_int                               0x08000295   Thumb Code   332  _scanf_int.o(.text)
    atoi                                     0x080003e1   Thumb Code    26  atoi.o(.text)
    __aeabi_fadd                             0x080003fb   Thumb Code   164  fadd.o(.text)
    __aeabi_fsub                             0x0800049f   Thumb Code     6  fadd.o(.text)
    __aeabi_frsub                            0x080004a5   Thumb Code     6  fadd.o(.text)
    __aeabi_fmul                             0x080004ab   Thumb Code   100  fmul.o(.text)
    __aeabi_fdiv                             0x0800050f   Thumb Code   124  fdiv.o(.text)
    __aeabi_dadd                             0x0800058b   Thumb Code   322  dadd.o(.text)
    __aeabi_dsub                             0x080006cd   Thumb Code     6  dadd.o(.text)
    __aeabi_drsub                            0x080006d3   Thumb Code     6  dadd.o(.text)
    __aeabi_dmul                             0x080006d9   Thumb Code   228  dmul.o(.text)
    __aeabi_ddiv                             0x080007bd   Thumb Code   222  ddiv.o(.text)
    __aeabi_ui2f                             0x0800089b   Thumb Code    10  ffltui.o(.text)
    __aeabi_f2iz                             0x080008a5   Thumb Code    50  ffixi.o(.text)
    __aeabi_uidiv                            0x080008d7   Thumb Code     0  uidiv.o(.text)
    __aeabi_uidivmod                         0x080008d7   Thumb Code    44  uidiv.o(.text)
    __aeabi_uldivmod                         0x08000903   Thumb Code    98  uldiv.o(.text)
    __aeabi_llsl                             0x08000965   Thumb Code    30  llshl.o(.text)
    _ll_shift_l                              0x08000965   Thumb Code     0  llshl.o(.text)
    __aeabi_llsr                             0x08000983   Thumb Code    32  llushr.o(.text)
    _ll_ushift_r                             0x08000983   Thumb Code     0  llushr.o(.text)
    __aeabi_lasr                             0x080009a3   Thumb Code    36  llsshr.o(.text)
    _ll_sshift_r                             0x080009a3   Thumb Code     0  llsshr.o(.text)
    _chval                                   0x080009c7   Thumb Code    28  _chval.o(.text)
    __vfscanf_char                           0x080009f1   Thumb Code    20  scanf_char.o(.text)
    _sgetc                                   0x08000a0d   Thumb Code    30  _sgetc.o(.text)
    _sbackspace                              0x08000a2b   Thumb Code    34  _sgetc.o(.text)
    strtol                                   0x08000a4d   Thumb Code   112  strtol.o(.text)
    __I$use$fp                               0x08000abd   Thumb Code     0  iusefp.o(.text)
    _float_round                             0x08000abd   Thumb Code    18  fepilogue.o(.text)
    _float_epilogue                          0x08000acf   Thumb Code    92  fepilogue.o(.text)
    _double_round                            0x08000b2b   Thumb Code    30  depilogue.o(.text)
    _double_epilogue                         0x08000b49   Thumb Code   156  depilogue.o(.text)
    __aeabi_d2ulz                            0x08000be5   Thumb Code    48  dfixul.o(.text)
    __aeabi_cdrcmple                         0x08000c15   Thumb Code    48  cdrcmple.o(.text)
    __scatterload                            0x08000c45   Thumb Code    28  init.o(.text)
    __scatterload_rt2                        0x08000c45   Thumb Code     0  init.o(.text)
    __rt_ctype_table                         0x08000c69   Thumb Code     4  ctype_o.o(.text)
    isspace                                  0x08000c71   Thumb Code    18  isspace_o.o(.text)
    __vfscanf                                0x08000c85   Thumb Code   808  _scanf.o(.text)
    _strtoul                                 0x08000fb1   Thumb Code   158  _strtoul.o(.text)
    ADC_Cmd                                  0x0800104f   Thumb Code    22  stm32f10x_adc.o(i.ADC_Cmd)
    ADC_DeInit                               0x08001065   Thumb Code    78  stm32f10x_adc.o(i.ADC_DeInit)
    ADC_GetCalibrationStatus                 0x080010c1   Thumb Code    20  stm32f10x_adc.o(i.ADC_GetCalibrationStatus)
    ADC_GetConversionValue                   0x080010d5   Thumb Code     8  stm32f10x_adc.o(i.ADC_GetConversionValue)
    ADC_GetFlagStatus                        0x080010dd   Thumb Code    18  stm32f10x_adc.o(i.ADC_GetFlagStatus)
    ADC_GetResetCalibrationStatus            0x080010ef   Thumb Code    20  stm32f10x_adc.o(i.ADC_GetResetCalibrationStatus)
    ADC_Init                                 0x08001105   Thumb Code    70  stm32f10x_adc.o(i.ADC_Init)
    ADC_RegularChannelConfig                 0x08001155   Thumb Code   184  stm32f10x_adc.o(i.ADC_RegularChannelConfig)
    ADC_ResetCalibration                     0x0800120d   Thumb Code    10  stm32f10x_adc.o(i.ADC_ResetCalibration)
    ADC_SoftwareStartConvCmd                 0x08001217   Thumb Code    22  stm32f10x_adc.o(i.ADC_SoftwareStartConvCmd)
    ADC_StartCalibration                     0x0800122d   Thumb Code    10  stm32f10x_adc.o(i.ADC_StartCalibration)
    Adc3_Init                                0x08001239   Thumb Code   120  adc.o(i.Adc3_Init)
    Adc_Soil_Init                            0x080012b5   Thumb Code   140  adc.o(i.Adc_Soil_Init)
    BEEP_Init                                0x08001349   Thumb Code    50  beep.o(i.BEEP_Init)
    BEEP_Off                                 0x08001381   Thumb Code    14  beep.o(i.BEEP_Off)
    BEEP_On                                  0x08001395   Thumb Code    14  beep.o(i.BEEP_On)
    BusFault_Handler                         0x080013a9   Thumb Code     2  stm32f10x_it.o(i.BusFault_Handler)
    CMDBuf_Deal                              0x080013ad   Thumb Code    96  mqtt.o(i.CMDBuf_Deal)
    DHT11_Check                              0x08001419   Thumb Code   102  dht11.o(i.DHT11_Check)
    DHT11_Init                               0x08001485   Thumb Code    46  dht11.o(i.DHT11_Init)
    DHT11_Read_Bit                           0x080014b9   Thumb Code    84  dht11.o(i.DHT11_Read_Bit)
    DHT11_Read_Byte                          0x08001511   Thumb Code    30  dht11.o(i.DHT11_Read_Byte)
    DHT11_Read_Data                          0x0800152f   Thumb Code    92  dht11.o(i.DHT11_Read_Data)
    DHT11_Rst                                0x0800158d   Thumb Code    58  dht11.o(i.DHT11_Rst)
    DebugMon_Handler                         0x080015cd   Thumb Code     2  stm32f10x_it.o(i.DebugMon_Handler)
    DelayMs                                  0x080015d1   Thumb Code    72  delay.o(i.DelayMs)
    DelayUs                                  0x0800161d   Thumb Code    72  delay.o(i.DelayUs)
    Delay_Init                               0x08001669   Thumb Code    50  delay.o(i.Delay_Init)
    FLASH_ErasePage                          0x080016ad   Thumb Code    72  stm32f10x_flash.o(i.FLASH_ErasePage)
    FLASH_GetBank1Status                     0x080016f9   Thumb Code    48  stm32f10x_flash.o(i.FLASH_GetBank1Status)
    FLASH_Lock                               0x0800172d   Thumb Code    14  stm32f10x_flash.o(i.FLASH_Lock)
    FLASH_ProgramHalfWord                    0x08001741   Thumb Code    60  stm32f10x_flash.o(i.FLASH_ProgramHalfWord)
    FLASH_Unlock                             0x08001781   Thumb Code    12  stm32f10x_flash.o(i.FLASH_Unlock)
    FLASH_WaitForLastOperation               0x08001799   Thumb Code    38  stm32f10x_flash.o(i.FLASH_WaitForLastOperation)
    Fans_Init                                0x080017c1   Thumb Code    50  relay.o(i.Fans_Init)
    Fans_Off                                 0x080017f9   Thumb Code    14  relay.o(i.Fans_Off)
    Fans_On                                  0x0800180d   Thumb Code    14  relay.o(i.Fans_On)
    GPIO_Init                                0x08001821   Thumb Code   278  stm32f10x_gpio.o(i.GPIO_Init)
    GPIO_ReadInputDataBit                    0x08001937   Thumb Code    18  stm32f10x_gpio.o(i.GPIO_ReadInputDataBit)
    GPIO_ResetBits                           0x08001949   Thumb Code     4  stm32f10x_gpio.o(i.GPIO_ResetBits)
    GPIO_SetBits                             0x0800194d   Thumb Code     4  stm32f10x_gpio.o(i.GPIO_SetBits)
    GPIO_WriteBit                            0x08001951   Thumb Code    10  stm32f10x_gpio.o(i.GPIO_WriteBit)
    Get_Adc3                                 0x0800195d   Thumb Code    46  adc.o(i.Get_Adc3)
    Get_Soil_Adc                             0x08001991   Thumb Code    46  adc.o(i.Get_Soil_Adc)
    Get_Soil_Adc_Average                     0x080019c5   Thumb Code    92  adc.o(i.Get_Soil_Adc_Average)
    HardFault_Handler                        0x08001a31   Thumb Code     2  stm32f10x_it.o(i.HardFault_Handler)
    IIC_Start                                0x08001a35   Thumb Code    36  oled.o(i.IIC_Start)
    IIC_Stop                                 0x08001a5d   Thumb Code    28  oled.o(i.IIC_Stop)
    IIC_Wait_Ack                             0x08001a7d   Thumb Code    20  oled.o(i.IIC_Wait_Ack)
    IoT_Parameter_Init                       0x08001a95   Thumb Code   218  mqtt.o(i.IoT_Parameter_Init)
    LED2_Init                                0x08001c15   Thumb Code    50  led.o(i.LED2_Init)
    LED2_Off                                 0x08001c4d   Thumb Code    14  led.o(i.LED2_Off)
    LED2_On                                  0x08001c61   Thumb Code    14  led.o(i.LED2_On)
    LED_Init                                 0x08001c75   Thumb Code    46  led.o(i.LED_Init)
    LED_Off                                  0x08001ca9   Thumb Code    12  led.o(i.LED_Off)
    LED_On                                   0x08001cb9   Thumb Code    12  led.o(i.LED_On)
    Lsens_Get_Val                            0x08001cc9   Thumb Code    60  lsens.o(i.Lsens_Get_Val)
    Lsens_Init                               0x08001d05   Thumb Code    38  lsens.o(i.Lsens_Init)
    MQTT_Buff_Init                           0x08001d31   Thumb Code    90  mqtt.o(i.MQTT_Buff_Init)
    MQTT_ConectPack                          0x08001de1   Thumb Code   496  mqtt.o(i.MQTT_ConectPack)
    MQTT_DealPushdata_Qs0                    0x08001ff9   Thumb Code   234  mqtt.o(i.MQTT_DealPushdata_Qs0)
    MQTT_PingREQ                             0x08002101   Thumb Code    22  mqtt.o(i.MQTT_PingREQ)
    MQTT_PublishQs0                          0x0800211d   Thumb Code   220  mqtt.o(i.MQTT_PublishQs0)
    MQTT_Subscribe                           0x08002209   Thumb Code   134  mqtt.o(i.MQTT_Subscribe)
    MemManage_Handler                        0x080022a1   Thumb Code     2  stm32f10x_it.o(i.MemManage_Handler)
    Myatoi                                   0x080022a3   Thumb Code    36  control.o(i.Myatoi)
    NMI_Handler                              0x080022c7   Thumb Code     2  stm32f10x_it.o(i.NMI_Handler)
    NVIC_Init                                0x080022c9   Thumb Code   100  misc.o(i.NVIC_Init)
    NVIC_PriorityGroupConfig                 0x08002339   Thumb Code    10  misc.o(i.NVIC_PriorityGroupConfig)
    OLED_Clear                               0x0800234d   Thumb Code    62  oled.o(i.OLED_Clear)
    OLED_Clear_Part                          0x0800238b   Thumb Code    78  oled.o(i.OLED_Clear_Part)
    OLED_Init                                0x080023d9   Thumb Code   270  oled.o(i.OLED_Init)
    OLED_Set_Pos                             0x080024ed   Thumb Code    40  oled.o(i.OLED_Set_Pos)
    OLED_ShowChar                            0x08002515   Thumb Code   154  oled.o(i.OLED_ShowChar)
    OLED_ShowNum                             0x080025b9   Thumb Code   136  oled.o(i.OLED_ShowNum)
    OLED_ShowString                          0x08002641   Thumb Code    58  oled.o(i.OLED_ShowString)
    OLED_WR_Byte                             0x0800267b   Thumb Code    24  oled.o(i.OLED_WR_Byte)
    PendSV_Handler                           0x08002693   Thumb Code     2  stm32f10x_it.o(i.PendSV_Handler)
    RCC_ADCCLKConfig                         0x08002695   Thumb Code    18  stm32f10x_rcc.o(i.RCC_ADCCLKConfig)
    RCC_APB1PeriphClockCmd                   0x080026ad   Thumb Code    26  stm32f10x_rcc.o(i.RCC_APB1PeriphClockCmd)
    RCC_APB1PeriphResetCmd                   0x080026cd   Thumb Code    26  stm32f10x_rcc.o(i.RCC_APB1PeriphResetCmd)
    RCC_APB2PeriphClockCmd                   0x080026ed   Thumb Code    26  stm32f10x_rcc.o(i.RCC_APB2PeriphClockCmd)
    RCC_APB2PeriphResetCmd                   0x0800270d   Thumb Code    26  stm32f10x_rcc.o(i.RCC_APB2PeriphResetCmd)
    RCC_GetClocksFreq                        0x0800272d   Thumb Code   192  stm32f10x_rcc.o(i.RCC_GetClocksFreq)
    Relay2_Init                              0x08002801   Thumb Code    46  relay.o(i.Relay2_Init)
    Relay2_Off                               0x08002835   Thumb Code    12  relay.o(i.Relay2_Off)
    Relay2_On                                0x08002845   Thumb Code    12  relay.o(i.Relay2_On)
    Relay_Init                               0x08002855   Thumb Code    46  relay.o(i.Relay_Init)
    Relay_Off                                0x08002889   Thumb Code    12  relay.o(i.Relay_Off)
    Relay_On                                 0x08002899   Thumb Code    12  relay.o(i.Relay_On)
    STEP_MOTOR_8A                            0x080028a9   Thumb Code   182  step_motor.o(i.STEP_MOTOR_8A)
    STEP_MOTOR_Init                          0x08002965   Thumb Code   112  step_motor.o(i.STEP_MOTOR_Init)
    STEP_MOTOR_LOOP                          0x080029d9   Thumb Code    34  step_motor.o(i.STEP_MOTOR_LOOP)
    STEP_MOTOR_NUM                           0x080029fd   Thumb Code    86  step_motor.o(i.STEP_MOTOR_NUM)
    STEP_MOTOR_OFF                           0x08002a59   Thumb Code    12  step_motor.o(i.STEP_MOTOR_OFF)
    STMFLASH_Read                            0x08002a69   Thumb Code    34  stmflash.o(i.STMFLASH_Read)
    STMFLASH_ReadHalfWord                    0x08002a8b   Thumb Code     6  stmflash.o(i.STMFLASH_ReadHalfWord)
    STMFLASH_Write                           0x08002a91   Thumb Code   222  stmflash.o(i.STMFLASH_Write)
    STMFLASH_Write_NoCheck                   0x08002b79   Thumb Code    38  stmflash.o(i.STMFLASH_Write_NoCheck)
    SVC_Handler                              0x08002b9f   Thumb Code     2  stm32f10x_it.o(i.SVC_Handler)
    Send_Data                                0x08002ba1   Thumb Code   174  control.o(i.Send_Data)
    Send_Status                              0x08002c89   Thumb Code   120  control.o(i.Send_Status)
    SysTick_CLKSourceConfig                  0x08002e19   Thumb Code    40  misc.o(i.SysTick_CLKSourceConfig)
    SysTick_Handler                          0x08002e41   Thumb Code     2  stm32f10x_it.o(i.SysTick_Handler)
    SystemInit                               0x08002e45   Thumb Code    78  system_stm32f10x.o(i.SystemInit)
    TIM2_ENABLE_5S                           0x08002ea5   Thumb Code   118  timer2.o(i.TIM2_ENABLE_5S)
    TIM2_IRQHandler                          0x08002f1d   Thumb Code   722  stm32f10x_it.o(i.TIM2_IRQHandler)
    TIM3_ENABLE_2S                           0x080032f9   Thumb Code   116  timer3.o(i.TIM3_ENABLE_2S)
    TIM3_ENABLE_30S                          0x08003371   Thumb Code   114  timer3.o(i.TIM3_ENABLE_30S)
    TIM3_IRQHandler                          0x080033e9   Thumb Code    94  stm32f10x_it.o(i.TIM3_IRQHandler)
    TIM4_IRQHandler                          0x08003455   Thumb Code   122  stm32f10x_it.o(i.TIM4_IRQHandler)
    TIM4_Init                                0x080034ed   Thumb Code   106  timer4.o(i.TIM4_Init)
    TIM5_IRQHandler                          0x0800355d   Thumb Code   116  stm32f10x_it.o(i.TIM5_IRQHandler)
    TIM5_Init                                0x08003629   Thumb Code   102  timer5.o(i.TIM5_Init)
    TIM6_IRQHandler                          0x08003695   Thumb Code  1680  stm32f10x_it.o(i.TIM6_IRQHandler)
    TIM6_Init                                0x08003d7d   Thumb Code   102  timer6.o(i.TIM6_Init)
    TIM_ClearITPendingBit                    0x08003de9   Thumb Code     6  stm32f10x_tim.o(i.TIM_ClearITPendingBit)
    TIM_Cmd                                  0x08003def   Thumb Code    24  stm32f10x_tim.o(i.TIM_Cmd)
    TIM_DeInit                               0x08003e09   Thumb Code   424  stm32f10x_tim.o(i.TIM_DeInit)
    TIM_GetFlagStatus                        0x08003ff1   Thumb Code    18  stm32f10x_tim.o(i.TIM_GetFlagStatus)
    TIM_GetITStatus                          0x08004003   Thumb Code    34  stm32f10x_tim.o(i.TIM_GetITStatus)
    TIM_ITConfig                             0x08004025   Thumb Code    18  stm32f10x_tim.o(i.TIM_ITConfig)
    TIM_SetCounter                           0x08004037   Thumb Code     4  stm32f10x_tim.o(i.TIM_SetCounter)
    TIM_TimeBaseInit                         0x0800403d   Thumb Code   122  stm32f10x_tim.o(i.TIM_TimeBaseInit)
    T_json                                   0x080040e1   Thumb Code    60  json.o(i.T_json)
    TxDataBuf_Deal                           0x08004159   Thumb Code    86  mqtt.o(i.TxDataBuf_Deal)
    USART2_IRQHandler                        0x080041bd   Thumb Code   104  stm32f10x_it.o(i.USART2_IRQHandler)
    USART_ClearFlag                          0x08004239   Thumb Code    18  stm32f10x_usart.o(i.USART_ClearFlag)
    USART_Cmd                                0x0800424b   Thumb Code    24  stm32f10x_usart.o(i.USART_Cmd)
    USART_DeInit                             0x08004265   Thumb Code   134  stm32f10x_usart.o(i.USART_DeInit)
    USART_GetITStatus                        0x08004301   Thumb Code    84  stm32f10x_usart.o(i.USART_GetITStatus)
    USART_ITConfig                           0x08004355   Thumb Code    74  stm32f10x_usart.o(i.USART_ITConfig)
    USART_Init                               0x080043a1   Thumb Code   210  stm32f10x_usart.o(i.USART_Init)
    UsageFault_Handler                       0x08004479   Thumb Code     2  stm32f10x_it.o(i.UsageFault_Handler)
    Usart1_Init                              0x0800447d   Thumb Code   118  usart1.o(i.Usart1_Init)
    Usart2_Init                              0x080044fd   Thumb Code   176  usart2.o(i.Usart2_Init)
    WiFi_Connect_IoTServer                   0x080045b5   Thumb Code   232  wifi.o(i.WiFi_Connect_IoTServer)
    WiFi_Connect_Server                      0x080048a5   Thumb Code   190  wifi.o(i.WiFi_Connect_Server)
    WiFi_EnableIO_Init                       0x080049f9   Thumb Code    46  wifi.o(i.WiFi_EnableIO_Init)
    WiFi_JoinAP                              0x08004a2d   Thumb Code    96  wifi.o(i.WiFi_JoinAP)
    WiFi_Reset                               0x08004ad5   Thumb Code    88  wifi.o(i.WiFi_Reset)
    WiFi_ResetIO_Init                        0x08004b45   Thumb Code    48  wifi.o(i.WiFi_ResetIO_Init)
    WiFi_SendCmd                             0x08004b79   Thumb Code    86  wifi.o(i.WiFi_SendCmd)
    Write_IIC_Byte                           0x08004bed   Thumb Code    80  oled.o(i.Write_IIC_Byte)
    Write_IIC_Command                        0x08004c41   Thumb Code    44  oled.o(i.Write_IIC_Command)
    Write_IIC_Data                           0x08004c6d   Thumb Code    44  oled.o(i.Write_IIC_Data)
    __0sprintf$3                             0x08004c99   Thumb Code    34  printf3.o(i.__0sprintf$3)
    __1sprintf$3                             0x08004c99   Thumb Code     0  printf3.o(i.__0sprintf$3)
    __2sprintf                               0x08004c99   Thumb Code     0  printf3.o(i.__0sprintf$3)
    __0vsprintf                              0x08004cc1   Thumb Code    30  printfa.o(i.__0vsprintf)
    __1vsprintf                              0x08004cc1   Thumb Code     0  printfa.o(i.__0vsprintf)
    __2vsprintf                              0x08004cc1   Thumb Code     0  printfa.o(i.__0vsprintf)
    __c89vsprintf                            0x08004cc1   Thumb Code     0  printfa.o(i.__0vsprintf)
    vsprintf                                 0x08004cc1   Thumb Code     0  printfa.o(i.__0vsprintf)
    __aeabi_errno_addr                       0x08004ce5   Thumb Code     4  errno.o(i.__aeabi_errno_addr)
    __rt_errno_addr                          0x08004ce5   Thumb Code     0  errno.o(i.__aeabi_errno_addr)
    __scatterload_copy                       0x08004ced   Thumb Code    14  handlers.o(i.__scatterload_copy)
    __scatterload_null                       0x08004cfb   Thumb Code     2  handlers.o(i.__scatterload_null)
    __scatterload_zeroinit                   0x08004cfd   Thumb Code    14  handlers.o(i.__scatterload_zeroinit)
    main                                     0x0800578d   Thumb Code  2750  main.o(i.main)
    oled_dispaly                             0x08006471   Thumb Code    64  oled.o(i.oled_dispaly)
    oled_pow                                 0x080064d9   Thumb Code    22  oled.o(i.oled_pow)
    u1_printf                                0x080064f1   Thumb Code    84  usart1.o(i.u1_printf)
    u2_TxData                                0x0800654d   Thumb Code    96  usart2.o(i.u2_TxData)
    u2_printf                                0x080065b5   Thumb Code    84  usart2.o(i.u2_printf)
    F6x8                                     0x08006610   Data         552  oled.o(.constdata)
    F8X16                                    0x08006838   Data        1520  oled.o(.constdata)
    __ctype_table                            0x08006e28   Data         129  ctype_o.o(.constdata)
    Region$$Table$$Base                      0x0800704c   Number         0  anon$$obj.o(Region$$Table)
    Region$$Table$$Limit                     0x0800706c   Number         0  anon$$obj.o(Region$$Table)
    Tem_val                                  0x20000000   Data           1  main.o(.data)
    Hum_val                                  0x20000001   Data           1  main.o(.data)
    Light_val                                0x20000002   Data           1  main.o(.data)
    Soil_val                                 0x20000003   Data           1  main.o(.data)
    LightFA                                  0x20000004   Data           4  main.o(.data)
    TemFA                                    0x20000008   Data           4  main.o(.data)
    HumFA                                    0x2000000c   Data           4  main.o(.data)
    SoilFA                                   0x20000010   Data           4  main.o(.data)
    tem_fa                                   0x20000014   Data           1  main.o(.data)
    soil_fa                                  0x20000015   Data           1  main.o(.data)
    hum_fa                                   0x20000016   Data           1  main.o(.data)
    light_fa                                 0x20000017   Data           1  main.o(.data)
    tem_fa_min                               0x20000018   Data           1  main.o(.data)
    tem_fa_max                               0x20000019   Data           1  main.o(.data)
    soil_fa_min                              0x2000001a   Data           1  main.o(.data)
    soil_fa_max                              0x2000001b   Data           1  main.o(.data)
    hum_fa_min                               0x2000001c   Data           1  main.o(.data)
    hum_fa_max                               0x2000001d   Data           1  main.o(.data)
    light_fa_min                             0x2000001e   Data           1  main.o(.data)
    light_fa_max                             0x2000001f   Data           1  main.o(.data)
    Flash_fa                                 0x20000020   Data           1  main.o(.data)
    Syn_flag                                 0x20000021   Data           1  main.o(.data)
    Auto_ctro                                0x20000022   Data           1  main.o(.data)
    Air_flag                                 0x20000023   Data           1  main.o(.data)
    Light_flag                               0x20000024   Data           1  main.o(.data)
    cmdAuto_On                               0x20000028   Data           4  main.o(.data)
    cmdAuto_Off                              0x2000002c   Data           4  main.o(.data)
    cmdLED_On                                0x20000030   Data           4  main.o(.data)
    cmdLED_Off                               0x20000034   Data           4  main.o(.data)
    cmdLED2_On                               0x20000038   Data           4  main.o(.data)
    cmdLED2_Off                              0x2000003c   Data           4  main.o(.data)
    cmdBEEP_On                               0x20000040   Data           4  main.o(.data)
    cmdBEEP_Off                              0x20000044   Data           4  main.o(.data)
    cmdRelay_On                              0x20000048   Data           4  main.o(.data)
    cmdRelay_Off                             0x2000004c   Data           4  main.o(.data)
    cmdRelay2_On                             0x20000050   Data           4  main.o(.data)
    cmdRelay2_Off                            0x20000054   Data           4  main.o(.data)
    cmdFans_On                               0x20000058   Data           4  main.o(.data)
    cmdFans_Off                              0x2000005c   Data           4  main.o(.data)
    ledFlag                                  0x20000060   Data           4  main.o(.data)
    led2Flag                                 0x20000064   Data           4  main.o(.data)
    beepFlag                                 0x20000068   Data           4  main.o(.data)
    relayFlag                                0x2000006c   Data           4  main.o(.data)
    relay2Flag                               0x20000070   Data           4  main.o(.data)
    fansFlag                                 0x20000074   Data           4  main.o(.data)
    auto_flag                                0x20000078   Data           4  main.o(.data)
    adcx                                     0x2000007c   Data           1  main.o(.data)
    MQTT_RxDataInPtr                         0x20000084   Data           4  mqtt.o(.data)
    MQTT_RxDataOutPtr                        0x20000088   Data           4  mqtt.o(.data)
    MQTT_RxDataEndPtr                        0x2000008c   Data           4  mqtt.o(.data)
    MQTT_TxDataInPtr                         0x20000090   Data           4  mqtt.o(.data)
    MQTT_TxDataOutPtr                        0x20000094   Data           4  mqtt.o(.data)
    MQTT_TxDataEndPtr                        0x20000098   Data           4  mqtt.o(.data)
    MQTT_CMDInPtr                            0x2000009c   Data           4  mqtt.o(.data)
    MQTT_CMDOutPtr                           0x200000a0   Data           4  mqtt.o(.data)
    MQTT_CMDEndPtr                           0x200000a4   Data           4  mqtt.o(.data)
    ClientID_len                             0x200000a8   Data           4  mqtt.o(.data)
    Username_len                             0x200000ac   Data           4  mqtt.o(.data)
    Passward_len                             0x200000b0   Data           4  mqtt.o(.data)
    ServerPort                               0x200000b4   Data           4  mqtt.o(.data)
    Fixed_len                                0x200000b8   Data           4  mqtt.o(.data)
    Variable_len                             0x200000bc   Data           4  mqtt.o(.data)
    Payload_len                              0x200000c0   Data           4  mqtt.o(.data)
    pingFlag                                 0x200000c4   Data           1  mqtt.o(.data)
    connectFlag                              0x200000c5   Data           1  mqtt.o(.data)
    connectPackFlag                          0x200000c6   Data           1  mqtt.o(.data)
    subcribePackFlag                         0x200000c7   Data           1  mqtt.o(.data)
    flush_flag                               0x200000c8   Data           1  stm32f10x_it.o(.data)
    page_flag                                0x200000c9   Data           1  stm32f10x_it.o(.data)
    step_flag                                0x200000ca   Data           1  stm32f10x_it.o(.data)
    step_on_flag                             0x200000cb   Data           1  stm32f10x_it.o(.data)
    i                                        0x200000cc   Data           4  stm32f10x_it.o(.data)
    Usart2_RxCompleted                       0x200000d0   Data           1  usart2.o(.data)
    Usart2_RxCounter                         0x200000d4   Data           4  usart2.o(.data)
    wifi_mode                                0x200000d8   Data           1  wifi.o(.data)
    Soil_Temp                                0x200000dc   Data           4  adc.o(.data)
    STEP                                     0x200000e0   Data           1  step_motor.o(.data)
    SystemCoreClock                          0x200000e4   Data           4  system_stm32f10x.o(.data)
    AHBPrescTable                            0x200000e8   Data          16  system_stm32f10x.o(.data)
    Max_data_buf                             0x20000114   Data          12  main.o(.bss)
    MQTT_RxDataBuf                           0x20000120   Data        3000  mqtt.o(.bss)
    MQTT_TxDataBuf                           0x20000cd8   Data        3000  mqtt.o(.bss)
    MQTT_CMDBuf                              0x20001890   Data        1500  mqtt.o(.bss)
    ClientID                                 0x20001e6c   Data         128  mqtt.o(.bss)
    Username                                 0x20001eec   Data         128  mqtt.o(.bss)
    Passward                                 0x20001f6c   Data         128  mqtt.o(.bss)
    ServerIP                                 0x20001fec   Data         128  mqtt.o(.bss)
    temp_buff                                0x2000206c   Data         300  mqtt.o(.bss)
    Buf                                      0x20002198   Data          20  mqtt.o(.bss)
    Maxbuf                                   0x200021ac   Data          33  stm32f10x_it.o(.bss)
    Usart1_TxBuff                            0x200021d0   Data         256  usart1.o(.bss)
    Usart2_RxBuff                            0x200022d0   Data        1024  usart2.o(.bss)
    USART2_TxBuff                            0x200026d0   Data        1024  usart2.o(.bss)
    STMFLASH_BUF                             0x20002ad0   Data        2048  stmflash.o(.bss)
    __initial_sp                             0x200036d0   Data           0  startup_stm32f10x_hd.o(STACK)



==============================================================================

Memory Map of the image

  Image Entry point : 0x08000145

  Load Region LR_1 (Base: 0x08000000, Size: 0x00007180, Max: 0xffffffff, ABSOLUTE)

    Execution Region ER_RO (Exec base: 0x08000000, Load base: 0x08000000, Size: 0x0000706c, Max: 0xffffffff, ABSOLUTE)

    Exec Addr    Load Addr    Size         Type   Attr      Idx    E Section Name        Object

    0x08000000   0x08000000   0x00000130   Data   RO         1375    RESET               startup_stm32f10x_hd.o
    0x08000130   0x08000130   0x00000000   Code   RO         2972  * .ARM.Collect$$$$00000000  mc_w.l(entry.o)
    0x08000130   0x08000130   0x00000004   Code   RO         3290    .ARM.Collect$$$$00000001  mc_w.l(entry2.o)
    0x08000134   0x08000134   0x00000004   Code   RO         3293    .ARM.Collect$$$$00000004  mc_w.l(entry5.o)
    0x08000138   0x08000138   0x00000000   Code   RO         3295    .ARM.Collect$$$$00000008  mc_w.l(entry7b.o)
    0x08000138   0x08000138   0x00000000   Code   RO         3297    .ARM.Collect$$$$0000000A  mc_w.l(entry8b.o)
    0x08000138   0x08000138   0x00000008   Code   RO         3298    .ARM.Collect$$$$0000000B  mc_w.l(entry9a.o)
    0x08000140   0x08000140   0x00000000   Code   RO         3300    .ARM.Collect$$$$0000000D  mc_w.l(entry10a.o)
    0x08000140   0x08000140   0x00000000   Code   RO         3302    .ARM.Collect$$$$0000000F  mc_w.l(entry11a.o)
    0x08000140   0x08000140   0x00000004   Code   RO         3291    .ARM.Collect$$$$00002712  mc_w.l(entry2.o)
    0x08000144   0x08000144   0x00000024   Code   RO         1376  * .text               startup_stm32f10x_hd.o
    0x08000168   0x08000168   0x00000024   Code   RO         2975    .text               mc_w.l(memcpya.o)
    0x0800018c   0x0800018c   0x00000024   Code   RO         2977    .text               mc_w.l(memseta.o)
    0x080001b0   0x080001b0   0x00000024   Code   RO         2979    .text               mc_w.l(strstr.o)
    0x080001d4   0x080001d4   0x0000000e   Code   RO         2981    .text               mc_w.l(strlen.o)
    0x080001e2   0x080001e2   0x0000001c   Code   RO         2983    .text               mc_w.l(strcmp.o)
    0x080001fe   0x080001fe   0x0000001a   Code   RO         2985    .text               mc_w.l(memcmp.o)
    0x08000218   0x08000218   0x00000044   Code   RO         2987    .text               mc_w.l(strtok.o)
    0x0800025c   0x0800025c   0x00000038   Code   RO         3256    .text               mc_w.l(__0sscanf.o)
    0x08000294   0x08000294   0x0000014c   Code   RO         3258    .text               mc_w.l(_scanf_int.o)
    0x080003e0   0x080003e0   0x0000001a   Code   RO         3260    .text               mc_w.l(atoi.o)
    0x080003fa   0x080003fa   0x000000b0   Code   RO         3262    .text               mf_w.l(fadd.o)
    0x080004aa   0x080004aa   0x00000064   Code   RO         3264    .text               mf_w.l(fmul.o)
    0x0800050e   0x0800050e   0x0000007c   Code   RO         3266    .text               mf_w.l(fdiv.o)
    0x0800058a   0x0800058a   0x0000014e   Code   RO         3268    .text               mf_w.l(dadd.o)
    0x080006d8   0x080006d8   0x000000e4   Code   RO         3270    .text               mf_w.l(dmul.o)
    0x080007bc   0x080007bc   0x000000de   Code   RO         3272    .text               mf_w.l(ddiv.o)
    0x0800089a   0x0800089a   0x0000000a   Code   RO         3274    .text               mf_w.l(ffltui.o)
    0x080008a4   0x080008a4   0x00000032   Code   RO         3278    .text               mf_w.l(ffixi.o)
    0x080008d6   0x080008d6   0x0000002c   Code   RO         3304    .text               mc_w.l(uidiv.o)
    0x08000902   0x08000902   0x00000062   Code   RO         3306    .text               mc_w.l(uldiv.o)
    0x08000964   0x08000964   0x0000001e   Code   RO         3308    .text               mc_w.l(llshl.o)
    0x08000982   0x08000982   0x00000020   Code   RO         3310    .text               mc_w.l(llushr.o)
    0x080009a2   0x080009a2   0x00000024   Code   RO         3312    .text               mc_w.l(llsshr.o)
    0x080009c6   0x080009c6   0x0000001c   Code   RO         3321    .text               mc_w.l(_chval.o)
    0x080009e2   0x080009e2   0x00000002   PAD
    0x080009e4   0x080009e4   0x00000028   Code   RO         3323    .text               mc_w.l(scanf_char.o)
    0x08000a0c   0x08000a0c   0x00000040   Code   RO         3325    .text               mc_w.l(_sgetc.o)
    0x08000a4c   0x08000a4c   0x00000070   Code   RO         3327    .text               mc_w.l(strtol.o)
    0x08000abc   0x08000abc   0x00000000   Code   RO         3329    .text               mc_w.l(iusefp.o)
    0x08000abc   0x08000abc   0x0000006e   Code   RO         3330    .text               mf_w.l(fepilogue.o)
    0x08000b2a   0x08000b2a   0x000000ba   Code   RO         3332    .text               mf_w.l(depilogue.o)
    0x08000be4   0x08000be4   0x00000030   Code   RO         3334    .text               mf_w.l(dfixul.o)
    0x08000c14   0x08000c14   0x00000030   Code   RO         3336    .text               mf_w.l(cdrcmple.o)
    0x08000c44   0x08000c44   0x00000024   Code   RO         3338    .text               mc_w.l(init.o)
    0x08000c68   0x08000c68   0x00000008   Code   RO         3342    .text               mc_w.l(ctype_o.o)
    0x08000c70   0x08000c70   0x00000012   Code   RO         3364    .text               mc_w.l(isspace_o.o)
    0x08000c82   0x08000c82   0x00000002   PAD
    0x08000c84   0x08000c84   0x0000032c   Code   RO         3370    .text               mc_w.l(_scanf.o)
    0x08000fb0   0x08000fb0   0x0000009e   Code   RO         3372    .text               mc_w.l(_strtoul.o)
    0x0800104e   0x0800104e   0x00000016   Code   RO         2542    i.ADC_Cmd           stm32f10x_adc.o
    0x08001064   0x08001064   0x0000005c   Code   RO         2544    i.ADC_DeInit        stm32f10x_adc.o
    0x080010c0   0x080010c0   0x00000014   Code   RO         2550    i.ADC_GetCalibrationStatus  stm32f10x_adc.o
    0x080010d4   0x080010d4   0x00000008   Code   RO         2551    i.ADC_GetConversionValue  stm32f10x_adc.o
    0x080010dc   0x080010dc   0x00000012   Code   RO         2553    i.ADC_GetFlagStatus  stm32f10x_adc.o
    0x080010ee   0x080010ee   0x00000014   Code   RO         2556    i.ADC_GetResetCalibrationStatus  stm32f10x_adc.o
    0x08001102   0x08001102   0x00000002   PAD
    0x08001104   0x08001104   0x00000050   Code   RO         2560    i.ADC_Init          stm32f10x_adc.o
    0x08001154   0x08001154   0x000000b8   Code   RO         2564    i.ADC_RegularChannelConfig  stm32f10x_adc.o
    0x0800120c   0x0800120c   0x0000000a   Code   RO         2565    i.ADC_ResetCalibration  stm32f10x_adc.o
    0x08001216   0x08001216   0x00000016   Code   RO         2567    i.ADC_SoftwareStartConvCmd  stm32f10x_adc.o
    0x0800122c   0x0800122c   0x0000000a   Code   RO         2569    i.ADC_StartCalibration  stm32f10x_adc.o
    0x08001236   0x08001236   0x00000002   PAD
    0x08001238   0x08001238   0x0000007c   Code   RO          901    i.Adc3_Init         adc.o
    0x080012b4   0x080012b4   0x00000094   Code   RO          902    i.Adc_Soil_Init     adc.o
    0x08001348   0x08001348   0x00000038   Code   RO          988    i.BEEP_Init         beep.o
    0x08001380   0x08001380   0x00000014   Code   RO          989    i.BEEP_Off          beep.o
    0x08001394   0x08001394   0x00000014   Code   RO          990    i.BEEP_On           beep.o
    0x080013a8   0x080013a8   0x00000002   Code   RO          462    i.BusFault_Handler  stm32f10x_it.o
    0x080013aa   0x080013aa   0x00000002   PAD
    0x080013ac   0x080013ac   0x0000006c   Code   RO          381    i.CMDBuf_Deal       mqtt.o
    0x08001418   0x08001418   0x0000006c   Code   RO          764    i.DHT11_Check       dht11.o
    0x08001484   0x08001484   0x00000034   Code   RO          765    i.DHT11_Init        dht11.o
    0x080014b8   0x080014b8   0x00000058   Code   RO          766    i.DHT11_Read_Bit    dht11.o
    0x08001510   0x08001510   0x0000001e   Code   RO          767    i.DHT11_Read_Byte   dht11.o
    0x0800152e   0x0800152e   0x0000005c   Code   RO          768    i.DHT11_Read_Data   dht11.o
    0x0800158a   0x0800158a   0x00000002   PAD
    0x0800158c   0x0800158c   0x00000040   Code   RO          769    i.DHT11_Rst         dht11.o
    0x080015cc   0x080015cc   0x00000002   Code   RO          463    i.DebugMon_Handler  stm32f10x_it.o
    0x080015ce   0x080015ce   0x00000002   PAD
    0x080015d0   0x080015d0   0x0000004c   Code   RO          313    i.DelayMs           delay.o
    0x0800161c   0x0800161c   0x0000004c   Code   RO          314    i.DelayUs           delay.o
    0x08001668   0x08001668   0x00000044   Code   RO          315    i.Delay_Init        delay.o
    0x080016ac   0x080016ac   0x0000004c   Code   RO         2763    i.FLASH_ErasePage   stm32f10x_flash.o
    0x080016f8   0x080016f8   0x00000034   Code   RO         2764    i.FLASH_GetBank1Status  stm32f10x_flash.o
    0x0800172c   0x0800172c   0x00000014   Code   RO         2773    i.FLASH_Lock        stm32f10x_flash.o
    0x08001740   0x08001740   0x00000040   Code   RO         2776    i.FLASH_ProgramHalfWord  stm32f10x_flash.o
    0x08001780   0x08001780   0x00000018   Code   RO         2781    i.FLASH_Unlock      stm32f10x_flash.o
    0x08001798   0x08001798   0x00000026   Code   RO         2785    i.FLASH_WaitForLastOperation  stm32f10x_flash.o
    0x080017be   0x080017be   0x00000002   PAD
    0x080017c0   0x080017c0   0x00000038   Code   RO         1012    i.Fans_Init         relay.o
    0x080017f8   0x080017f8   0x00000014   Code   RO         1013    i.Fans_Off          relay.o
    0x0800180c   0x0800180c   0x00000014   Code   RO         1014    i.Fans_On           relay.o
    0x08001820   0x08001820   0x00000116   Code   RO         2350    i.GPIO_Init         stm32f10x_gpio.o
    0x08001936   0x08001936   0x00000012   Code   RO         2354    i.GPIO_ReadInputDataBit  stm32f10x_gpio.o
    0x08001948   0x08001948   0x00000004   Code   RO         2357    i.GPIO_ResetBits    stm32f10x_gpio.o
    0x0800194c   0x0800194c   0x00000004   Code   RO         2358    i.GPIO_SetBits      stm32f10x_gpio.o
    0x08001950   0x08001950   0x0000000a   Code   RO         2361    i.GPIO_WriteBit     stm32f10x_gpio.o
    0x0800195a   0x0800195a   0x00000002   PAD
    0x0800195c   0x0800195c   0x00000034   Code   RO          906    i.Get_Adc3          adc.o
    0x08001990   0x08001990   0x00000034   Code   RO          907    i.Get_Soil_Adc      adc.o
    0x080019c4   0x080019c4   0x0000006c   Code   RO          908    i.Get_Soil_Adc_Average  adc.o
    0x08001a30   0x08001a30   0x00000002   Code   RO          464    i.HardFault_Handler  stm32f10x_it.o
    0x08001a32   0x08001a32   0x00000002   PAD
    0x08001a34   0x08001a34   0x00000028   Code   RO         1113    i.IIC_Start         oled.o
    0x08001a5c   0x08001a5c   0x00000020   Code   RO         1114    i.IIC_Stop          oled.o
    0x08001a7c   0x08001a7c   0x00000018   Code   RO         1115    i.IIC_Wait_Ack      oled.o
    0x08001a94   0x08001a94   0x00000180   Code   RO          382    i.IoT_Parameter_Init  mqtt.o
    0x08001c14   0x08001c14   0x00000038   Code   RO          339    i.LED2_Init         led.o
    0x08001c4c   0x08001c4c   0x00000014   Code   RO          340    i.LED2_Off          led.o
    0x08001c60   0x08001c60   0x00000014   Code   RO          341    i.LED2_On           led.o
    0x08001c74   0x08001c74   0x00000034   Code   RO          342    i.LED_Init          led.o
    0x08001ca8   0x08001ca8   0x00000010   Code   RO          343    i.LED_Off           led.o
    0x08001cb8   0x08001cb8   0x00000010   Code   RO          344    i.LED_On            led.o
    0x08001cc8   0x08001cc8   0x0000003c   Code   RO          883    i.Lsens_Get_Val     lsens.o
    0x08001d04   0x08001d04   0x0000002c   Code   RO          884    i.Lsens_Init        lsens.o
    0x08001d30   0x08001d30   0x000000b0   Code   RO          383    i.MQTT_Buff_Init    mqtt.o
    0x08001de0   0x08001de0   0x00000218   Code   RO          384    i.MQTT_ConectPack   mqtt.o
    0x08001ff8   0x08001ff8   0x00000108   Code   RO          385    i.MQTT_DealPushdata_Qs0  mqtt.o
    0x08002100   0x08002100   0x0000001c   Code   RO          386    i.MQTT_PingREQ      mqtt.o
    0x0800211c   0x0800211c   0x000000ec   Code   RO          387    i.MQTT_PublishQs0   mqtt.o
    0x08002208   0x08002208   0x00000098   Code   RO          388    i.MQTT_Subscribe    mqtt.o
    0x080022a0   0x080022a0   0x00000002   Code   RO          465    i.MemManage_Handler  stm32f10x_it.o
    0x080022a2   0x080022a2   0x00000024   Code   RO          274    i.Myatoi            control.o
    0x080022c6   0x080022c6   0x00000002   Code   RO          466    i.NMI_Handler       stm32f10x_it.o
    0x080022c8   0x080022c8   0x00000070   Code   RO         1380    i.NVIC_Init         misc.o
    0x08002338   0x08002338   0x00000014   Code   RO         1381    i.NVIC_PriorityGroupConfig  misc.o
    0x0800234c   0x0800234c   0x0000003e   Code   RO         1116    i.OLED_Clear        oled.o
    0x0800238a   0x0800238a   0x0000004e   Code   RO         1117    i.OLED_Clear_Part   oled.o
    0x080023d8   0x080023d8   0x00000114   Code   RO         1121    i.OLED_Init         oled.o
    0x080024ec   0x080024ec   0x00000028   Code   RO         1123    i.OLED_Set_Pos      oled.o
    0x08002514   0x08002514   0x000000a4   Code   RO         1125    i.OLED_ShowChar     oled.o
    0x080025b8   0x080025b8   0x00000088   Code   RO         1126    i.OLED_ShowNum      oled.o
    0x08002640   0x08002640   0x0000003a   Code   RO         1127    i.OLED_ShowString   oled.o
    0x0800267a   0x0800267a   0x00000018   Code   RO         1128    i.OLED_WR_Byte      oled.o
    0x08002692   0x08002692   0x00000002   Code   RO          467    i.PendSV_Handler    stm32f10x_it.o
    0x08002694   0x08002694   0x00000018   Code   RO         1416    i.RCC_ADCCLKConfig  stm32f10x_rcc.o
    0x080026ac   0x080026ac   0x00000020   Code   RO         1418    i.RCC_APB1PeriphClockCmd  stm32f10x_rcc.o
    0x080026cc   0x080026cc   0x00000020   Code   RO         1419    i.RCC_APB1PeriphResetCmd  stm32f10x_rcc.o
    0x080026ec   0x080026ec   0x00000020   Code   RO         1420    i.RCC_APB2PeriphClockCmd  stm32f10x_rcc.o
    0x0800270c   0x0800270c   0x00000020   Code   RO         1421    i.RCC_APB2PeriphResetCmd  stm32f10x_rcc.o
    0x0800272c   0x0800272c   0x000000d4   Code   RO         1428    i.RCC_GetClocksFreq  stm32f10x_rcc.o
    0x08002800   0x08002800   0x00000034   Code   RO         1015    i.Relay2_Init       relay.o
    0x08002834   0x08002834   0x00000010   Code   RO         1016    i.Relay2_Off        relay.o
    0x08002844   0x08002844   0x00000010   Code   RO         1017    i.Relay2_On         relay.o
    0x08002854   0x08002854   0x00000034   Code   RO         1018    i.Relay_Init        relay.o
    0x08002888   0x08002888   0x00000010   Code   RO         1019    i.Relay_Off         relay.o
    0x08002898   0x08002898   0x00000010   Code   RO         1020    i.Relay_On          relay.o
    0x080028a8   0x080028a8   0x000000bc   Code   RO         1286    i.STEP_MOTOR_8A     step_motor.o
    0x08002964   0x08002964   0x00000074   Code   RO         1287    i.STEP_MOTOR_Init   step_motor.o
    0x080029d8   0x080029d8   0x00000022   Code   RO         1288    i.STEP_MOTOR_LOOP   step_motor.o
    0x080029fa   0x080029fa   0x00000002   PAD
    0x080029fc   0x080029fc   0x0000005c   Code   RO         1289    i.STEP_MOTOR_NUM    step_motor.o
    0x08002a58   0x08002a58   0x00000010   Code   RO         1290    i.STEP_MOTOR_OFF    step_motor.o
    0x08002a68   0x08002a68   0x00000022   Code   RO         1072    i.STMFLASH_Read     stmflash.o
    0x08002a8a   0x08002a8a   0x00000006   Code   RO         1073    i.STMFLASH_ReadHalfWord  stmflash.o
    0x08002a90   0x08002a90   0x000000e8   Code   RO         1074    i.STMFLASH_Write    stmflash.o
    0x08002b78   0x08002b78   0x00000026   Code   RO         1075    i.STMFLASH_Write_NoCheck  stmflash.o
    0x08002b9e   0x08002b9e   0x00000002   Code   RO          468    i.SVC_Handler       stm32f10x_it.o
    0x08002ba0   0x08002ba0   0x000000e8   Code   RO          275    i.Send_Data         control.o
    0x08002c88   0x08002c88   0x000000a8   Code   RO          276    i.Send_Status       control.o
    0x08002d30   0x08002d30   0x00000008   Code   RO         1339    i.SetSysClock       system_stm32f10x.o
    0x08002d38   0x08002d38   0x000000e0   Code   RO         1340    i.SetSysClockTo72   system_stm32f10x.o
    0x08002e18   0x08002e18   0x00000028   Code   RO         1384    i.SysTick_CLKSourceConfig  misc.o
    0x08002e40   0x08002e40   0x00000002   Code   RO          469    i.SysTick_Handler   stm32f10x_it.o
    0x08002e42   0x08002e42   0x00000002   PAD
    0x08002e44   0x08002e44   0x00000060   Code   RO         1342    i.SystemInit        system_stm32f10x.o
    0x08002ea4   0x08002ea4   0x00000076   Code   RO          574    i.TIM2_ENABLE_5S    timer2.o
    0x08002f1a   0x08002f1a   0x00000002   PAD
    0x08002f1c   0x08002f1c   0x000003dc   Code   RO          470    i.TIM2_IRQHandler   stm32f10x_it.o
    0x080032f8   0x080032f8   0x00000078   Code   RO          586    i.TIM3_ENABLE_2S    timer3.o
    0x08003370   0x08003370   0x00000078   Code   RO          587    i.TIM3_ENABLE_30S   timer3.o
    0x080033e8   0x080033e8   0x0000006c   Code   RO          471    i.TIM3_IRQHandler   stm32f10x_it.o
    0x08003454   0x08003454   0x00000098   Code   RO          472    i.TIM4_IRQHandler   stm32f10x_it.o
    0x080034ec   0x080034ec   0x00000070   Code   RO          604    i.TIM4_Init         timer4.o
    0x0800355c   0x0800355c   0x000000cc   Code   RO          473    i.TIM5_IRQHandler   stm32f10x_it.o
    0x08003628   0x08003628   0x0000006c   Code   RO          868    i.TIM5_Init         timer5.o
    0x08003694   0x08003694   0x000006e8   Code   RO          474    i.TIM6_IRQHandler   stm32f10x_it.o
    0x08003d7c   0x08003d7c   0x0000006c   Code   RO         1271    i.TIM6_Init         timer6.o
    0x08003de8   0x08003de8   0x00000006   Code   RO         1627    i.TIM_ClearITPendingBit  stm32f10x_tim.o
    0x08003dee   0x08003dee   0x00000018   Code   RO         1632    i.TIM_Cmd           stm32f10x_tim.o
    0x08003e06   0x08003e06   0x00000002   PAD
    0x08003e08   0x08003e08   0x000001e8   Code   RO         1637    i.TIM_DeInit        stm32f10x_tim.o
    0x08003ff0   0x08003ff0   0x00000012   Code   RO         1652    i.TIM_GetFlagStatus  stm32f10x_tim.o
    0x08004002   0x08004002   0x00000022   Code   RO         1653    i.TIM_GetITStatus   stm32f10x_tim.o
    0x08004024   0x08004024   0x00000012   Code   RO         1657    i.TIM_ITConfig      stm32f10x_tim.o
    0x08004036   0x08004036   0x00000004   Code   RO         1697    i.TIM_SetCounter    stm32f10x_tim.o
    0x0800403a   0x0800403a   0x00000002   PAD
    0x0800403c   0x0800403c   0x000000a4   Code   RO         1703    i.TIM_TimeBaseInit  stm32f10x_tim.o
    0x080040e0   0x080040e0   0x00000078   Code   RO         2960    i.T_json            json.o
    0x08004158   0x08004158   0x00000064   Code   RO          389    i.TxDataBuf_Deal    mqtt.o
    0x080041bc   0x080041bc   0x0000007c   Code   RO          475    i.USART2_IRQHandler  stm32f10x_it.o
    0x08004238   0x08004238   0x00000012   Code   RO         2164    i.USART_ClearFlag   stm32f10x_usart.o
    0x0800424a   0x0800424a   0x00000018   Code   RO         2168    i.USART_Cmd         stm32f10x_usart.o
    0x08004262   0x08004262   0x00000002   PAD
    0x08004264   0x08004264   0x0000009c   Code   RO         2170    i.USART_DeInit      stm32f10x_usart.o
    0x08004300   0x08004300   0x00000054   Code   RO         2172    i.USART_GetITStatus  stm32f10x_usart.o
    0x08004354   0x08004354   0x0000004a   Code   RO         2174    i.USART_ITConfig    stm32f10x_usart.o
    0x0800439e   0x0800439e   0x00000002   PAD
    0x080043a0   0x080043a0   0x000000d8   Code   RO         2175    i.USART_Init        stm32f10x_usart.o
    0x08004478   0x08004478   0x00000002   Code   RO          476    i.UsageFault_Handler  stm32f10x_it.o
    0x0800447a   0x0800447a   0x00000002   PAD
    0x0800447c   0x0800447c   0x00000080   Code   RO          619    i.Usart1_Init       usart1.o
    0x080044fc   0x080044fc   0x000000b8   Code   RO          660    i.Usart2_Init       usart2.o
    0x080045b4   0x080045b4   0x000002f0   Code   RO          695    i.WiFi_Connect_IoTServer  wifi.o
    0x080048a4   0x080048a4   0x00000154   Code   RO          696    i.WiFi_Connect_Server  wifi.o
    0x080049f8   0x080049f8   0x00000034   Code   RO          697    i.WiFi_EnableIO_Init  wifi.o
    0x08004a2c   0x08004a2c   0x000000a8   Code   RO          698    i.WiFi_JoinAP       wifi.o
    0x08004ad4   0x08004ad4   0x00000070   Code   RO          699    i.WiFi_Reset        wifi.o
    0x08004b44   0x08004b44   0x00000034   Code   RO          700    i.WiFi_ResetIO_Init  wifi.o
    0x08004b78   0x08004b78   0x00000074   Code   RO          701    i.WiFi_SendCmd      wifi.o
    0x08004bec   0x08004bec   0x00000054   Code   RO         1129    i.Write_IIC_Byte    oled.o
    0x08004c40   0x08004c40   0x0000002c   Code   RO         1130    i.Write_IIC_Command  oled.o
    0x08004c6c   0x08004c6c   0x0000002c   Code   RO         1131    i.Write_IIC_Data    oled.o
    0x08004c98   0x08004c98   0x00000028   Code   RO         3086    i.__0sprintf$3      mc_w.l(printf3.o)
    0x08004cc0   0x08004cc0   0x00000024   Code   RO         3234    i.__0vsprintf       mc_w.l(printfa.o)
    0x08004ce4   0x08004ce4   0x00000008   Code   RO         3314    i.__aeabi_errno_addr  mc_w.l(errno.o)
    0x08004cec   0x08004cec   0x0000000e   Code   RO         3379    i.__scatterload_copy  mc_w.l(handlers.o)
    0x08004cfa   0x08004cfa   0x00000002   Code   RO         3380    i.__scatterload_null  mc_w.l(handlers.o)
    0x08004cfc   0x08004cfc   0x0000000e   Code   RO         3381    i.__scatterload_zeroinit  mc_w.l(handlers.o)
    0x08004d0a   0x08004d0a   0x00000002   PAD
    0x08004d0c   0x08004d0c   0x00000184   Code   RO         3235    i._fp_digits        mc_w.l(printfa.o)
    0x08004e90   0x08004e90   0x000001b8   Code   RO         3091    i._printf_core      mc_w.l(printf3.o)
    0x08005048   0x08005048   0x000006dc   Code   RO         3236    i._printf_core      mc_w.l(printfa.o)
    0x08005724   0x08005724   0x00000024   Code   RO         3237    i._printf_post_padding  mc_w.l(printfa.o)
    0x08005748   0x08005748   0x0000002e   Code   RO         3238    i._printf_pre_padding  mc_w.l(printfa.o)
    0x08005776   0x08005776   0x0000000a   Code   RO         3093    i._sputc            mc_w.l(printf3.o)
    0x08005780   0x08005780   0x0000000a   Code   RO         3240    i._sputc            mc_w.l(printfa.o)
    0x0800578a   0x0800578a   0x00000002   PAD
    0x0800578c   0x0800578c   0x00000ce4   Code   RO          173    i.main              main.o
    0x08006470   0x08006470   0x00000068   Code   RO         1133    i.oled_dispaly      oled.o
    0x080064d8   0x080064d8   0x00000016   Code   RO         1134    i.oled_pow          oled.o
    0x080064ee   0x080064ee   0x00000002   PAD
    0x080064f0   0x080064f0   0x0000005c   Code   RO          622    i.u1_printf         usart1.o
    0x0800654c   0x0800654c   0x00000068   Code   RO          661    i.u2_TxData         usart2.o
    0x080065b4   0x080065b4   0x0000005c   Code   RO          662    i.u2_printf         usart2.o
    0x08006610   0x08006610   0x00000818   Data   RO         1135    .constdata          oled.o
    0x08006e28   0x08006e28   0x00000081   Data   RO         3343    .constdata          mc_w.l(ctype_o.o)
    0x08006ea9   0x08006ea9   0x00000003   PAD
    0x08006eac   0x08006eac   0x00000004   Data   RO         3344    .constdata          mc_w.l(ctype_o.o)
    0x08006eb0   0x08006eb0   0x000000a1   Data   RO          175    .conststring        main.o
    0x08006f51   0x08006f51   0x00000003   PAD
    0x08006f54   0x08006f54   0x000000a6   Data   RO          278    .conststring        control.o
    0x08006ffa   0x08006ffa   0x00000002   PAD
    0x08006ffc   0x08006ffc   0x0000004e   Data   RO          478    .conststring        stm32f10x_it.o
    0x0800704a   0x0800704a   0x00000002   PAD
    0x0800704c   0x0800704c   0x00000020   Data   RO         3377    Region$$Table       anon$$obj.o


    Execution Region ER_RW (Exec base: 0x20000000, Load base: 0x0800706c, Size: 0x00000114, Max: 0xffffffff, ABSOLUTE)

    Exec Addr    Load Addr    Size         Type   Attr      Idx    E Section Name        Object

    0x20000000   0x0800706c   0x0000007d   Data   RW          176    .data               main.o
    0x2000007d   0x080070e9   0x00000001   PAD
    0x2000007e   0x080070ea   0x00000004   Data   RW          316    .data               delay.o
    0x20000082   0x080070ee   0x00000002   PAD
    0x20000084   0x080070f0   0x00000044   Data   RW          391    .data               mqtt.o
    0x200000c8   0x08007134   0x00000008   Data   RW          479    .data               stm32f10x_it.o
    0x200000d0   0x0800713c   0x00000008   Data   RW          664    .data               usart2.o
    0x200000d8   0x08007144   0x00000001   Data   RW          704    .data               wifi.o
    0x200000d9   0x08007145   0x00000003   PAD
    0x200000dc   0x08007148   0x00000004   Data   RW          914    .data               adc.o
    0x200000e0   0x0800714c   0x00000001   Data   RW         1291    .data               step_motor.o
    0x200000e1   0x0800714d   0x00000003   PAD
    0x200000e4   0x08007150   0x00000014   Data   RW         1343    .data               system_stm32f10x.o
    0x200000f8   0x08007164   0x00000014   Data   RW         1448    .data               stm32f10x_rcc.o
    0x2000010c   0x08007178   0x00000004   Data   RW         2988    .data               mc_w.l(strtok.o)
    0x20000110   0x0800717c   0x00000004   Data   RW         3317    .data               mc_w.l(errno.o)


    Execution Region ER_ZI (Exec base: 0x20000114, Load base: 0x08007180, Size: 0x000035bc, Max: 0xffffffff, ABSOLUTE)

    Exec Addr    Load Addr    Size         Type   Attr      Idx    E Section Name        Object

    0x20000114        -       0x0000000c   Zero   RW          174    .bss                main.o
    0x20000120        -       0x0000208c   Zero   RW          390    .bss                mqtt.o
    0x200021ac        -       0x00000021   Zero   RW          477    .bss                stm32f10x_it.o
    0x200021cd   0x08007180   0x00000003   PAD
    0x200021d0        -       0x00000100   Zero   RW          623    .bss                usart1.o
    0x200022d0        -       0x00000800   Zero   RW          663    .bss                usart2.o
    0x20002ad0        -       0x00000800   Zero   RW         1077    .bss                stmflash.o
    0x200032d0        -       0x00000400   Zero   RW         1373    STACK               startup_stm32f10x_hd.o


==============================================================================

Image component sizes


      Code (inc. data)   RO Data    RW Data    ZI Data      Debug   Object Name

       484         40          0          4          0       3133   adc.o
        96         18          0          0          0       1345   beep.o
       436        106        166          0          0       1923   control.o
         0          0          0          0          0         32   core_cm3.o
       220         26          0          4          0       1665   delay.o
       434         22          0          0          0       3432   dht11.o
         0          0          0          0          0     267996   ds18b20.o
       120         60          0          0          0        709   json.o
       180         32          0          0          0       2679   led.o
       104          6          0          0          0       1033   lsens.o
      3300       1296        161        125         12       4129   main.o
       172         22          0          0          0       1933   misc.o
      1984        388          0         68       8332       7656   mqtt.o
      1232         72       2072          0          0      10377   oled.o
       264         46          0          0          0       4064   relay.o
        36          8        304          0       1024        784   startup_stm32f10x_hd.o
       446         28          0          1          0       2977   step_motor.o
       486         24          0          0          0       8246   stm32f10x_adc.o
       274         30          0          0          0       3258   stm32f10x_flash.o
       314          0          0          0          0       4052   stm32f10x_gpio.o
      3362        682         78          8         33      10026   stm32f10x_it.o
       364         50          0         20          0       5911   stm32f10x_rcc.o
       756        106          0          0          0       5220   stm32f10x_tim.o
       572         28          0          0          0       5403   stm32f10x_usart.o
       310         10          0          0       2048       3413   stmflash.o
       328         28          0         20          0       2117   system_stm32f10x.o
       118          0          0          0          0        569   timer2.o
       240         10          0          0          0       1139   timer3.o
       112          6          0          0          0        668   timer4.o
       108          6          0          0          0        668   timer5.o
       108          6          0          0          0        636   timer6.o
       220         18          0          0        256       3670   usart1.o
       380         24          0          8       2048       2676   usart2.o
      1592        806          0          1          0       4502   wifi.o

    ----------------------------------------------------------------------
     19186       4004       2820        268      13756     378041   Object Totals
         0          0         32          0          0          0   (incl. Generated)
        34          0          7          9          3          0   (incl. Padding)

    ----------------------------------------------------------------------

      Code (inc. data)   RO Data    RW Data    ZI Data      Debug   Library Member Name

        56          8          0          0          0         84   __0sscanf.o
        28          0          0          0          0         68   _chval.o
       812          4          0          0          0        112   _scanf.o
       332          0          0          0          0         96   _scanf_int.o
        64          0          0          0          0         84   _sgetc.o
       158          0          0          0          0         92   _strtoul.o
        26          0          0          0          0         80   atoi.o
         8          4        133          0          0         68   ctype_o.o
         0          0          0          0          0          0   entry.o
         0          0          0          0          0          0   entry10a.o
         0          0          0          0          0          0   entry11a.o
         8          4          0          0          0          0   entry2.o
         4          0          0          0          0          0   entry5.o
         0          0          0          0          0          0   entry7b.o
         0          0          0          0          0          0   entry8b.o
         8          4          0          0          0          0   entry9a.o
         8          4          0          4          0         68   errno.o
        30          0          0          0          0          0   handlers.o
        36          8          0          0          0         68   init.o
        18          0          0          0          0         76   isspace_o.o
         0          0          0          0          0          0   iusefp.o
        30          0          0          0          0         68   llshl.o
        36          0          0          0          0         68   llsshr.o
        32          0          0          0          0         68   llushr.o
        26          0          0          0          0         80   memcmp.o
        36          0          0          0          0         68   memcpya.o
        36          0          0          0          0        108   memseta.o
       490         10          0          0          0        252   printf3.o
      2272         86          0          0          0        516   printfa.o
        40          8          0          0          0         84   scanf_char.o
        28          0          0          0          0         76   strcmp.o
        14          0          0          0          0         68   strlen.o
        36          0          0          0          0         80   strstr.o
        68          6          0          4          0         80   strtok.o
       112          0          0          0          0         88   strtol.o
        44          0          0          0          0         80   uidiv.o
        98          0          0          0          0         92   uldiv.o
        48          0          0          0          0         68   cdrcmple.o
       334          0          0          0          0        148   dadd.o
       222          0          0          0          0        100   ddiv.o
       186          0          0          0          0        176   depilogue.o
        48          0          0          0          0         68   dfixul.o
       228          0          0          0          0         96   dmul.o
       176          0          0          0          0        140   fadd.o
       124          0          0          0          0         88   fdiv.o
       110          0          0          0          0        168   fepilogue.o
        50          0          0          0          0         68   ffixi.o
        10          0          0          0          0         68   ffltui.o
       100          0          0          0          0         76   fmul.o

    ----------------------------------------------------------------------
      6638        146        136          8          0       4036   Library Totals
         8          0          3          0          0          0   (incl. Padding)

    ----------------------------------------------------------------------

      Code (inc. data)   RO Data    RW Data    ZI Data      Debug   Library Name

      4994        146        133          8          0       2772   mc_w.l
      1636          0          0          0          0       1264   mf_w.l

    ----------------------------------------------------------------------
      6638        146        136          8          0       4036   Library Totals

    ----------------------------------------------------------------------

==============================================================================


      Code (inc. data)   RO Data    RW Data    ZI Data      Debug   

     25824       4150       2956        276      13756     372193   Grand Totals
     25824       4150       2956        276      13756     372193   ELF Image Totals
     25824       4150       2956        276          0          0   ROM Totals

==============================================================================

    Total RO  Size (Code + RO Data)                28780 (  28.11kB)
    Total RW  Size (RW Data + ZI Data)             14032 (  13.70kB)
    Total ROM Size (Code + RO Data + RW Data)      29056 (  28.38kB)

==============================================================================

