Component: ARM Compiler 5.06 update 6 (build 750) Tool: armlink [4d35ed]

==============================================================================

Section Cross References

    main.o(i.main) refers to _scanf_int.o(.text) for _scanf_int
    main.o(i.main) refers to delay.o(i.Delay_Init) for Delay_Init
    main.o(i.main) refers to usart1.o(i.Usart1_Init) for Usart1_Init
    main.o(i.main) refers to usart2.o(i.Usart2_Init) for Usart2_Init
    main.o(i.main) refers to timer4.o(i.TIM4_Init) for TIM4_Init
    main.o(i.main) refers to led.o(i.LED_Init) for LED_Init
    main.o(i.main) refers to beep.o(i.BEEP_Init) for BEEP_Init
    main.o(i.main) refers to lsens.o(i.Lsens_Init) for Lsens_Init
    main.o(i.main) refers to dht11.o(i.DHT11_Init) for DHT11_Init
    main.o(i.main) refers to relay.o(i.Relay_Init) for Relay_Init
    main.o(i.main) refers to relay.o(i.Relay2_Init) for Relay2_Init
    main.o(i.main) refers to adc.o(i.Adc_Soil_Init) for Adc_Soil_Init
    main.o(i.main) refers to oled.o(i.OLED_Init) for OLED_Init
    main.o(i.main) refers to oled.o(i.OLED_Clear) for OLED_Clear
    main.o(i.main) refers to wifi.o(i.WiFi_EnableIO_Init) for WiFi_EnableIO_Init
    main.o(i.main) refers to wifi.o(i.WiFi_ResetIO_Init) for WiFi_ResetIO_Init
    main.o(i.main) refers to mqtt.o(i.IoT_Parameter_Init) for IoT_Parameter_Init
    main.o(i.main) refers to oled.o(i.OLED_ShowString) for OLED_ShowString
    main.o(i.main) refers to stmflash.o(i.STMFLASH_Read) for STMFLASH_Read
    main.o(i.main) refers to usart1.o(i.u1_printf) for u1_printf
    main.o(i.main) refers to __0sscanf.o(.text) for __0sscanf
    main.o(i.main) refers to usart2.o(i.u2_TxData) for u2_TxData
    main.o(i.main) refers to timer3.o(i.TIM3_ENABLE_30S) for TIM3_ENABLE_30S
    main.o(i.main) refers to control.o(i.Send_Status) for Send_Status
    main.o(i.main) refers to control.o(i.Send_Data) for Send_Data
    main.o(i.main) refers to timer5.o(i.TIM5_Init) for TIM5_Init
    main.o(i.main) refers to timer2.o(i.TIM2_ENABLE_5S) for TIM2_ENABLE_5S
    main.o(i.main) refers to mqtt.o(i.MQTT_DealPushdata_Qs0) for MQTT_DealPushdata_Qs0
    main.o(i.main) refers to strlen.o(.text) for strlen
    main.o(i.main) refers to memcmp.o(.text) for memcmp
    main.o(i.main) refers to strtok.o(.text) for strtok
    main.o(i.main) refers to atoi.o(.text) for atoi
    main.o(i.main) refers to mqtt.o(.data) for connectFlag
    main.o(i.main) refers to main.o(.bss) for Max_data_buf
    main.o(i.main) refers to main.o(.data) for soil_fa
    main.o(i.main) refers to mqtt.o(.bss) for MQTT_TxDataBuf
    main.o(i.main) refers to led.o(i.LED_On) for LED_On
    main.o(i.main) refers to led.o(i.LED_Off) for LED_Off
    main.o(i.main) refers to beep.o(i.BEEP_On) for BEEP_On
    main.o(i.main) refers to beep.o(i.BEEP_Off) for BEEP_Off
    main.o(i.main) refers to relay.o(i.Relay_On) for Relay_On
    main.o(i.main) refers to relay.o(i.Relay_Off) for Relay_Off
    main.o(i.main) refers to relay.o(i.Relay2_On) for Relay2_On
    main.o(i.main) refers to relay.o(i.Relay2_Off) for Relay2_Off
    main.o(i.main) refers to stm32f10x_tim.o(i.TIM_Cmd) for TIM_Cmd
    main.o(i.main) refers to memseta.o(.text) for __aeabi_memclr
    main.o(i.main) refers to wifi.o(i.WiFi_Connect_IoTServer) for WiFi_Connect_IoTServer
    main.o(i.main) refers to oled.o(i.oled_dispaly) for oled_dispaly
    main.o(i.main) refers to mqtt.o(i.MQTT_Buff_Init) for MQTT_Buff_Init
    main.o(i.main) refers to usart2.o(.data) for Usart2_RxCounter
    main.o(i.main) refers to usart2.o(.bss) for Usart2_RxBuff
    main.o(.data) refers to main.o(.conststring) for .conststring
    ds18b20.o(i.DS18B20_Check) refers to ds18b20.o(i.DS18B20_IO_IN) for DS18B20_IO_IN
    ds18b20.o(i.DS18B20_Check) refers to delay.o(i.DelayUs) for DelayUs
    ds18b20.o(i.DS18B20_GetTemperU16) refers to ds18b20.o(i.DS18B20_Start) for DS18B20_Start
    ds18b20.o(i.DS18B20_GetTemperU16) refers to ds18b20.o(i.DS18B20_Reset) for DS18B20_Reset
    ds18b20.o(i.DS18B20_GetTemperU16) refers to ds18b20.o(i.DS18B20_Check) for DS18B20_Check
    ds18b20.o(i.DS18B20_GetTemperU16) refers to ds18b20.o(i.DS18B20_Write_Byte) for DS18B20_Write_Byte
    ds18b20.o(i.DS18B20_GetTemperU16) refers to ds18b20.o(i.DS18B20_Read_Byte) for DS18B20_Read_Byte
    ds18b20.o(i.DS18B20_GetTemperture) refers to ds18b20.o(i.DS18B20_Start) for DS18B20_Start
    ds18b20.o(i.DS18B20_GetTemperture) refers to ds18b20.o(i.DS18B20_Reset) for DS18B20_Reset
    ds18b20.o(i.DS18B20_GetTemperture) refers to ds18b20.o(i.DS18B20_Check) for DS18B20_Check
    ds18b20.o(i.DS18B20_GetTemperture) refers to ds18b20.o(i.DS18B20_Write_Byte) for DS18B20_Write_Byte
    ds18b20.o(i.DS18B20_GetTemperture) refers to ds18b20.o(i.DS18B20_Read_Byte) for DS18B20_Read_Byte
    ds18b20.o(i.DS18B20_GetTemperture) refers to dfltui.o(.text) for __aeabi_ui2d
    ds18b20.o(i.DS18B20_GetTemperture) refers to dmul.o(.text) for __aeabi_dmul
    ds18b20.o(i.DS18B20_GetTemperture) refers to d2f.o(.text) for __aeabi_d2f
[...]
    .text                                    0x08000bf8   Section       48  cdrcmple.o(.text)
    .text                                    0x08000c28   Section       36  init.o(.text)
    .text                                    0x08000c4c   Section        0  ctype_o.o(.text)
    .text                                    0x08000c54   Section        0  isspace_o.o(.text)
    .text                                    0x08000c68   Section        0  _scanf.o(.text)
    .text                                    0x08000f94   Section        0  _strtoul.o(.text)
    i.ADC_Cmd                                0x08001032   Section        0  stm32f10x_adc.o(i.ADC_Cmd)
    i.ADC_DeInit                             0x08001048   Section        0  stm32f10x_adc.o(i.ADC_DeInit)
    i.ADC_GetCalibrationStatus               0x080010a4   Section        0  stm32f10x_adc.o(i.ADC_GetCalibrationStatus)
    i.ADC_GetConversionValue                 0x080010b8   Section        0  stm32f10x_adc.o(i.ADC_GetConversionValue)
    i.ADC_GetFlagStatus                      0x080010c0   Section        0  stm32f10x_adc.o(i.ADC_GetFlagStatus)
    i.ADC_GetResetCalibrationStatus          0x080010d2   Section        0  stm32f10x_adc.o(i.ADC_GetResetCalibrationStatus)
    i.ADC_Init                               0x080010e8   Section        0  stm32f10x_adc.o(i.ADC_Init)
    i.ADC_RegularChannelConfig               0x08001138   Section        0  stm32f10x_adc.o(i.ADC_RegularChannelConfig)
    i.ADC_ResetCalibration                   0x080011f0   Section        0  stm32f10x_adc.o(i.ADC_ResetCalibration)
    i.ADC_SoftwareStartConvCmd               0x080011fa   Section        0  stm32f10x_adc.o(i.ADC_SoftwareStartConvCmd)
    i.ADC_StartCalibration                   0x08001210   Section        0  stm32f10x_adc.o(i.ADC_StartCalibration)
    i.Adc3_Init                              0x0800121c   Section        0  adc.o(i.Adc3_Init)
    i.Adc_Soil_Init                          0x08001298   Section        0  adc.o(i.Adc_Soil_Init)
    i.BEEP_Init                              0x0800132c   Section        0  beep.o(i.BEEP_Init)
    i.BEEP_Off                               0x08001364   Section        0  beep.o(i.BEEP_Off)
    i.BEEP_On                                0x08001378   Section        0  beep.o(i.BEEP_On)
    i.BusFault_Handler                       0x0800138c   Section        0  stm32f10x_it.o(i.BusFault_Handler)
    i.CMDBuf_Deal                            0x08001390   Section        0  mqtt.o(i.CMDBuf_Deal)
    i.DHT11_Check                            0x080013fc   Section        0  dht11.o(i.DHT11_Check)
    i.DHT11_Init                             0x08001468   Section        0  dht11.o(i.DHT11_Init)
    i.DHT11_Read_Bit                         0x0800149c   Section        0  dht11.o(i.DHT11_Read_Bit)
    i.DHT11_Read_Byte                        0x080014f4   Section        0  dht11.o(i.DHT11_Read_Byte)
    i.DHT11_Read_Data                        0x08001512   Section        0  dht11.o(i.DHT11_Read_Data)
    i.DHT11_Rst                              0x08001570   Section        0  dht11.o(i.DHT11_Rst)
    i.DebugMon_Handler                       0x080015b0   Section        0  stm32f10x_it.o(i.DebugMon_Handler)
    i.DelayMs                                0x080015b4   Section        0  delay.o(i.DelayMs)
    i.DelayUs                                0x08001600   Section        0  delay.o(i.DelayUs)
    i.Delay_Init                             0x0800164c   Section        0  delay.o(i.Delay_Init)
    i.FLASH_ErasePage                        0x08001690   Section        0  stm32f10x_flash.o(i.FLASH_ErasePage)
    i.FLASH_GetBank1Status                   0x080016dc   Section        0  stm32f10x_flash.o(i.FLASH_GetBank1Status)
    i.FLASH_Lock                             0x08001710   Section        0  stm32f10x_flash.o(i.FLASH_Lock)
    i.FLASH_ProgramHalfWord                  0x08001724   Section        0  stm32f10x_flash.o(i.FLASH_ProgramHalfWord)
    i.FLASH_Unlock                           0x08001764   Section        0  stm32f10x_flash.o(i.FLASH_Unlock)
    i.FLASH_WaitForLastOperation             0x0800177c   Section        0  stm32f10x_flash.o(i.FLASH_WaitForLastOperation)
    i.GPIO_Init                              0x080017a2   Section        0  stm32f10x_gpio.o(i.GPIO_Init)
    i.GPIO_ReadInputDataBit                  0x080018b8   Section        0  stm32f10x_gpio.o(i.GPIO_ReadInputDataBit)
    i.GPIO_ResetBits                         0x080018ca   Section        0  stm32f10x_gpio.o(i.GPIO_ResetBits)
    i.GPIO_SetBits                           0x080018ce   Section        0  stm32f10x_gpio.o(i.GPIO_SetBits)
    i.GPIO_WriteBit                          0x080018d2   Section        0  stm32f10x_gpio.o(i.GPIO_WriteBit)
    i.Get_Adc3                               0x080018dc   Section        0  adc.o(i.Get_Adc3)
    i.Get_Soil_Adc                           0x08001910   Section        0  adc.o(i.Get_Soil_Adc)
    i.Get_Soil_Adc_Average                   0x08001944   Section        0  adc.o(i.Get_Soil_Adc_Average)
    i.HardFault_Handler                      0x080019b0   Section        0  stm32f10x_it.o(i.HardFault_Handler)
    i.IIC_Start                              0x080019b4   Section        0  oled.o(i.IIC_Start)
    i.IIC_Stop                               0x080019dc   Section        0  oled.o(i.IIC_Stop)
    i.IIC_Wait_Ack                           0x080019fc   Section        0  oled.o(i.IIC_Wait_Ack)
    i.IoT_Parameter_Init                     0x08001a14   Section        0  mqtt.o(i.IoT_Parameter_Init)
    i.LED_Init                               0x08001b94   Section        0  led.o(i.LED_Init)
    i.LED_Off                                0x08001bc8   Section        0  led.o(i.LED_Off)
    i.LED_On                                 0x08001bd8   Section        0  led.o(i.LED_On)
    i.Lsens_Get_Val                          0x08001be8   Section        0  lsens.o(i.Lsens_Get_Val)
    i.Lsens_Init                             0x08001c24   Section        0  lsens.o(i.Lsens_Init)
    i.MQTT_Buff_Init                         0x08001c50   Section        0  mqtt.o(i.MQTT_Buff_Init)
    i.MQTT_ConectPack                        0x08001d00   Section        0  mqtt.o(i.MQTT_ConectPack)
    i.MQTT_DealPushdata_Qs0                  0x08001f18   Section        0  mqtt.o(i.MQTT_DealPushdata_Qs0)
    i.MQTT_PingREQ                           0x08002020   Section        0  mqtt.o(i.MQTT_PingREQ)
    i.MQTT_PublishQs0                        0x0800203c   Section        0  mqtt.o(i.MQTT_PublishQs0)
    i.MQTT_Subscribe                         0x08002128   Section        0  mqtt.o(i.MQTT_Subscribe)
    i.MemManage_Handler                      0x080021c0   Section        0  stm32f10x_it.o(i.MemManage_Handler)
    i.Myatoi                                 0x080021c2   Section        0  control.o(i.Myatoi)
    i.NMI_Handler                            0x080021e6   Section        0  stm32f10x_it.o(i.NMI_Handler)
    i.NVIC_Init                              0x080021e8   Section        0  misc.o(i.NVIC_Init)
    i.NVIC_PriorityGroupConfig               0x08002258   Section        0  misc.o(i.NVIC_PriorityGroupConfig)
    i.OLED_Clear                             0x0800226c   Section        0  oled.o(i.OLED_Clear)
    i.OLED_Init                              0x080022ac   Section        0  oled.o(i.OLED_Init)
    i.OLED_Set_Pos                           0x080023c0   Section        0  oled.o(i.OLED_Set_Pos)
    i.OLED_ShowChar                          0x080023e8   Section        0  oled.o(i.OLED_ShowChar)
    i.OLED_ShowNum                           0x0800248c   Section        0  oled.o(i.OLED_ShowNum)
    i.OLED_ShowString                        0x08002514   Section        0  oled.o(i.OLED_ShowString)
    i.OLED_WR_Byte                           0x0800254e   Section        0  oled.o(i.OLED_WR_Byte)
    i.PendSV_Handler                         0x08002566   Section        0  stm32f10x_it.o(i.PendSV_Handler)
    i.RCC_ADCCLKConfig                       0x08002568   Section        0  stm32f10x_rcc.o(i.RCC_ADCCLKConfig)
    i.RCC_APB1PeriphClockCmd                 0x08002580   Section        0  stm32f10x_rcc.o(i.RCC_APB1PeriphClockCmd)
    i.RCC_APB1PeriphResetCmd                 0x080025a0   Section        0  stm32f10x_rcc.o(i.RCC_APB1PeriphResetCmd)
    i.RCC_APB2PeriphClockCmd                 0x080025c0   Section        0  stm32f10x_rcc.o(i.RCC_APB2PeriphClockCmd)
    i.RCC_APB2PeriphResetCmd                 0x080025e0   Section        0  stm32f10x_rcc.o(i.RCC_APB2PeriphResetCmd)
    i.RCC_GetClocksFreq                      0x08002600   Section        0  stm32f10x_rcc.o(i.RCC_GetClocksFreq)
    i.Relay2_Init                            0x080026d4   Section        0  relay.o(i.Relay2_Init)
    i.Relay2_Off                             0x08002708   Section        0  relay.o(i.Relay2_Off)
    i.Relay2_On                              0x08002718   Section        0  relay.o(i.Relay2_On)
    i.Relay_Init                             0x08002728   Section        0  relay.o(i.Relay_Init)
    i.Relay_Off                              0x0800275c   Section        0  relay.o(i.Relay_Off)
    i.Relay_On                               0x0800276c   Section        0  relay.o(i.Relay_On)
    i.STMFLASH_Read                          0x0800277c   Section        0  stmflash.o(i.STMFLASH_Read)
    i.STMFLASH_ReadHalfWord                  0x0800279e   Section        0  stmflash.o(i.STMFLASH_ReadHalfWord)
    i.STMFLASH_Write                         0x080027a4   Section        0  stmflash.o(i.STMFLASH_Write)
    i.STMFLASH_Write_NoCheck                 0x0800288c   Section        0  stmflash.o(i.STMFLASH_Write_NoCheck)
    i.SVC_Handler                            0x080028b2   Section        0  stm32f10x_it.o(i.SVC_Handler)
    i.Send_Data                              0x080028b4   Section        0  control.o(i.Send_Data)
    i.Send_Status                            0x08002938   Section        0  control.o(i.Send_Status)
    i.SetSysClock                            0x080029cc   Section        0  system_stm32f10x.o(i.SetSysClock)
    SetSysClock                              0x080029cd   Thumb Code     8  system_stm32f10x.o(i.SetSysClock)
    i.SetSysClockTo72                        0x080029d4   Section        0  system_stm32f10x.o(i.SetSysClockTo72)
    SetSysClockTo72                          0x080029d5   Thumb Code   214  system_stm32f10x.o(i.SetSysClockTo72)
    i.SysTick_CLKSourceConfig                0x08002ab4   Section        0  misc.o(i.SysTick_CLKSourceConfig)
    i.SysTick_Handler                        0x08002adc   Section        0  stm32f10x_it.o(i.SysTick_Handler)
    i.SystemInit                             0x08002ae0   Section        0  system_stm32f10x.o(i.SystemInit)
    i.TIM2_ENABLE_5S                         0x08002b40   Section        0  timer2.o(i.TIM2_ENABLE_5S)
    i.TIM2_IRQHandler                        0x08002bb8   Section        0  stm32f10x_it.o(i.TIM2_IRQHandler)
    i.TIM3_ENABLE_2S                         0x08002eb0   Section        0  timer3.o(i.TIM3_ENABLE_2S)
    i.TIM3_ENABLE_30S                        0x08002f28   Section        0  timer3.o(i.TIM3_ENABLE_30S)
    i.TIM3_IRQHandler                        0x08002fa0   Section        0  stm32f10x_it.o(i.TIM3_IRQHandler)
    i.TIM4_IRQHandler                        0x0800300c   Section        0  stm32f10x_it.o(i.TIM4_IRQHandler)
    i.TIM4_Init                              0x080030a4   Section        0  timer4.o(i.TIM4_Init)
    i.TIM5_IRQHandler                        0x08003114   Section        0  stm32f10x_it.o(i.TIM5_IRQHandler)
    i.TIM5_Init                              0x080031a8   Section        0  timer5.o(i.TIM5_Init)
    i.TIM_ClearITPendingBit                  0x08003214   Section        0  stm32f10x_tim.o(i.TIM_ClearITPendingBit)
    i.TIM_Cmd                                0x0800321a   Section        0  stm32f10x_tim.o(i.TIM_Cmd)
    i.TIM_DeInit                             0x08003234   Section        0  stm32f10x_tim.o(i.TIM_DeInit)
    i.TIM_GetFlagStatus                      0x0800341c   Section        0  stm32f10x_tim.o(i.TIM_GetFlagStatus)
    i.TIM_GetITStatus                        0x0800342e   Section        0  stm32f10x_tim.o(i.TIM_GetITStatus)
    i.TIM_ITConfig                           0x08003450   Section        0  stm32f10x_tim.o(i.TIM_ITConfig)
    i.TIM_SetCounter                         0x08003462   Section        0  stm32f10x_tim.o(i.TIM_SetCounter)
    i.TIM_TimeBaseInit                       0x08003468   Section        0  stm32f10x_tim.o(i.TIM_TimeBaseInit)
    i.T_json                                 0x0800350c   Section        0  json.o(i.T_json)
    i.TxDataBuf_Deal                         0x08003584   Section        0  mqtt.o(i.TxDataBuf_Deal)
    i.USART2_IRQHandler                      0x080035e8   Section        0  stm32f10x_it.o(i.USART2_IRQHandler)
    i.USART_ClearFlag                        0x08003664   Section        0  stm32f10x_usart.o(i.USART_ClearFlag)
    i.USART_Cmd                              0x08003676   Section        0  stm32f10x_usart.o(i.USART_Cmd)
    i.USART_DeInit                           0x08003690   Section        0  stm32f10x_usart.o(i.USART_DeInit)
    i.USART_GetITStatus                      0x0800372c   Section        0  stm32f10x_usart.o(i.USART_GetITStatus)
    i.USART_ITConfig                         0x08003780   Section        0  stm32f10x_usart.o(i.USART_ITConfig)
    i.USART_Init                             0x080037cc   Section        0  stm32f10x_usart.o(i.USART_Init)
    i.UsageFault_Handler                     0x080038a4   Section        0  stm32f10x_it.o(i.UsageFault_Handler)
    i.Usart1_Init                            0x080038a8   Section        0  usart1.o(i.Usart1_Init)
    i.Usart2_Init                            0x08003928   Section        0  usart2.o(i.Usart2_Init)
    i.WiFi_Connect_IoTServer                 0x080039e0   Section        0  wifi.o(i.WiFi_Connect_IoTServer)
    i.WiFi_Connect_Server                    0x08003cd0   Section        0  wifi.o(i.WiFi_Connect_Server)
    i.WiFi_EnableIO_Init                     0x08003e24   Section        0  wifi.o(i.WiFi_EnableIO_Init)
    i.WiFi_JoinAP                            0x08003e58   Section        0  wifi.o(i.WiFi_JoinAP)
    i.WiFi_Reset                             0x08003f00   Section        0  wifi.o(i.WiFi_Reset)
    i.WiFi_ResetIO_Init                      0x08003f70   Section        0  wifi.o(i.WiFi_ResetIO_Init)
    i.WiFi_SendCmd                           0x08003fa4   Section        0  wifi.o(i.WiFi_SendCmd)
    i.Write_IIC_Byte                         0x08004018   Section        0  oled.o(i.Write_IIC_Byte)
    i.Write_IIC_Command                      0x0800406c   Section        0  oled.o(i.Write_IIC_Command)
    i.Write_IIC_Data                         0x08004098   Section        0  oled.o(i.Write_IIC_Data)
    i.__0sprintf$3                           0x080040c4   Section        0  printf3.o(i.__0sprintf$3)
    i.__0vsprintf                            0x080040ec   Section        0  printfa.o(i.__0vsprintf)
    i.__aeabi_errno_addr                     0x08004110   Section        0  errno.o(i.__aeabi_errno_addr)
    i.__scatterload_copy                     0x08004118   Section       14  handlers.o(i.__scatterload_copy)
    i.__scatterload_null                     0x08004126   Section        2  handlers.o(i.__scatterload_null)
    i.__scatterload_zeroinit                 0x08004128   Section       14  handlers.o(i.__scatterload_zeroinit)
    i._fp_digits                             0x08004138   Section        0  printfa.o(i._fp_digits)
    _fp_digits                               0x08004139   Thumb Code   366  printfa.o(i._fp_digits)
    i._printf_core                           0x080042bc   Section        0  printf3.o(i._printf_core)
    _printf_core                             0x080042bd   Thumb Code   436  printf3.o(i._printf_core)
    i._printf_core                           0x08004474   Section        0  printfa.o(i._printf_core)
    _printf_core                             0x08004475   Thumb Code  1744  printfa.o(i._printf_core)
    i._printf_post_padding                   0x08004b50   Section        0  printfa.o(i._printf_post_padding)
    _printf_post_padding                     0x08004b51   Thumb Code    36  printfa.o(i._printf_post_padding)
    i._printf_pre_padding                    0x08004b74   Section        0  printfa.o(i._printf_pre_padding)
    _printf_pre_padding                      0x08004b75   Thumb Code    46  printfa.o(i._printf_pre_padding)
    i._sputc                                 0x08004ba2   Section        0  printf3.o(i._sputc)
    _sputc                                   0x08004ba3   Thumb Code    10  printf3.o(i._sputc)
    i._sputc                                 0x08004bac   Section        0  printfa.o(i._sputc)
    _sputc                                   0x08004bad   Thumb Code    10  printfa.o(i._sputc)
    i.main                                   0x08004bb8   Section        0  main.o(i.main)
    i.oled_dispaly                           0x08005684   Section        0  oled.o(i.oled_dispaly)
    i.oled_pow                               0x080056ec   Section        0  oled.o(i.oled_pow)
    i.u1_printf                              0x08005704   Section        0  usart1.o(i.u1_printf)
    i.u2_TxData                              0x08005760   Section        0  usart2.o(i.u2_TxData)
    i.u2_printf                              0x080057c8   Section        0  usart2.o(i.u2_printf)
    .constdata                               0x08005824   Section     2072  oled.o(.constdata)
    .constdata                               0x0800603c   Section      129  ctype_o.o(.constdata)
    .constdata                               0x080060c0   Section        4  ctype_o.o(.constdata)
    table                                    0x080060c0   Data           4  ctype_o.o(.constdata)
    .conststring                             0x080060c4   Section      132  main.o(.conststring)
    .conststring                             0x08006148   Section      143  control.o(.conststring)
    .conststring                             0x080061d8   Section       78  stm32f10x_it.o(.conststring)
    .data                                    0x20000000   Section       89  main.o(.data)
    .data                                    0x2000005a   Section        4  delay.o(.data)
    fac_us                                   0x2000005a   Data           1  delay.o(.data)
    fac_ms                                   0x2000005c   Data           2  delay.o(.data)
    .data                                    0x20000060   Section       68  mqtt.o(.data)
    .data                                    0x200000a4   Section        8  usart2.o(.data)
    .data                                    0x200000ac   Section        1  wifi.o(.data)
    .data                                    0x200000b0   Section        4  adc.o(.data)
    .data                                    0x200000b4   Section       20  system_stm32f10x.o(.data)
    .data                                    0x200000c8   Section       20  stm32f10x_rcc.o(.data)
    APBAHBPrescTable                         0x200000c8   Data          16  stm32f10x_rcc.o(.data)
    ADCPrescTable                            0x200000d8   Data           4  stm32f10x_rcc.o(.data)
    .data                                    0x200000dc   Section        4  strtok.o(.data)
    state                                    0x200000dc   Data           4  strtok.o(.data)
    .data                                    0x200000e0   Section        4  errno.o(.data)
    _errno                                   0x200000e0   Data           4  errno.o(.data)
    .bss                                     0x200000e4   Section       11  main.o(.bss)
    .bss                                     0x200000ef   Section     8332  mqtt.o(.bss)
    .bss                                     0x2000217b   Section       11  stm32f10x_it.o(.bss)
    .bss                                     0x20002188   Section      256  usart1.o(.bss)
    .bss                                     0x20002288   Section     2048  usart2.o(.bss)
    .bss                                     0x20002a88   Section     2048  stmflash.o(.bss)
    STACK                                    0x20003288   Section     1024  startup_stm32f10x_hd.o(STACK)

    Global Symbols

    Symbol Name                              Value     Ov Type        Size  Object(Section)

    BuildAttributes$$THM_ISAv4$P$D$K$B$S$PE$A:L22UL41UL21$X:L11$S22US41US21$IEEE1$IW$USESV6$~STKCKD$USESV7$~SHL$OTIME$ROPI$EBA8$MICROLIB$REQ8$PRES8$EABIv2 0x00000000   Number         0  anon$$obj.o ABSOLUTE
    __ARM_use_no_argv                        0x00000000   Number         0  main.o ABSOLUTE
    __use_no_errno                           0x00000000   Number         0  useno.o ABSOLUTE
    __use_no_exception_handling              0x00000000   Number         0  useno.o ABSOLUTE
    __use_no_fp                              0x00000000   Number         0  useno.o ABSOLUTE
    __use_no_heap                            0x00000000   Number         0  useno.o ABSOLUTE
    __use_no_heap_region                     0x00000000   Number         0  useno.o ABSOLUTE
    __use_no_semihosting                     0x00000000   Number         0  useno.o ABSOLUTE
    __use_no_semihosting_swi                 0x00000000   Number         0  useno.o ABSOLUTE
    __use_no_signal_handling                 0x00000000   Number         0  useno.o ABSOLUTE
    _printf_a                                0x00000000   Number         0  stubs.o ABSOLUTE
    _printf_c                                0x00000000   Number         0  stubs.o ABSOLUTE
    _printf_charcount                        0x00000000   Number         0  stubs.o ABSOLUTE
    _printf_d                                0x00000000   Number         0  stubs.o ABSOLUTE
    _printf_e                                0x00000000   Number         0  stubs.o ABSOLUTE
    _printf_f                                0x00000000   Number         0  stubs.o ABSOLUTE
    _printf_flags                            0x00000000   Number         0  stubs.o ABSOLUTE
    _printf_fp_dec                           0x00000000   Number         0  stubs.o ABSOLUTE
    _printf_fp_hex                           0x00000000   Number         0  stubs.o ABSOLUTE
    _printf_g                                0x00000000   Number         0  stubs.o ABSOLUTE
    _printf_i                                0x00000000   Number         0  stubs.o ABSOLUTE
    _printf_int_dec                          0x00000000   Number         0  stubs.o ABSOLUTE
    _printf_l                                0x00000000   Number         0  stubs.o ABSOLUTE
    _printf_lc                               0x00000000   Number         0  stubs.o ABSOLUTE
    _printf_ll                               0x00000000   Number         0  stubs.o ABSOLUTE
    _printf_lld                              0x00000000   Number         0  stubs.o ABSOLUTE
    _printf_lli                              0x00000000   Number         0  stubs.o ABSOLUTE
    _printf_llo                              0x00000000   Number         0  stubs.o ABSOLUTE
    _printf_llu                              0x00000000   Number         0  stubs.o ABSOLUTE
    _printf_llx                              0x00000000   Number         0  stubs.o ABSOLUTE
    _printf_longlong_dec                     0x00000000   Number         0  stubs.o ABSOLUTE
    _printf_longlong_hex                     0x00000000   Number         0  stubs.o ABSOLUTE
    _printf_longlong_oct                     0x00000000   Number         0  stubs.o ABSOLUTE
    _printf_ls                               0x00000000   Number         0  stubs.o ABSOLUTE
    _printf_mbtowc                           0x00000000   Number         0  stubs.o ABSOLUTE
    _printf_n                                0x00000000   Number         0  stubs.o ABSOLUTE
    _printf_o                                0x00000000   Number         0  stubs.o ABSOLUTE
    _printf_p                                0x00000000   Number         0  stubs.o ABSOLUTE
    _printf_percent                          0x00000000   Number         0  stubs.o ABSOLUTE
    _printf_pre_padding                      0x00000000   Number         0  stubs.o ABSOLUTE
    _printf_return_value                     0x00000000   Number         0  stubs.o ABSOLUTE
    _printf_s                                0x00000000   Number         0  stubs.o ABSOLUTE
    _printf_sizespec                         0x00000000   Number         0  stubs.o ABSOLUTE
    _printf_str                              0x00000000   Number         0  stubs.o ABSOLUTE
    _printf_truncate_signed                  0x00000000   Number         0  stubs.o ABSOLUTE
    _printf_truncate_unsigned                0x00000000   Number         0  stubs.o ABSOLUTE
    _printf_u                                0x00000000   Number         0  stubs.o ABSOLUTE
    _printf_wc                               0x00000000   Number         0  stubs.o ABSOLUTE
    _printf_wctomb                           0x00000000   Number         0  stubs.o ABSOLUTE
    _printf_widthprec                        0x00000000   Number         0  stubs.o ABSOLUTE
    _printf_x                                0x00000000   Number         0  stubs.o ABSOLUTE
    __cpp_initialize__aeabi_                  - Undefined Weak Reference
    __cxa_finalize                            - Undefined Weak Reference
    __decompress                              - Undefined Weak Reference
    _clock_init                               - Undefined Weak Reference
    _microlib_exit                            - Undefined Weak Reference
    _scanf_longlong                           - Undefined Weak Reference
    _scanf_real                               - Undefined Weak Reference
    _scanf_string                             - Undefined Weak Reference
    __Vectors_Size                           0x00000130   Number         0  startup_stm32f10x_hd.o ABSOLUTE
    __Vectors                                0x08000000   Data           4  startup_stm32f10x_hd.o(RESET)
    __Vectors_End                            0x08000130   Data           0  startup_stm32f10x_hd.o(RESET)
    __main                                   0x08000131   Thumb Code     0  entry.o(.ARM.Collect$$$$00000000)
    _main_stk                                0x08000131   Thumb Code     0  entry2.o(.ARM.Collect$$$$00000001)
    _main_scatterload                        0x08000135   Thumb Code     0  entry5.o(.ARM.Collect$$$$00000004)
    __main_after_scatterload                 0x08000139   Thumb Code     0  entry5.o(.ARM.Collect$$$$00000004)
    _main_clock                              0x08000139   Thumb Code     0  entry7b.o(.ARM.Collect$$$$00000008)
    _main_cpp_init                           0x08000139   Thumb Code     0  entry8b.o(.ARM.Collect$$$$0000000A)
    _main_init                               0x08000139   Thumb Code     0  entry9a.o(.ARM.Collect$$$$0000000B)
    __rt_final_cpp                           0x08000141   Thumb Code     0  entry10a.o(.ARM.Collect$$$$0000000D)
    __rt_final_exit                          0x08000141   Thumb Code     0  entry11a.o(.ARM.Collect$$$$0000000F)
    Reset_Handler                            0x08000145   Thumb Code     8  startup_stm32f10x_hd.o(.text)
    ADC1_2_IRQHandler                        0x0800015f   Thumb Code     0  startup_stm32f10x_hd.o(.text)
    ADC3_IRQHandler                          0x0800015f   Thumb Code     0  startup_stm32f10x_hd.o(.text)
    CAN1_RX1_IRQHandler                      0x0800015f   Thumb Code     0  startup_stm32f10x_hd.o(.text)
    CAN1_SCE_IRQHandler                      0x0800015f   Thumb Code     0  startup_stm32f10x_hd.o(.text)
    DMA1_Channel1_IRQHandler                 0x0800015f   Thumb Code     0  startup_stm32f10x_hd.o(.text)
    DMA1_Channel2_IRQHandler                 0x0800015f   Thumb Code     0  startup_stm32f10x_hd.o(.text)
    DMA1_Channel3_IRQHandler                 0x0800015f   Thumb Code     0  startup_stm32f10x_hd.o(.text)
    DMA1_Channel4_IRQHandler                 0x0800015f   Thumb Code     0  startup_stm32f10x_hd.o(.text)
    DMA1_Channel5_IRQHandler                 0x0800015f   Thumb Code     0  startup_stm32f10x_hd.o(.text)
    DMA1_Channel6_IRQHandler                 0x0800015f   Thumb Code     0  startup_stm32f10x_hd.o(.text)
    DMA1_Channel7_IRQHandler                 0x0800015f   Thumb Code     0  startup_stm32f10x_hd.o(.text)
    DMA2_Channel1_IRQHandler                 0x0800015f   Thumb Code     0  startup_stm32f10x_hd.o(.text)
    DMA2_Channel2_IRQHandler                 0x0800015f   Thumb Code     0  startup_stm32f10x_hd.o(.text)
    DMA2_Channel3_IRQHandler                 0x0800015f   Thumb Code     0  startup_stm32f10x_hd.o(.text)
    DMA2_Channel4_5_IRQHandler               0x0800015f   Thumb Code     0  startup_stm32f10x_hd.o(.text)
    EXTI0_IRQHandler                         0x0800015f   Thumb Code     0  startup_stm32f10x_hd.o(.text)
    EXTI15_10_IRQHandler                     0x0800015f   Thumb Code     0  startup_stm32f10x_hd.o(.text)
    EXTI1_IRQHandler                         0x0800015f   Thumb Code     0  startup_stm32f10x_hd.o(.text)
    EXTI2_IRQHandler                         0x0800015f   Thumb Code     0  startup_stm32f10x_hd.o(.text)
    EXTI3_IRQHandler                         0x0800015f   Thumb Code     0  startup_stm32f10x_hd.o(.text)
    EXTI4_IRQHandler                         0x0800015f   Thumb Code     0  startup_stm32f10x_hd.o(.text)
    EXTI9_5_IRQHandler                       0x0800015f   Thumb Code     0  startup_stm32f10x_hd.o(.text)
    FLASH_IRQHandler                         0x0800015f   Thumb Code     0  startup_stm32f10x_hd.o(.text)
    FSMC_IRQHandler                          0x0800015f   Thumb Code     0  startup_stm32f10x_hd.o(.text)
    I2C1_ER_IRQHandler                       0x0800015f   Thumb Code     0  startup_stm32f10x_hd.o(.text)
    I2C1_EV_IRQHandler                       0x0800015f   Thumb Code     0  startup_stm32f10x_hd.o(.text)
    I2C2_ER_IRQHandler                       0x0800015f   Thumb Code     0  startup_stm32f10x_hd.o(.text)
    I2C2_EV_IRQHandler                       0x0800015f   Thumb Code     0  startup_stm32f10x_hd.o(.text)
    PVD_IRQHandler                           0x0800015f   Thumb Code     0  startup_stm32f10x_hd.o(.text)
    RCC_IRQHandler                           0x0800015f   Thumb Code     0  startup_stm32f10x_hd.o(.text)
    RTCAlarm_IRQHandler                      0x0800015f   Thumb Code     0  startup_stm32f10x_hd.o(.text)
    RTC_IRQHandler                           0x0800015f   Thumb Code     0  startup_stm32f10x_hd.o(.text)
    SDIO_IRQHandler                          0x0800015f   Thumb Code     0  startup_stm32f10x_hd.o(.text)
    SPI1_IRQHandler                          0x0800015f   Thumb Code     0  startup_stm32f10x_hd.o(.text)
    SPI2_IRQHandler                          0x0800015f   Thumb Code     0  startup_stm32f10x_hd.o(.text)
    SPI3_IRQHandler                          0x0800015f   Thumb Code     0  startup_stm32f10x_hd.o(.text)
    TAMPER_IRQHandler                        0x0800015f   Thumb Code     0  startup_stm32f10x_hd.o(.text)
    TIM1_BRK_IRQHandler                      0x0800015f   Thumb Code     0  startup_stm32f10x_hd.o(.text)
    TIM1_CC_IRQHandler                       0x0800015f   Thumb Code     0  startup_stm32f10x_hd.o(.text)
    TIM1_TRG_COM_IRQHandler                  0x0800015f   Thumb Code     0  startup_stm32f10x_hd.o(.text)
    TIM1_UP_IRQHandler                       0x0800015f   Thumb Code     0  startup_stm32f10x_hd.o(.text)
    TIM6_IRQHandler                          0x0800015f   Thumb Code     0  startup_stm32f10x_hd.o(.text)
    TIM7_IRQHandler                          0x0800015f   Thumb Code     0  startup_stm32f10x_hd.o(.text)
    TIM8_BRK_IRQHandler                      0x0800015f   Thumb Code     0  startup_stm32f10x_hd.o(.text)
    TIM8_CC_IRQHandler                       0x0800015f   Thumb Code     0  startup_stm32f10x_hd.o(.text)
    TIM8_TRG_COM_IRQHandler                  0x0800015f   Thumb Code     0  startup_stm32f10x_hd.o(.text)
    TIM8_UP_IRQHandler                       0x0800015f   Thumb Code     0  startup_stm32f10x_hd.o(.text)
    UART4_IRQHandler                         0x0800015f   Thumb Code     0  startup_stm32f10x_hd.o(.text)
    UART5_IRQHandler                         0x0800015f   Thumb Code     0  startup_stm32f10x_hd.o(.text)
    USART1_IRQHandler                        0x0800015f   Thumb Code     0  startup_stm32f10x_hd.o(.text)
    USART3_IRQHandler                        0x0800015f   Thumb Code     0  startup_stm32f10x_hd.o(.text)
    USBWakeUp_IRQHandler                     0x0800015f   Thumb Code     0  startup_stm32f10x_hd.o(.text)
    USB_HP_CAN1_TX_IRQHandler                0x0800015f   Thumb Code     0  startup_stm32f10x_hd.o(.text)
    USB_LP_CAN1_RX0_IRQHandler               0x0800015f   Thumb Code     0  startup_stm32f10x_hd.o(.text)
    WWDG_IRQHandler                          0x0800015f   Thumb Code     0  startup_stm32f10x_hd.o(.text)
    __aeabi_memcpy                           0x08000169   Thumb Code    36  memcpya.o(.text)
    __aeabi_memcpy4                          0x08000169   Thumb Code     0  memcpya.o(.text)
    __aeabi_memcpy8                          0x08000169   Thumb Code     0  memcpya.o(.text)
    __aeabi_memset                           0x0800018d   Thumb Code    14  memseta.o(.text)
    __aeabi_memset4                          0x0800018d   Thumb Code     0  memseta.o(.text)
    __aeabi_memset8                          0x0800018d   Thumb Code     0  memseta.o(.text)
    __aeabi_memclr                           0x0800019b   Thumb Code     4  memseta.o(.text)
    __aeabi_memclr4                          0x0800019b   Thumb Code     0  memseta.o(.text)
    __aeabi_memclr8                          0x0800019b   Thumb Code     0  memseta.o(.text)
    _memset$wrapper                          0x0800019f   Thumb Code    18  memseta.o(.text)
    strstr                                   0x080001b1   Thumb Code    36  strstr.o(.text)
    strlen                                   0x080001d5   Thumb Code    14  strlen.o(.text)
    memcmp                                   0x080001e3   Thumb Code    26  memcmp.o(.text)
    strtok                                   0x080001fd   Thumb Code    62  strtok.o(.text)
    __0sscanf                                0x08000241   Thumb Code    48  __0sscanf.o(.text)
    _scanf_int                               0x08000279   Thumb Code   332  _scanf_int.o(.text)
    atoi                                     0x080003c5   Thumb Code    26  atoi.o(.text)
    __aeabi_fadd                             0x080003df   Thumb Code   164  fadd.o(.text)
    __aeabi_fsub                             0x08000483   Thumb Code     6  fadd.o(.text)
    __aeabi_frsub                            0x08000489   Thumb Code     6  fadd.o(.text)
    __aeabi_fmul                             0x0800048f   Thumb Code   100  fmul.o(.text)
    __aeabi_fdiv                             0x080004f3   Thumb Code   124  fdiv.o(.text)
    __aeabi_dadd                             0x0800056f   Thumb Code   322  dadd.o(.text)
    __aeabi_dsub                             0x080006b1   Thumb Code     6  dadd.o(.text)
    __aeabi_drsub                            0x080006b7   Thumb Code     6  dadd.o(.text)
    __aeabi_dmul                             0x080006bd   Thumb Code   228  dmul.o(.text)
    __aeabi_ddiv                             0x080007a1   Thumb Code   222  ddiv.o(.text)
    __aeabi_ui2f                             0x0800087f   Thumb Code    10  ffltui.o(.text)
    __aeabi_f2iz                             0x08000889   Thumb Code    50  ffixi.o(.text)
    __aeabi_uidiv                            0x080008bb   Thumb Code     0  uidiv.o(.text)
    __aeabi_uidivmod                         0x080008bb   Thumb Code    44  uidiv.o(.text)
    __aeabi_uldivmod                         0x080008e7   Thumb Code    98  uldiv.o(.text)
    __aeabi_llsl                             0x08000949   Thumb Code    30  llshl.o(.text)
    _ll_shift_l                              0x08000949   Thumb Code     0  llshl.o(.text)
    __aeabi_llsr                             0x08000967   Thumb Code    32  llushr.o(.text)
    _ll_ushift_r                             0x08000967   Thumb Code     0  llushr.o(.text)
    __aeabi_lasr                             0x08000987   Thumb Code    36  llsshr.o(.text)
    _ll_sshift_r                             0x08000987   Thumb Code     0  llsshr.o(.text)
    _chval                                   0x080009ab   Thumb Code    28  _chval.o(.text)
    __vfscanf_char                           0x080009d5   Thumb Code    20  scanf_char.o(.text)
    _sgetc                                   0x080009f1   Thumb Code    30  _sgetc.o(.text)
    _sbackspace                              0x08000a0f   Thumb Code    34  _sgetc.o(.text)
    strtol                                   0x08000a31   Thumb Code   112  strtol.o(.text)
    __I$use$fp                               0x08000aa1   Thumb Code     0  iusefp.o(.text)
    _float_round                             0x08000aa1   Thumb Code    18  fepilogue.o(.text)
    _float_epilogue                          0x08000ab3   Thumb Code    92  fepilogue.o(.text)
    _double_round                            0x08000b0f   Thumb Code    30  depilogue.o(.text)
    _double_epilogue                         0x08000b2d   Thumb Code   156  depilogue.o(.text)
    __aeabi_d2ulz                            0x08000bc9   Thumb Code    48  dfixul.o(.text)
    __aeabi_cdrcmple                         0x08000bf9   Thumb Code    48  cdrcmple.o(.text)
    __scatterload                            0x08000c29   Thumb Code    28  init.o(.text)
    __scatterload_rt2                        0x08000c29   Thumb Code     0  init.o(.text)
    __rt_ctype_table                         0x08000c4d   Thumb Code     4  ctype_o.o(.text)
    isspace                                  0x08000c55   Thumb Code    18  isspace_o.o(.text)
    __vfscanf                                0x08000c69   Thumb Code   808  _scanf.o(.text)
    _strtoul                                 0x08000f95   Thumb Code   158  _strtoul.o(.text)
    ADC_Cmd                                  0x08001033   Thumb Code    22  stm32f10x_adc.o(i.ADC_Cmd)
    ADC_DeInit                               0x08001049   Thumb Code    78  stm32f10x_adc.o(i.ADC_DeInit)
    ADC_GetCalibrationStatus                 0x080010a5   Thumb Code    20  stm32f10x_adc.o(i.ADC_GetCalibrationStatus)
    ADC_GetConversionValue                   0x080010b9   Thumb Code     8  stm32f10x_adc.o(i.ADC_GetConversionValue)
    ADC_GetFlagStatus                        0x080010c1   Thumb Code    18  stm32f10x_adc.o(i.ADC_GetFlagStatus)
    ADC_GetResetCalibrationStatus            0x080010d3   Thumb Code    20  stm32f10x_adc.o(i.ADC_GetResetCalibrationStatus)
    ADC_Init                                 0x080010e9   Thumb Code    70  stm32f10x_adc.o(i.ADC_Init)
    ADC_RegularChannelConfig                 0x08001139   Thumb Code   184  stm32f10x_adc.o(i.ADC_RegularChannelConfig)
    ADC_ResetCalibration                     0x080011f1   Thumb Code    10  stm32f10x_adc.o(i.ADC_ResetCalibration)
    ADC_SoftwareStartConvCmd                 0x080011fb   Thumb Code    22  stm32f10x_adc.o(i.ADC_SoftwareStartConvCmd)
    ADC_StartCalibration                     0x08001211   Thumb Code    10  stm32f10x_adc.o(i.ADC_StartCalibration)
    Adc3_Init                                0x0800121d   Thumb Code   120  adc.o(i.Adc3_Init)
    Adc_Soil_Init                            0x08001299   Thumb Code   140  adc.o(i.Adc_Soil_Init)
    BEEP_Init                                0x0800132d   Thumb Code    50  beep.o(i.BEEP_Init)
    BEEP_Off                                 0x08001365   Thumb Code    14  beep.o(i.BEEP_Off)
    BEEP_On                                  0x08001379   Thumb Code    14  beep.o(i.BEEP_On)
    BusFault_Handler                         0x0800138d   Thumb Code     2  stm32f10x_it.o(i.BusFault_Handler)
    CMDBuf_Deal                              0x08001391   Thumb Code    96  mqtt.o(i.CMDBuf_Deal)
    DHT11_Check                              0x080013fd   Thumb Code   102  dht11.o(i.DHT11_Check)
    DHT11_Init                               0x08001469   Thumb Code    46  dht11.o(i.DHT11_Init)
    DHT11_Read_Bit                           0x0800149d   Thumb Code    84  dht11.o(i.DHT11_Read_Bit)
    DHT11_Read_Byte                          0x080014f5   Thumb Code    30  dht11.o(i.DHT11_Read_Byte)
    DHT11_Read_Data                          0x08001513   Thumb Code    92  dht11.o(i.DHT11_Read_Data)
    DHT11_Rst                                0x08001571   Thumb Code    58  dht11.o(i.DHT11_Rst)
    DebugMon_Handler                         0x080015b1   Thumb Code     2  stm32f10x_it.o(i.DebugMon_Handler)
    DelayMs                                  0x080015b5   Thumb Code    72  delay.o(i.DelayMs)
    DelayUs                                  0x08001601   Thumb Code    72  delay.o(i.DelayUs)
    Delay_Init                               0x0800164d   Thumb Code    50  delay.o(i.Delay_Init)
    FLASH_ErasePage                          0x08001691   Thumb Code    72  stm32f10x_flash.o(i.FLASH_ErasePage)
    FLASH_GetBank1Status                     0x080016dd   Thumb Code    48  stm32f10x_flash.o(i.FLASH_GetBank1Status)
    FLASH_Lock                               0x08001711   Thumb Code    14  stm32f10x_flash.o(i.FLASH_Lock)
    FLASH_ProgramHalfWord                    0x08001725   Thumb Code    60  stm32f10x_flash.o(i.FLASH_ProgramHalfWord)
    FLASH_Unlock                             0x08001765   Thumb Code    12  stm32f10x_flash.o(i.FLASH_Unlock)
    FLASH_WaitForLastOperation               0x0800177d   Thumb Code    38  stm32f10x_flash.o(i.FLASH_WaitForLastOperation)
    GPIO_Init                                0x080017a3   Thumb Code   278  stm32f10x_gpio.o(i.GPIO_Init)
    GPIO_ReadInputDataBit                    0x080018b9   Thumb Code    18  stm32f10x_gpio.o(i.GPIO_ReadInputDataBit)
    GPIO_ResetBits                           0x080018cb   Thumb Code     4  stm32f10x_gpio.o(i.GPIO_ResetBits)
    GPIO_SetBits                             0x080018cf   Thumb Code     4  stm32f10x_gpio.o(i.GPIO_SetBits)
    GPIO_WriteBit                            0x080018d3   Thumb Code    10  stm32f10x_gpio.o(i.GPIO_WriteBit)
    Get_Adc3                                 0x080018dd   Thumb Code    46  adc.o(i.Get_Adc3)
    Get_Soil_Adc                             0x08001911   Thumb Code    46  adc.o(i.Get_Soil_Adc)
    Get_Soil_Adc_Average                     0x08001945   Thumb Code    92  adc.o(i.Get_Soil_Adc_Average)
    HardFault_Handler                        0x080019b1   Thumb Code     2  stm32f10x_it.o(i.HardFault_Handler)
    IIC_Start                                0x080019b5   Thumb Code    36  oled.o(i.IIC_Start)
    IIC_Stop                                 0x080019dd   Thumb Code    28  oled.o(i.IIC_Stop)
    IIC_Wait_Ack                             0x080019fd   Thumb Code    20  oled.o(i.IIC_Wait_Ack)
    IoT_Parameter_Init                       0x08001a15   Thumb Code   218  mqtt.o(i.IoT_Parameter_Init)
    LED_Init                                 0x08001b95   Thumb Code    46  led.o(i.LED_Init)
    LED_Off                                  0x08001bc9   Thumb Code    12  led.o(i.LED_Off)
    LED_On                                   0x08001bd9   Thumb Code    12  led.o(i.LED_On)
    Lsens_Get_Val                            0x08001be9   Thumb Code    60  lsens.o(i.Lsens_Get_Val)
    Lsens_Init                               0x08001c25   Thumb Code    38  lsens.o(i.Lsens_Init)
    MQTT_Buff_Init                           0x08001c51   Thumb Code    90  mqtt.o(i.MQTT_Buff_Init)
    MQTT_ConectPack                          0x08001d01   Thumb Code   496  mqtt.o(i.MQTT_ConectPack)
    MQTT_DealPushdata_Qs0                    0x08001f19   Thumb Code   234  mqtt.o(i.MQTT_DealPushdata_Qs0)
    MQTT_PingREQ                             0x08002021   Thumb Code    22  mqtt.o(i.MQTT_PingREQ)
    MQTT_PublishQs0                          0x0800203d   Thumb Code   220  mqtt.o(i.MQTT_PublishQs0)
    MQTT_Subscribe                           0x08002129   Thumb Code   134  mqtt.o(i.MQTT_Subscribe)
    MemManage_Handler                        0x080021c1   Thumb Code     2  stm32f10x_it.o(i.MemManage_Handler)
    Myatoi                                   0x080021c3   Thumb Code    36  control.o(i.Myatoi)
    NMI_Handler                              0x080021e7   Thumb Code     2  stm32f10x_it.o(i.NMI_Handler)
    NVIC_Init                                0x080021e9   Thumb Code   100  misc.o(i.NVIC_Init)
    NVIC_PriorityGroupConfig                 0x08002259   Thumb Code    10  misc.o(i.NVIC_PriorityGroupConfig)
    OLED_Clear                               0x0800226d   Thumb Code    62  oled.o(i.OLED_Clear)
    OLED_Init                                0x080022ad   Thumb Code   270  oled.o(i.OLED_Init)
    OLED_Set_Pos                             0x080023c1   Thumb Code    40  oled.o(i.OLED_Set_Pos)
    OLED_ShowChar                            0x080023e9   Thumb Code   154  oled.o(i.OLED_ShowChar)
    OLED_ShowNum                             0x0800248d   Thumb Code   136  oled.o(i.OLED_ShowNum)
    OLED_ShowString                          0x08002515   Thumb Code    58  oled.o(i.OLED_ShowString)
    OLED_WR_Byte                             0x0800254f   Thumb Code    24  oled.o(i.OLED_WR_Byte)
    PendSV_Handler                           0x08002567   Thumb Code     2  stm32f10x_it.o(i.PendSV_Handler)
    RCC_ADCCLKConfig                         0x08002569   Thumb Code    18  stm32f10x_rcc.o(i.RCC_ADCCLKConfig)
    RCC_APB1PeriphClockCmd                   0x08002581   Thumb Code    26  stm32f10x_rcc.o(i.RCC_APB1PeriphClockCmd)
    RCC_APB1PeriphResetCmd                   0x080025a1   Thumb Code    26  stm32f10x_rcc.o(i.RCC_APB1PeriphResetCmd)
    RCC_APB2PeriphClockCmd                   0x080025c1   Thumb Code    26  stm32f10x_rcc.o(i.RCC_APB2PeriphClockCmd)
    RCC_APB2PeriphResetCmd                   0x080025e1   Thumb Code    26  stm32f10x_rcc.o(i.RCC_APB2PeriphResetCmd)
    RCC_GetClocksFreq                        0x08002601   Thumb Code   192  stm32f10x_rcc.o(i.RCC_GetClocksFreq)
    Relay2_Init                              0x080026d5   Thumb Code    46  relay.o(i.Relay2_Init)
    Relay2_Off                               0x08002709   Thumb Code    12  relay.o(i.Relay2_Off)
    Relay2_On                                0x08002719   Thumb Code    12  relay.o(i.Relay2_On)
    Relay_Init                               0x08002729   Thumb Code    46  relay.o(i.Relay_Init)
    Relay_Off                                0x0800275d   Thumb Code    12  relay.o(i.Relay_Off)
    Relay_On                                 0x0800276d   Thumb Code    12  relay.o(i.Relay_On)
    STMFLASH_Read                            0x0800277d   Thumb Code    34  stmflash.o(i.STMFLASH_Read)
    STMFLASH_ReadHalfWord                    0x0800279f   Thumb Code     6  stmflash.o(i.STMFLASH_ReadHalfWord)
    STMFLASH_Write                           0x080027a5   Thumb Code   222  stmflash.o(i.STMFLASH_Write)
    STMFLASH_Write_NoCheck                   0x0800288d   Thumb Code    38  stmflash.o(i.STMFLASH_Write_NoCheck)
    SVC_Handler                              0x080028b3   Thumb Code     2  stm32f10x_it.o(i.SVC_Handler)
    Send_Data                                0x080028b5   Thumb Code    98  control.o(i.Send_Data)
    Send_Status                              0x08002939   Thumb Code   108  control.o(i.Send_Status)
    SysTick_CLKSourceConfig                  0x08002ab5   Thumb Code    40  misc.o(i.SysTick_CLKSourceConfig)
    SysTick_Handler                          0x08002add   Thumb Code     2  stm32f10x_it.o(i.SysTick_Handler)
    SystemInit                               0x08002ae1   Thumb Code    78  system_stm32f10x.o(i.SystemInit)
    TIM2_ENABLE_5S                           0x08002b41   Thumb Code   118  timer2.o(i.TIM2_ENABLE_5S)
    TIM2_IRQHandler                          0x08002bb9   Thumb Code   638  stm32f10x_it.o(i.TIM2_IRQHandler)
    TIM3_ENABLE_2S                           0x08002eb1   Thumb Code   116  timer3.o(i.TIM3_ENABLE_2S)
    TIM3_ENABLE_30S                          0x08002f29   Thumb Code   114  timer3.o(i.TIM3_ENABLE_30S)
    TIM3_IRQHandler                          0x08002fa1   Thumb Code    94  stm32f10x_it.o(i.TIM3_IRQHandler)
    TIM4_IRQHandler                          0x0800300d   Thumb Code   122  stm32f10x_it.o(i.TIM4_IRQHandler)
    TIM4_Init                                0x080030a5   Thumb Code   106  timer4.o(i.TIM4_Init)
    TIM5_IRQHandler                          0x08003115   Thumb Code    86  stm32f10x_it.o(i.TIM5_IRQHandler)
    TIM5_Init                                0x080031a9   Thumb Code   102  timer5.o(i.TIM5_Init)
    TIM_ClearITPendingBit                    0x08003215   Thumb Code     6  stm32f10x_tim.o(i.TIM_ClearITPendingBit)
    TIM_Cmd                                  0x0800321b   Thumb Code    24  stm32f10x_tim.o(i.TIM_Cmd)
    TIM_DeInit                               0x08003235   Thumb Code   424  stm32f10x_tim.o(i.TIM_DeInit)
    TIM_GetFlagStatus                        0x0800341d   Thumb Code    18  stm32f10x_tim.o(i.TIM_GetFlagStatus)
    TIM_GetITStatus                          0x0800342f   Thumb Code    34  stm32f10x_tim.o(i.TIM_GetITStatus)
    TIM_ITConfig                             0x08003451   Thumb Code    18  stm32f10x_tim.o(i.TIM_ITConfig)
    TIM_SetCounter                           0x08003463   Thumb Code     4  stm32f10x_tim.o(i.TIM_SetCounter)
    TIM_TimeBaseInit                         0x08003469   Thumb Code   122  stm32f10x_tim.o(i.TIM_TimeBaseInit)
    T_json                                   0x0800350d   Thumb Code    60  json.o(i.T_json)
    TxDataBuf_Deal                           0x08003585   Thumb Code    86  mqtt.o(i.TxDataBuf_Deal)
    USART2_IRQHandler                        0x080035e9   Thumb Code   104  stm32f10x_it.o(i.USART2_IRQHandler)
    USART_ClearFlag                          0x08003665   Thumb Code    18  stm32f10x_usart.o(i.USART_ClearFlag)
    USART_Cmd                                0x08003677   Thumb Code    24  stm32f10x_usart.o(i.USART_Cmd)
    USART_DeInit                             0x08003691   Thumb Code   134  stm32f10x_usart.o(i.USART_DeInit)
    USART_GetITStatus                        0x0800372d   Thumb Code    84  stm32f10x_usart.o(i.USART_GetITStatus)
    USART_ITConfig                           0x08003781   Thumb Code    74  stm32f10x_usart.o(i.USART_ITConfig)
    USART_Init                               0x080037cd   Thumb Code   210  stm32f10x_usart.o(i.USART_Init)
    UsageFault_Handler                       0x080038a5   Thumb Code     2  stm32f10x_it.o(i.UsageFault_Handler)
    Usart1_Init                              0x080038a9   Thumb Code   118  usart1.o(i.Usart1_Init)
    Usart2_Init                              0x08003929   Thumb Code   176  usart2.o(i.Usart2_Init)
    WiFi_Connect_IoTServer                   0x080039e1   Thumb Code   232  wifi.o(i.WiFi_Connect_IoTServer)
    WiFi_Connect_Server                      0x08003cd1   Thumb Code   190  wifi.o(i.WiFi_Connect_Server)
    WiFi_EnableIO_Init                       0x08003e25   Thumb Code    46  wifi.o(i.WiFi_EnableIO_Init)
    WiFi_JoinAP                              0x08003e59   Thumb Code    96  wifi.o(i.WiFi_JoinAP)
    WiFi_Reset                               0x08003f01   Thumb Code    88  wifi.o(i.WiFi_Reset)
    WiFi_ResetIO_Init                        0x08003f71   Thumb Code    48  wifi.o(i.WiFi_ResetIO_Init)
    WiFi_SendCmd                             0x08003fa5   Thumb Code    86  wifi.o(i.WiFi_SendCmd)
    Write_IIC_Byte                           0x08004019   Thumb Code    80  oled.o(i.Write_IIC_Byte)
    Write_IIC_Command                        0x0800406d   Thumb Code    44  oled.o(i.Write_IIC_Command)
    Write_IIC_Data                           0x08004099   Thumb Code    44  oled.o(i.Write_IIC_Data)
    __0sprintf$3                             0x080040c5   Thumb Code    34  printf3.o(i.__0sprintf$3)
    __1sprintf$3                             0x080040c5   Thumb Code     0  printf3.o(i.__0sprintf$3)
    __2sprintf                               0x080040c5   Thumb Code     0  printf3.o(i.__0sprintf$3)
    __0vsprintf                              0x080040ed   Thumb Code    30  printfa.o(i.__0vsprintf)
    __1vsprintf                              0x080040ed   Thumb Code     0  printfa.o(i.__0vsprintf)
    __2vsprintf                              0x080040ed   Thumb Code     0  printfa.o(i.__0vsprintf)
    __c89vsprintf                            0x080040ed   Thumb Code     0  printfa.o(i.__0vsprintf)
    vsprintf                                 0x080040ed   Thumb Code     0  printfa.o(i.__0vsprintf)
    __aeabi_errno_addr                       0x08004111   Thumb Code     4  errno.o(i.__aeabi_errno_addr)
    __rt_errno_addr                          0x08004111   Thumb Code     0  errno.o(i.__aeabi_errno_addr)
    __scatterload_copy                       0x08004119   Thumb Code    14  handlers.o(i.__scatterload_copy)
    __scatterload_null                       0x08004127   Thumb Code     2  handlers.o(i.__scatterload_null)
    __scatterload_zeroinit                   0x08004129   Thumb Code    14  handlers.o(i.__scatterload_zeroinit)
    main                                     0x08004bb9   Thumb Code  2370  main.o(i.main)
    oled_dispaly                             0x08005685   Thumb Code    64  oled.o(i.oled_dispaly)
    oled_pow                                 0x080056ed   Thumb Code    22  oled.o(i.oled_pow)
    u1_printf                                0x08005705   Thumb Code    84  usart1.o(i.u1_printf)
    u2_TxData                                0x08005761   Thumb Code    96  usart2.o(i.u2_TxData)
    u2_printf                                0x080057c9   Thumb Code    84  usart2.o(i.u2_printf)
    F6x8                                     0x08005824   Data         552  oled.o(.constdata)
    F8X16                                    0x08005a4c   Data        1520  oled.o(.constdata)
    __ctype_table                            0x0800603c   Data         129  ctype_o.o(.constdata)
    Region$$Table$$Base                      0x08006228   Number         0  anon$$obj.o(Region$$Table)
    Region$$Table$$Limit                     0x08006248   Number         0  anon$$obj.o(Region$$Table)
    Tem_val                                  0x20000000   Data           1  main.o(.data)
    Hum_val                                  0x20000001   Data           1  main.o(.data)
    Light_val                                0x20000002   Data           1  main.o(.data)
    Soil_val                                 0x20000003   Data           1  main.o(.data)
    LightFA                                  0x20000004   Data           4  main.o(.data)
    TemFA                                    0x20000008   Data           4  main.o(.data)
    HumFA                                    0x2000000c   Data           4  main.o(.data)
    SoilFA                                   0x20000010   Data           4  main.o(.data)
    tem_fa                                   0x20000014   Data           1  main.o(.data)
    soil_fa                                  0x20000015   Data           1  main.o(.data)
    hum_fa                                   0x20000016   Data           1  main.o(.data)
    light_fa                                 0x20000017   Data           1  main.o(.data)
    Flash_fa                                 0x20000018   Data           1  main.o(.data)
    Auto_ctro                                0x20000019   Data           1  main.o(.data)
    Air_flag                                 0x2000001a   Data           1  main.o(.data)
    Light_flag                               0x2000001b   Data           1  main.o(.data)
    cmdAuto_On                               0x2000001c   Data           4  main.o(.data)
    cmdAuto_Off                              0x20000020   Data           4  main.o(.data)
    cmdLED_On                                0x20000024   Data           4  main.o(.data)
    cmdLED_Off                               0x20000028   Data           4  main.o(.data)
    cmdBEEP_On                               0x2000002c   Data           4  main.o(.data)
    cmdBEEP_Off                              0x20000030   Data           4  main.o(.data)
    cmdRelay_On                              0x20000034   Data           4  main.o(.data)
    cmdRelay_Off                             0x20000038   Data           4  main.o(.data)
    cmdRelay2_On                             0x2000003c   Data           4  main.o(.data)
    cmdRelay2_Off                            0x20000040   Data           4  main.o(.data)
    ledFlag                                  0x20000044   Data           4  main.o(.data)
    beepFlag                                 0x20000048   Data           4  main.o(.data)
    relayFlag                                0x2000004c   Data           4  main.o(.data)
    relay2Flag                               0x20000050   Data           4  main.o(.data)
    auto_flag                                0x20000054   Data           4  main.o(.data)
    adcx                                     0x20000058   Data           1  main.o(.data)
    MQTT_RxDataInPtr                         0x20000060   Data           4  mqtt.o(.data)
    MQTT_RxDataOutPtr                        0x20000064   Data           4  mqtt.o(.data)
    MQTT_RxDataEndPtr                        0x20000068   Data           4  mqtt.o(.data)
    MQTT_TxDataInPtr                         0x2000006c   Data           4  mqtt.o(.data)
    MQTT_TxDataOutPtr                        0x20000070   Data           4  mqtt.o(.data)
    MQTT_TxDataEndPtr                        0x20000074   Data           4  mqtt.o(.data)
    MQTT_CMDInPtr                            0x20000078   Data           4  mqtt.o(.data)
    MQTT_CMDOutPtr                           0x2000007c   Data           4  mqtt.o(.data)
    MQTT_CMDEndPtr                           0x20000080   Data           4  mqtt.o(.data)
    ClientID_len                             0x20000084   Data           4  mqtt.o(.data)
    Username_len                             0x20000088   Data           4  mqtt.o(.data)
    Passward_len                             0x2000008c   Data           4  mqtt.o(.data)
    ServerPort                               0x20000090   Data           4  mqtt.o(.data)
    Fixed_len                                0x20000094   Data           4  mqtt.o(.data)
    Variable_len                             0x20000098   Data           4  mqtt.o(.data)
    Payload_len                              0x2000009c   Data           4  mqtt.o(.data)
    pingFlag                                 0x200000a0   Data           1  mqtt.o(.data)
    connectFlag                              0x200000a1   Data           1  mqtt.o(.data)
    connectPackFlag                          0x200000a2   Data           1  mqtt.o(.data)
    subcribePackFlag                         0x200000a3   Data           1  mqtt.o(.data)
    Usart2_RxCompleted                       0x200000a4   Data           1  usart2.o(.data)
    Usart2_RxCounter                         0x200000a8   Data           4  usart2.o(.data)
    wifi_mode                                0x200000ac   Data           1  wifi.o(.data)
    Soil_Temp                                0x200000b0   Data           4  adc.o(.data)
    SystemCoreClock                          0x200000b4   Data           4  system_stm32f10x.o(.data)
    AHBPrescTable                            0x200000b8   Data          16  system_stm32f10x.o(.data)
    Max_data_buf                             0x200000e4   Data          11  main.o(.bss)
    MQTT_RxDataBuf                           0x200000ef   Data        3000  mqtt.o(.bss)
    MQTT_TxDataBuf                           0x20000ca7   Data        3000  mqtt.o(.bss)
    MQTT_CMDBuf                              0x2000185f   Data        1500  mqtt.o(.bss)
    ClientID                                 0x20001e3b   Data         128  mqtt.o(.bss)
    Username                                 0x20001ebb   Data         128  mqtt.o(.bss)
    Passward                                 0x20001f3b   Data         128  mqtt.o(.bss)
    ServerIP                                 0x20001fbb   Data         128  mqtt.o(.bss)
    temp_buff                                0x2000203b   Data         300  mqtt.o(.bss)
    Buf                                      0x20002167   Data          20  mqtt.o(.bss)
    Maxbuf                                   0x2000217b   Data          11  stm32f10x_it.o(.bss)
    Usart1_TxBuff                            0x20002188   Data         256  usart1.o(.bss)
    Usart2_RxBuff                            0x20002288   Data        1024  usart2.o(.bss)
    USART2_TxBuff                            0x20002688   Data        1024  usart2.o(.bss)
    STMFLASH_BUF                             0x20002a88   Data        2048  stmflash.o(.bss)
    __initial_sp                             0x20003688   Data           0  startup_stm32f10x_hd.o(STACK)



==============================================================================

Memory Map of the image

  Image Entry point : 0x08000145

  Load Region LR_1 (Base: 0x08000000, Size: 0x0000632c, Max: 0xffffffff, ABSOLUTE)

    Execution Region ER_RO (Exec base: 0x08000000, Load base: 0x08000000, Size: 0x00006248, Max: 0xffffffff, ABSOLUTE)

    Exec Addr    Load Addr    Size         Type   Attr      Idx    E Section Name        Object

    0x08000000   0x08000000   0x00000130   Data   RO         1257    RESET               startup_stm32f10x_hd.o
    0x08000130   0x08000130   0x00000000   Code   RO         2854  * .ARM.Collect$$$$00000000  mc_w.l(entry.o)
    0x08000130   0x08000130   0x00000004   Code   RO         3170    .ARM.Collect$$$$00000001  mc_w.l(entry2.o)
    0x08000134   0x08000134   0x00000004   Code   RO         3173    .ARM.Collect$$$$00000004  mc_w.l(entry5.o)
    0x08000138   0x08000138   0x00000000   Code   RO         3175    .ARM.Collect$$$$00000008  mc_w.l(entry7b.o)
    0x08000138   0x08000138   0x00000000   Code   RO         3177    .ARM.Collect$$$$0000000A  mc_w.l(entry8b.o)
    0x08000138   0x08000138   0x00000008   Code   RO         3178    .ARM.Collect$$$$0000000B  mc_w.l(entry9a.o)
    0x08000140   0x08000140   0x00000000   Code   RO         3180    .ARM.Collect$$$$0000000D  mc_w.l(entry10a.o)
    0x08000140   0x08000140   0x00000000   Code   RO         3182    .ARM.Collect$$$$0000000F  mc_w.l(entry11a.o)
    0x08000140   0x08000140   0x00000004   Code   RO         3171    .ARM.Collect$$$$00002712  mc_w.l(entry2.o)
    0x08000144   0x08000144   0x00000024   Code   RO         1258  * .text               startup_stm32f10x_hd.o
    0x08000168   0x08000168   0x00000024   Code   RO         2857    .text               mc_w.l(memcpya.o)
    0x0800018c   0x0800018c   0x00000024   Code   RO         2859    .text               mc_w.l(memseta.o)
    0x080001b0   0x080001b0   0x00000024   Code   RO         2861    .text               mc_w.l(strstr.o)
    0x080001d4   0x080001d4   0x0000000e   Code   RO         2863    .text               mc_w.l(strlen.o)
    0x080001e2   0x080001e2   0x0000001a   Code   RO         2865    .text               mc_w.l(memcmp.o)
    0x080001fc   0x080001fc   0x00000044   Code   RO         2867    .text               mc_w.l(strtok.o)
    0x08000240   0x08000240   0x00000038   Code   RO         3136    .text               mc_w.l(__0sscanf.o)
    0x08000278   0x08000278   0x0000014c   Code   RO         3138    .text               mc_w.l(_scanf_int.o)
    0x080003c4   0x080003c4   0x0000001a   Code   RO         3140    .text               mc_w.l(atoi.o)
    0x080003de   0x080003de   0x000000b0   Code   RO         3142    .text               mf_w.l(fadd.o)
    0x0800048e   0x0800048e   0x00000064   Code   RO         3144    .text               mf_w.l(fmul.o)
    0x080004f2   0x080004f2   0x0000007c   Code   RO         3146    .text               mf_w.l(fdiv.o)
    0x0800056e   0x0800056e   0x0000014e   Code   RO         3148    .text               mf_w.l(dadd.o)
    0x080006bc   0x080006bc   0x000000e4   Code   RO         3150    .text               mf_w.l(dmul.o)
    0x080007a0   0x080007a0   0x000000de   Code   RO         3152    .text               mf_w.l(ddiv.o)
    0x0800087e   0x0800087e   0x0000000a   Code   RO         3154    .text               mf_w.l(ffltui.o)
    0x08000888   0x08000888   0x00000032   Code   RO         3158    .text               mf_w.l(ffixi.o)
    0x080008ba   0x080008ba   0x0000002c   Code   RO         3184    .text               mc_w.l(uidiv.o)
    0x080008e6   0x080008e6   0x00000062   Code   RO         3186    .text               mc_w.l(uldiv.o)
    0x08000948   0x08000948   0x0000001e   Code   RO         3188    .text               mc_w.l(llshl.o)
    0x08000966   0x08000966   0x00000020   Code   RO         3190    .text               mc_w.l(llushr.o)
    0x08000986   0x08000986   0x00000024   Code   RO         3192    .text               mc_w.l(llsshr.o)
    0x080009aa   0x080009aa   0x0000001c   Code   RO         3201    .text               mc_w.l(_chval.o)
    0x080009c6   0x080009c6   0x00000002   PAD
    0x080009c8   0x080009c8   0x00000028   Code   RO         3203    .text               mc_w.l(scanf_char.o)
    0x080009f0   0x080009f0   0x00000040   Code   RO         3205    .text               mc_w.l(_sgetc.o)
    0x08000a30   0x08000a30   0x00000070   Code   RO         3207    .text               mc_w.l(strtol.o)
    0x08000aa0   0x08000aa0   0x00000000   Code   RO         3209    .text               mc_w.l(iusefp.o)
    0x08000aa0   0x08000aa0   0x0000006e   Code   RO         3210    .text               mf_w.l(fepilogue.o)
    0x08000b0e   0x08000b0e   0x000000ba   Code   RO         3212    .text               mf_w.l(depilogue.o)
    0x08000bc8   0x08000bc8   0x00000030   Code   RO         3214    .text               mf_w.l(dfixul.o)
    0x08000bf8   0x08000bf8   0x00000030   Code   RO         3216    .text               mf_w.l(cdrcmple.o)
    0x08000c28   0x08000c28   0x00000024   Code   RO         3218    .text               mc_w.l(init.o)
    0x08000c4c   0x08000c4c   0x00000008   Code   RO         3222    .text               mc_w.l(ctype_o.o)
    0x08000c54   0x08000c54   0x00000012   Code   RO         3244    .text               mc_w.l(isspace_o.o)
    0x08000c66   0x08000c66   0x00000002   PAD
    0x08000c68   0x08000c68   0x0000032c   Code   RO         3250    .text               mc_w.l(_scanf.o)
    0x08000f94   0x08000f94   0x0000009e   Code   RO         3252    .text               mc_w.l(_strtoul.o)
    0x08001032   0x08001032   0x00000016   Code   RO         2424    i.ADC_Cmd           stm32f10x_adc.o
    0x08001048   0x08001048   0x0000005c   Code   RO         2426    i.ADC_DeInit        stm32f10x_adc.o
    0x080010a4   0x080010a4   0x00000014   Code   RO         2432    i.ADC_GetCalibrationStatus  stm32f10x_adc.o
    0x080010b8   0x080010b8   0x00000008   Code   RO         2433    i.ADC_GetConversionValue  stm32f10x_adc.o
    0x080010c0   0x080010c0   0x00000012   Code   RO         2435    i.ADC_GetFlagStatus  stm32f10x_adc.o
    0x080010d2   0x080010d2   0x00000014   Code   RO         2438    i.ADC_GetResetCalibrationStatus  stm32f10x_adc.o
    0x080010e6   0x080010e6   0x00000002   PAD
    0x080010e8   0x080010e8   0x00000050   Code   RO         2442    i.ADC_Init          stm32f10x_adc.o
    0x08001138   0x08001138   0x000000b8   Code   RO         2446    i.ADC_RegularChannelConfig  stm32f10x_adc.o
    0x080011f0   0x080011f0   0x0000000a   Code   RO         2447    i.ADC_ResetCalibration  stm32f10x_adc.o
    0x080011fa   0x080011fa   0x00000016   Code   RO         2449    i.ADC_SoftwareStartConvCmd  stm32f10x_adc.o
    0x08001210   0x08001210   0x0000000a   Code   RO         2451    i.ADC_StartCalibration  stm32f10x_adc.o
    0x0800121a   0x0800121a   0x00000002   PAD
    0x0800121c   0x0800121c   0x0000007c   Code   RO          864    i.Adc3_Init         adc.o
    0x08001298   0x08001298   0x00000094   Code   RO          865    i.Adc_Soil_Init     adc.o
    0x0800132c   0x0800132c   0x00000038   Code   RO          951    i.BEEP_Init         beep.o
    0x08001364   0x08001364   0x00000014   Code   RO          952    i.BEEP_Off          beep.o
    0x08001378   0x08001378   0x00000014   Code   RO          953    i.BEEP_On           beep.o
    0x0800138c   0x0800138c   0x00000002   Code   RO          436    i.BusFault_Handler  stm32f10x_it.o
    0x0800138e   0x0800138e   0x00000002   PAD
    0x08001390   0x08001390   0x0000006c   Code   RO          355    i.CMDBuf_Deal       mqtt.o
    0x080013fc   0x080013fc   0x0000006c   Code   RO          727    i.DHT11_Check       dht11.o
    0x08001468   0x08001468   0x00000034   Code   RO          728    i.DHT11_Init        dht11.o
    0x0800149c   0x0800149c   0x00000058   Code   RO          729    i.DHT11_Read_Bit    dht11.o
    0x080014f4   0x080014f4   0x0000001e   Code   RO          730    i.DHT11_Read_Byte   dht11.o
    0x08001512   0x08001512   0x0000005c   Code   RO          731    i.DHT11_Read_Data   dht11.o
    0x0800156e   0x0800156e   0x00000002   PAD
    0x08001570   0x08001570   0x00000040   Code   RO          732    i.DHT11_Rst         dht11.o
    0x080015b0   0x080015b0   0x00000002   Code   RO          437    i.DebugMon_Handler  stm32f10x_it.o
    0x080015b2   0x080015b2   0x00000002   PAD
    0x080015b4   0x080015b4   0x0000004c   Code   RO          305    i.DelayMs           delay.o
    0x08001600   0x08001600   0x0000004c   Code   RO          306    i.DelayUs           delay.o
    0x0800164c   0x0800164c   0x00000044   Code   RO          307    i.Delay_Init        delay.o
    0x08001690   0x08001690   0x0000004c   Code   RO         2645    i.FLASH_ErasePage   stm32f10x_flash.o
    0x080016dc   0x080016dc   0x00000034   Code   RO         2646    i.FLASH_GetBank1Status  stm32f10x_flash.o
    0x08001710   0x08001710   0x00000014   Code   RO         2655    i.FLASH_Lock        stm32f10x_flash.o
    0x08001724   0x08001724   0x00000040   Code   RO         2658    i.FLASH_ProgramHalfWord  stm32f10x_flash.o
    0x08001764   0x08001764   0x00000018   Code   RO         2663    i.FLASH_Unlock      stm32f10x_flash.o
    0x0800177c   0x0800177c   0x00000026   Code   RO         2667    i.FLASH_WaitForLastOperation  stm32f10x_flash.o
    0x080017a2   0x080017a2   0x00000116   Code   RO         2232    i.GPIO_Init         stm32f10x_gpio.o
    0x080018b8   0x080018b8   0x00000012   Code   RO         2236    i.GPIO_ReadInputDataBit  stm32f10x_gpio.o
    0x080018ca   0x080018ca   0x00000004   Code   RO         2239    i.GPIO_ResetBits    stm32f10x_gpio.o
    0x080018ce   0x080018ce   0x00000004   Code   RO         2240    i.GPIO_SetBits      stm32f10x_gpio.o
    0x080018d2   0x080018d2   0x0000000a   Code   RO         2243    i.GPIO_WriteBit     stm32f10x_gpio.o
    0x080018dc   0x080018dc   0x00000034   Code   RO          869    i.Get_Adc3          adc.o
    0x08001910   0x08001910   0x00000034   Code   RO          870    i.Get_Soil_Adc      adc.o
    0x08001944   0x08001944   0x0000006c   Code   RO          871    i.Get_Soil_Adc_Average  adc.o
    0x080019b0   0x080019b0   0x00000002   Code   RO          438    i.HardFault_Handler  stm32f10x_it.o
    0x080019b2   0x080019b2   0x00000002   PAD
    0x080019b4   0x080019b4   0x00000028   Code   RO         1058    i.IIC_Start         oled.o
    0x080019dc   0x080019dc   0x00000020   Code   RO         1059    i.IIC_Stop          oled.o
    0x080019fc   0x080019fc   0x00000018   Code   RO         1060    i.IIC_Wait_Ack      oled.o
    0x08001a14   0x08001a14   0x00000180   Code   RO          356    i.IoT_Parameter_Init  mqtt.o
    0x08001b94   0x08001b94   0x00000034   Code   RO          331    i.LED_Init          led.o
    0x08001bc8   0x08001bc8   0x00000010   Code   RO          332    i.LED_Off           led.o
    0x08001bd8   0x08001bd8   0x00000010   Code   RO          333    i.LED_On            led.o
    0x08001be8   0x08001be8   0x0000003c   Code   RO          846    i.Lsens_Get_Val     lsens.o
    0x08001c24   0x08001c24   0x0000002c   Code   RO          847    i.Lsens_Init        lsens.o
    0x08001c50   0x08001c50   0x000000b0   Code   RO          357    i.MQTT_Buff_Init    mqtt.o
    0x08001d00   0x08001d00   0x00000218   Code   RO          358    i.MQTT_ConectPack   mqtt.o
    0x08001f18   0x08001f18   0x00000108   Code   RO          359    i.MQTT_DealPushdata_Qs0  mqtt.o
    0x08002020   0x08002020   0x0000001c   Code   RO          360    i.MQTT_PingREQ      mqtt.o
    0x0800203c   0x0800203c   0x000000ec   Code   RO          361    i.MQTT_PublishQs0   mqtt.o
    0x08002128   0x08002128   0x00000098   Code   RO          362    i.MQTT_Subscribe    mqtt.o
    0x080021c0   0x080021c0   0x00000002   Code   RO          439    i.MemManage_Handler  stm32f10x_it.o
    0x080021c2   0x080021c2   0x00000024   Code   RO          266    i.Myatoi            control.o
    0x080021e6   0x080021e6   0x00000002   Code   RO          440    i.NMI_Handler       stm32f10x_it.o
    0x080021e8   0x080021e8   0x00000070   Code   RO         1262    i.NVIC_Init         misc.o
    0x08002258   0x08002258   0x00000014   Code   RO         1263    i.NVIC_PriorityGroupConfig  misc.o
    0x0800226c   0x0800226c   0x0000003e   Code   RO         1061    i.OLED_Clear        oled.o
    0x080022aa   0x080022aa   0x00000002   PAD
    0x080022ac   0x080022ac   0x00000114   Code   RO         1065    i.OLED_Init         oled.o
    0x080023c0   0x080023c0   0x00000028   Code   RO         1067    i.OLED_Set_Pos      oled.o
    0x080023e8   0x080023e8   0x000000a4   Code   RO         1069    i.OLED_ShowChar     oled.o
    0x0800248c   0x0800248c   0x00000088   Code   RO         1070    i.OLED_ShowNum      oled.o
    0x08002514   0x08002514   0x0000003a   Code   RO         1071    i.OLED_ShowString   oled.o
    0x0800254e   0x0800254e   0x00000018   Code   RO         1072    i.OLED_WR_Byte      oled.o
    0x08002566   0x08002566   0x00000002   Code   RO          441    i.PendSV_Handler    stm32f10x_it.o
    0x08002568   0x08002568   0x00000018   Code   RO         1298    i.RCC_ADCCLKConfig  stm32f10x_rcc.o
    0x08002580   0x08002580   0x00000020   Code   RO         1300    i.RCC_APB1PeriphClockCmd  stm32f10x_rcc.o
    0x080025a0   0x080025a0   0x00000020   Code   RO         1301    i.RCC_APB1PeriphResetCmd  stm32f10x_rcc.o
    0x080025c0   0x080025c0   0x00000020   Code   RO         1302    i.RCC_APB2PeriphClockCmd  stm32f10x_rcc.o
    0x080025e0   0x080025e0   0x00000020   Code   RO         1303    i.RCC_APB2PeriphResetCmd  stm32f10x_rcc.o
    0x08002600   0x08002600   0x000000d4   Code   RO         1310    i.RCC_GetClocksFreq  stm32f10x_rcc.o
    0x080026d4   0x080026d4   0x00000034   Code   RO          975    i.Relay2_Init       relay.o
    0x08002708   0x08002708   0x00000010   Code   RO          976    i.Relay2_Off        relay.o
    0x08002718   0x08002718   0x00000010   Code   RO          977    i.Relay2_On         relay.o
    0x08002728   0x08002728   0x00000034   Code   RO          978    i.Relay_Init        relay.o
    0x0800275c   0x0800275c   0x00000010   Code   RO          979    i.Relay_Off         relay.o
    0x0800276c   0x0800276c   0x00000010   Code   RO          980    i.Relay_On          relay.o
    0x0800277c   0x0800277c   0x00000022   Code   RO         1017    i.STMFLASH_Read     stmflash.o
    0x0800279e   0x0800279e   0x00000006   Code   RO         1018    i.STMFLASH_ReadHalfWord  stmflash.o
    0x080027a4   0x080027a4   0x000000e8   Code   RO         1019    i.STMFLASH_Write    stmflash.o
    0x0800288c   0x0800288c   0x00000026   Code   RO         1020    i.STMFLASH_Write_NoCheck  stmflash.o
    0x080028b2   0x080028b2   0x00000002   Code   RO          442    i.SVC_Handler       stm32f10x_it.o
    0x080028b4   0x080028b4   0x00000084   Code   RO          267    i.Send_Data         control.o
    0x08002938   0x08002938   0x00000094   Code   RO          268    i.Send_Status       control.o
    0x080029cc   0x080029cc   0x00000008   Code   RO         1221    i.SetSysClock       system_stm32f10x.o
    0x080029d4   0x080029d4   0x000000e0   Code   RO         1222    i.SetSysClockTo72   system_stm32f10x.o
    0x08002ab4   0x08002ab4   0x00000028   Code   RO         1266    i.SysTick_CLKSourceConfig  misc.o
    0x08002adc   0x08002adc   0x00000002   Code   RO          443    i.SysTick_Handler   stm32f10x_it.o
    0x08002ade   0x08002ade   0x00000002   PAD
    0x08002ae0   0x08002ae0   0x00000060   Code   RO         1224    i.SystemInit        system_stm32f10x.o
    0x08002b40   0x08002b40   0x00000076   Code   RO          537    i.TIM2_ENABLE_5S    timer2.o
    0x08002bb6   0x08002bb6   0x00000002   PAD
    0x08002bb8   0x08002bb8   0x000002f8   Code   RO          444    i.TIM2_IRQHandler   stm32f10x_it.o
    0x08002eb0   0x08002eb0   0x00000078   Code   RO          549    i.TIM3_ENABLE_2S    timer3.o
    0x08002f28   0x08002f28   0x00000078   Code   RO          550    i.TIM3_ENABLE_30S   timer3.o
    0x08002fa0   0x08002fa0   0x0000006c   Code   RO          445    i.TIM3_IRQHandler   stm32f10x_it.o
    0x0800300c   0x0800300c   0x00000098   Code   RO          446    i.TIM4_IRQHandler   stm32f10x_it.o
    0x080030a4   0x080030a4   0x00000070   Code   RO          567    i.TIM4_Init         timer4.o
    0x08003114   0x08003114   0x00000094   Code   RO          447    i.TIM5_IRQHandler   stm32f10x_it.o
    0x080031a8   0x080031a8   0x0000006c   Code   RO          831    i.TIM5_Init         timer5.o
    0x08003214   0x08003214   0x00000006   Code   RO         1509    i.TIM_ClearITPendingBit  stm32f10x_tim.o
    0x0800321a   0x0800321a   0x00000018   Code   RO         1514    i.TIM_Cmd           stm32f10x_tim.o
    0x08003232   0x08003232   0x00000002   PAD
    0x08003234   0x08003234   0x000001e8   Code   RO         1519    i.TIM_DeInit        stm32f10x_tim.o
    0x0800341c   0x0800341c   0x00000012   Code   RO         1534    i.TIM_GetFlagStatus  stm32f10x_tim.o
    0x0800342e   0x0800342e   0x00000022   Code   RO         1535    i.TIM_GetITStatus   stm32f10x_tim.o
    0x08003450   0x08003450   0x00000012   Code   RO         1539    i.TIM_ITConfig      stm32f10x_tim.o
    0x08003462   0x08003462   0x00000004   Code   RO         1579    i.TIM_SetCounter    stm32f10x_tim.o
    0x08003466   0x08003466   0x00000002   PAD
    0x08003468   0x08003468   0x000000a4   Code   RO         1585    i.TIM_TimeBaseInit  stm32f10x_tim.o
    0x0800350c   0x0800350c   0x00000078   Code   RO         2842    i.T_json            json.o
    0x08003584   0x08003584   0x00000064   Code   RO          363    i.TxDataBuf_Deal    mqtt.o
    0x080035e8   0x080035e8   0x0000007c   Code   RO          448    i.USART2_IRQHandler  stm32f10x_it.o
    0x08003664   0x08003664   0x00000012   Code   RO         2046    i.USART_ClearFlag   stm32f10x_usart.o
    0x08003676   0x08003676   0x00000018   Code   RO         2050    i.USART_Cmd         stm32f10x_usart.o
    0x0800368e   0x0800368e   0x00000002   PAD
    0x08003690   0x08003690   0x0000009c   Code   RO         2052    i.USART_DeInit      stm32f10x_usart.o
    0x0800372c   0x0800372c   0x00000054   Code   RO         2054    i.USART_GetITStatus  stm32f10x_usart.o
    0x08003780   0x08003780   0x0000004a   Code   RO         2056    i.USART_ITConfig    stm32f10x_usart.o
    0x080037ca   0x080037ca   0x00000002   PAD
    0x080037cc   0x080037cc   0x000000d8   Code   RO         2057    i.USART_Init        stm32f10x_usart.o
    0x080038a4   0x080038a4   0x00000002   Code   RO          449    i.UsageFault_Handler  stm32f10x_it.o
    0x080038a6   0x080038a6   0x00000002   PAD
    0x080038a8   0x080038a8   0x00000080   Code   RO          582    i.Usart1_Init       usart1.o
    0x08003928   0x08003928   0x000000b8   Code   RO          623    i.Usart2_Init       usart2.o
    0x080039e0   0x080039e0   0x000002f0   Code   RO          658    i.WiFi_Connect_IoTServer  wifi.o
    0x08003cd0   0x08003cd0   0x00000154   Code   RO          659    i.WiFi_Connect_Server  wifi.o
    0x08003e24   0x08003e24   0x00000034   Code   RO          660    i.WiFi_EnableIO_Init  wifi.o
    0x08003e58   0x08003e58   0x000000a8   Code   RO          661    i.WiFi_JoinAP       wifi.o
    0x08003f00   0x08003f00   0x00000070   Code   RO          662    i.WiFi_Reset        wifi.o
    0x08003f70   0x08003f70   0x00000034   Code   RO          663    i.WiFi_ResetIO_Init  wifi.o
    0x08003fa4   0x08003fa4   0x00000074   Code   RO          664    i.WiFi_SendCmd      wifi.o
    0x08004018   0x08004018   0x00000054   Code   RO         1073    i.Write_IIC_Byte    oled.o
    0x0800406c   0x0800406c   0x0000002c   Code   RO         1074    i.Write_IIC_Command  oled.o
    0x08004098   0x08004098   0x0000002c   Code   RO         1075    i.Write_IIC_Data    oled.o
    0x080040c4   0x080040c4   0x00000028   Code   RO         2966    i.__0sprintf$3      mc_w.l(printf3.o)
    0x080040ec   0x080040ec   0x00000024   Code   RO         3114    i.__0vsprintf       mc_w.l(printfa.o)
    0x08004110   0x08004110   0x00000008   Code   RO         3194    i.__aeabi_errno_addr  mc_w.l(errno.o)
    0x08004118   0x08004118   0x0000000e   Code   RO         3259    i.__scatterload_copy  mc_w.l(handlers.o)
    0x08004126   0x08004126   0x00000002   Code   RO         3260    i.__scatterload_null  mc_w.l(handlers.o)
    0x08004128   0x08004128   0x0000000e   Code   RO         3261    i.__scatterload_zeroinit  mc_w.l(handlers.o)
    0x08004136   0x08004136   0x00000002   PAD
    0x08004138   0x08004138   0x00000184   Code   RO         3115    i._fp_digits        mc_w.l(printfa.o)
    0x080042bc   0x080042bc   0x000001b8   Code   RO         2971    i._printf_core      mc_w.l(printf3.o)
    0x08004474   0x08004474   0x000006dc   Code   RO         3116    i._printf_core      mc_w.l(printfa.o)
    0x08004b50   0x08004b50   0x00000024   Code   RO         3117    i._printf_post_padding  mc_w.l(printfa.o)
    0x08004b74   0x08004b74   0x0000002e   Code   RO         3118    i._printf_pre_padding  mc_w.l(printfa.o)
    0x08004ba2   0x08004ba2   0x0000000a   Code   RO         2973    i._sputc            mc_w.l(printf3.o)
    0x08004bac   0x08004bac   0x0000000a   Code   RO         3120    i._sputc            mc_w.l(printfa.o)
    0x08004bb6   0x08004bb6   0x00000002   PAD
    0x08004bb8   0x08004bb8   0x00000acc   Code   RO            1    i.main              main.o
    0x08005684   0x08005684   0x00000068   Code   RO         1077    i.oled_dispaly      oled.o
    0x080056ec   0x080056ec   0x00000016   Code   RO         1078    i.oled_pow          oled.o
    0x08005702   0x08005702   0x00000002   PAD
    0x08005704   0x08005704   0x0000005c   Code   RO          585    i.u1_printf         usart1.o
    0x08005760   0x08005760   0x00000068   Code   RO          624    i.u2_TxData         usart2.o
    0x080057c8   0x080057c8   0x0000005c   Code   RO          625    i.u2_printf         usart2.o
    0x08005824   0x08005824   0x00000818   Data   RO         1079    .constdata          oled.o
    0x0800603c   0x0800603c   0x00000081   Data   RO         3223    .constdata          mc_w.l(ctype_o.o)
    0x080060bd   0x080060bd   0x00000003   PAD
    0x080060c0   0x080060c0   0x00000004   Data   RO         3224    .constdata          mc_w.l(ctype_o.o)
    0x080060c4   0x080060c4   0x00000084   Data   RO            3    .conststring        main.o
    0x08006148   0x08006148   0x0000008f   Data   RO          270    .conststring        control.o
    0x080061d7   0x080061d7   0x00000001   PAD
    0x080061d8   0x080061d8   0x0000004e   Data   RO          451    .conststring        stm32f10x_it.o
    0x08006226   0x08006226   0x00000002   PAD
    0x08006228   0x08006228   0x00000020   Data   RO         3257    Region$$Table       anon$$obj.o


    Execution Region ER_RW (Exec base: 0x20000000, Load base: 0x08006248, Size: 0x000000e4, Max: 0xffffffff, ABSOLUTE)

    Exec Addr    Load Addr    Size         Type   Attr      Idx    E Section Name        Object

    0x20000000   0x08006248   0x00000059   Data   RW            4    .data               main.o
    0x20000059   0x080062a1   0x00000001   PAD
    0x2000005a   0x080062a2   0x00000004   Data   RW          308    .data               delay.o
    0x2000005e   0x080062a6   0x00000002   PAD
    0x20000060   0x080062a8   0x00000044   Data   RW          365    .data               mqtt.o
    0x200000a4   0x080062ec   0x00000008   Data   RW          627    .data               usart2.o
    0x200000ac   0x080062f4   0x00000001   Data   RW          667    .data               wifi.o
    0x200000ad   0x080062f5   0x00000003   PAD
    0x200000b0   0x080062f8   0x00000004   Data   RW          877    .data               adc.o
    0x200000b4   0x080062fc   0x00000014   Data   RW         1225    .data               system_stm32f10x.o
    0x200000c8   0x08006310   0x00000014   Data   RW         1330    .data               stm32f10x_rcc.o
    0x200000dc   0x08006324   0x00000004   Data   RW         2868    .data               mc_w.l(strtok.o)
    0x200000e0   0x08006328   0x00000004   Data   RW         3197    .data               mc_w.l(errno.o)


    Execution Region ER_ZI (Exec base: 0x200000e4, Load base: 0x0800632c, Size: 0x000035a4, Max: 0xffffffff, ABSOLUTE)

    Exec Addr    Load Addr    Size         Type   Attr      Idx    E Section Name        Object

    0x200000e4        -       0x0000000b   Zero   RW            2    .bss                main.o
    0x200000ef        -       0x0000208c   Zero   RW          364    .bss                mqtt.o
    0x2000217b        -       0x0000000b   Zero   RW          450    .bss                stm32f10x_it.o
    0x20002186   0x0800632c   0x00000002   PAD
    0x20002188        -       0x00000100   Zero   RW          586    .bss                usart1.o
    0x20002288        -       0x00000800   Zero   RW          626    .bss                usart2.o
    0x20002a88        -       0x00000800   Zero   RW         1022    .bss                stmflash.o
    0x20003288        -       0x00000400   Zero   RW         1255    STACK               startup_stm32f10x_hd.o


==============================================================================

Image component sizes


      Code (inc. data)   RO Data    RW Data    ZI Data      Debug   Object Name

       484         40          0          4          0       3133   adc.o
        96         18          0          0          0       1345   beep.o
       316         74        143          0          0       1799   control.o
         0          0          0          0          0         32   core_cm3.o
       220         26          0          4          0       1665   delay.o
       434         22          0          0          0       3432   dht11.o
       120         60          0          0          0        709   json.o
        84         14          0          0          0       1338   led.o
       104          6          0          0          0       1033   lsens.o
      2764       1108        132         89         11     271390   main.o
       172         22          0          0          0       1933   misc.o
      1984        388          0         68       8332       7656   mqtt.o
      1154         72       2072          0          0       9667   oled.o
       168         28          0          0          0       2715   relay.o
        36          8        304          0       1024        784   startup_stm32f10x_hd.o
       486         24          0          0          0       8246   stm32f10x_adc.o
       274         30          0          0          0       3258   stm32f10x_flash.o
       314          0          0          0          0       4052   stm32f10x_gpio.o
      1310        254         78          0         11       8273   stm32f10x_it.o
       364         50          0         20          0       5911   stm32f10x_rcc.o
       756        106          0          0          0       5220   stm32f10x_tim.o
       572         28          0          0          0       5403   stm32f10x_usart.o
       310         10          0          0       2048       3413   stmflash.o
       328         28          0         20          0       2117   system_stm32f10x.o
       118          0          0          0          0        569   timer2.o
       240         10          0          0          0       1139   timer3.o
       112          6          0          0          0        668   timer4.o
       108          6          0          0          0        668   timer5.o
       220         18          0          0        256       3670   usart1.o
       380         24          0          8       2048       2676   usart2.o
      1592        806          0          1          0       4502   wifi.o

    ----------------------------------------------------------------------
     15650       3286       2764        220      13732     368416   Object Totals
         0          0         32          0          0          0   (incl. Generated)
        30          0          3          6          2          0   (incl. Padding)

    ----------------------------------------------------------------------

      Code (inc. data)   RO Data    RW Data    ZI Data      Debug   Library Member Name

        56          8          0          0          0         84   __0sscanf.o
        28          0          0          0          0         68   _chval.o
       812          4          0          0          0        112   _scanf.o
       332          0          0          0          0         96   _scanf_int.o
        64          0          0          0          0         84   _sgetc.o
       158          0          0          0          0         92   _strtoul.o
        26          0          0          0          0         80   atoi.o
         8          4        133          0          0         68   ctype_o.o
         0          0          0          0          0          0   entry.o
         0          0          0          0          0          0   entry10a.o
         0          0          0          0          0          0   entry11a.o
         8          4          0          0          0          0   entry2.o
         4          0          0          0          0          0   entry5.o
         0          0          0          0          0          0   entry7b.o
         0          0          0          0          0          0   entry8b.o
         8          4          0          0          0          0   entry9a.o
         8          4          0          4          0         68   errno.o
        30          0          0          0          0          0   handlers.o
        36          8          0          0          0         68   init.o
        18          0          0          0          0         76   isspace_o.o
         0          0          0          0          0          0   iusefp.o
        30          0          0          0          0         68   llshl.o
        36          0          0          0          0         68   llsshr.o
        32          0          0          0          0         68   llushr.o
        26          0          0          0          0         80   memcmp.o
        36          0          0          0          0         68   memcpya.o
        36          0          0          0          0        108   memseta.o
       490         10          0          0          0        252   printf3.o
      2272         86          0          0          0        516   printfa.o
        40          8          0          0          0         84   scanf_char.o
        14          0          0          0          0         68   strlen.o
        36          0          0          0          0         80   strstr.o
        68          6          0          4          0         80   strtok.o
       112          0          0          0          0         88   strtol.o
        44          0          0          0          0         80   uidiv.o
        98          0          0          0          0         92   uldiv.o
        48          0          0          0          0         68   cdrcmple.o
       334          0          0          0          0        148   dadd.o
       222          0          0          0          0        100   ddiv.o
       186          0          0          0          0        176   depilogue.o
        48          0          0          0          0         68   dfixul.o
       228          0          0          0          0         96   dmul.o
       176          0          0          0          0        140   fadd.o
       124          0          0          0          0         88   fdiv.o
       110          0          0          0          0        168   fepilogue.o
        50          0          0          0          0         68   ffixi.o
        10          0          0          0          0         68   ffltui.o
       100          0          0          0          0         76   fmul.o

    ----------------------------------------------------------------------
      6610        146        136          8          0       3960   Library Totals
         8          0          3          0          0          0   (incl. Padding)

    ----------------------------------------------------------------------

      Code (inc. data)   RO Data    RW Data    ZI Data      Debug   Library Name

      4966        146        133          8          0       2696   mc_w.l
      1636          0          0          0          0       1264   mf_w.l

    ----------------------------------------------------------------------
      6610        146        136          8          0       3960   Library Totals

    ----------------------------------------------------------------------

==============================================================================


      Code (inc. data)   RO Data    RW Data    ZI Data      Debug   

     22260       3432       2900        228      13732     363272   Grand Totals
     22260       3432       2900        228      13732     363272   ELF Image Totals
     22260       3432       2900        228          0          0   ROM Totals

==============================================================================

    Total RO  Size (Code + RO Data)                25160 (  24.57kB)
    Total RW  Size (RW Data + ZI Data)             13960 (  13.63kB)
    Total ROM Size (Code + RO Data + RW Data)      25388 (  24.79kB)

==============================================================================

